Component: ARM Compiler 5.06 update 6 (build 750) Tool: armlink [4d35ed]

==============================================================================

Section Cross References

    main.o(i.CheckRetCode) refers to _printf_percent.o(.ARM.Collect$$_printf_percent$$00000000) for _printf_percent
    main.o(i.CheckRetCode) refers to _printf_d.o(.ARM.Collect$$_printf_percent$$00000009) for _printf_d
    main.o(i.CheckRetCode) refers to _printf_dec.o(.text) for _printf_int_dec
    main.o(i.CheckRetCode) refers to _printf_s.o(.ARM.Collect$$_printf_percent$$00000014) for _printf_s
    main.o(i.CheckRetCode) refers to _printf_str.o(.text) for _printf_str
    main.o(i.CheckRetCode) refers to noretval__2printf.o(.text) for __2printf
    main.o(i.DebugFrame) refers to putc.o(.text) for putc
    main.o(i.DebugFrame) refers to stdio_streams.o(.bss) for __stdout
    main.o(i.DebugMacFrame) refers to putc.o(.text) for putc
    main.o(i.DebugMacFrame) refers to stdio_streams.o(.bss) for __stdout
    main.o(i.HAL_GetTick) refers to rtx_kernel.o(i.osKernelGetTickCount) for osKernelGetTickCount
    main.o(i.SystemClock_Config) refers to stm32f7xx_hal_rcc.o(i.HAL_RCC_OscConfig) for HAL_RCC_OscConfig
    main.o(i.SystemClock_Config) refers to stm32f7xx_hal_pwr_ex.o(i.HAL_PWREx_EnableOverDrive) for HAL_PWREx_EnableOverDrive
    main.o(i.SystemClock_Config) refers to stm32f7xx_hal_rcc.o(i.HAL_RCC_ClockConfig) for HAL_RCC_ClockConfig
    main.o(i.SystemClock_Config) refers to stm32f7xx_hal_rcc_ex.o(i.HAL_RCCEx_GetPeriphCLKConfig) for HAL_RCCEx_GetPeriphCLKConfig
    main.o(i.SystemClock_Config) refers to stm32f7xx_hal_rcc_ex.o(i.HAL_RCCEx_PeriphCLKConfig) for HAL_RCCEx_PeriphCLKConfig
    main.o(i.main) refers to main.o(i.SystemClock_Config) for SystemClock_Config
    main.o(i.main) refers to eventrecorder.o(i.EventRecorderInitialize) for EventRecorderInitialize
    main.o(i.main) refers to eventrecorder.o(i.EventRecorderDisable) for EventRecorderDisable
    main.o(i.main) refers to eventrecorder.o(i.EventRecorderStart) for EventRecorderStart
    main.o(i.main) refers to rtx_kernel.o(i.osKernelInitialize) for osKernelInitialize
    main.o(i.main) refers to ext_led.o(i.Ext_LED_Init) for Ext_LED_Init
    main.o(i.main) refers to ext_uart.o(i.Ext_UART_Init) for Ext_UART_Init
    main.o(i.main) refers to ext_led.o(i.Ext_LED_PWM) for Ext_LED_PWM
    main.o(i.main) refers to rtx_mempool.o(i.osMemoryPoolNew) for osMemoryPoolNew
    main.o(i.main) refers to rtx_evflags.o(i.osEventFlagsNew) for osEventFlagsNew
    main.o(i.main) refers to rtx_msgqueue.o(i.osMessageQueueNew) for osMessageQueueNew
    main.o(i.main) refers to rtx_thread.o(i.osThreadNew) for osThreadNew
    main.o(i.main) refers to rtx_kernel.o(i.osKernelStart) for osKernelStart
    main.o(i.main) refers to main.o(.bss) for gTokenInterface
    main.o(i.main) refers to main.o(.data) for memPool
    main.o(i.main) refers to main.o(.constdata) for debug_attr
    main.o(i.main) refers to debug.o(i.DebugStation) for DebugStation
    main.o(i.main) refers to phy_receiver.o(i.PhReceiver) for PhReceiver
    main.o(i.main) refers to phy_sender.o(i.PhSender) for PhSender
    main.o(i.main) refers to mac_receiver.o(i.MacReceiver) for MacReceiver
    main.o(i.main) refers to mac_sender.o(i.MacSender) for MacSender
    main.o(i.main) refers to time_receiver.o(i.TimeReceiver) for TimeReceiver
    main.o(i.main) refers to time_sender.o(i.TimeSender) for TimeSender
    main.o(i.main) refers to chat_receiver.o(i.ChatReceiver) for ChatReceiver
    main.o(i.main) refers to chat_sender.o(i.ChatSender) for ChatSender
    main.o(i.main) refers to touch.o(i.Touch) for Touch
    main.o(i.main) refers to lcd.o(i.LCD) for LCD
    main.o(.constdata) refers to main.o(.conststring) for .conststring
    lcd.o(i.LCD) refers to _printf_percent.o(.ARM.Collect$$_printf_percent$$00000000) for _printf_percent
    lcd.o(i.LCD) refers to _printf_d.o(.ARM.Collect$$_printf_percent$$00000009) for _printf_d
    lcd.o(i.LCD) refers to _printf_dec.o(.text) for _printf_int_dec
    lcd.o(i.LCD) refers to _printf_s.o(.ARM.Collect$$_printf_percent$$00000014) for _printf_s
    lcd.o(i.LCD) refers to _printf_str.o(.text) for _printf_str
    lcd.o(i.LCD) refers to gfx.o(i.gfxInit) for gfxInit
    lcd.o(i.LCD) refers to gdisp.o(i.gdispGClear) for gdispGClear
    lcd.o(i.LCD) refers to gdisp_fonts.o(i.gdispOpenFont) for gdispOpenFont
    lcd.o(i.LCD) refers to gwin.o(i.gwinSetDefaultFont) for gwinSetDefaultFont
    lcd.o(i.LCD) refers to gwin_widget.o(i.gwinSetDefaultStyle) for gwinSetDefaultStyle
    lcd.o(i.LCD) refers to gui.o(i.guiInit) for guiInit
    lcd.o(i.LCD) refers to gevent.o(i.geventListenerInit) for geventListenerInit
    lcd.o(i.LCD) refers to gwin_widget.o(i.gwinAttachListener) for gwinAttachListener
    lcd.o(i.LCD) refers to gui.o(i.guiShowPage) for guiShowPage
    lcd.o(i.LCD) refers to noretval__2sprintf.o(.text) for __2sprintf
    lcd.o(i.LCD) refers to gwin_widget.o(i.gwinSetText) for gwinSetText
[...]
    0x080039b0   0x080039b0   0x00000018   Code   RO         1367    i.EvrRtxMemoryBlockAlloc  rtx_evr.o
    0x080039c8   0x080039c8   0x00000020   Code   RO         1368    i.EvrRtxMemoryBlockFree  rtx_evr.o
    0x080039e8   0x080039e8   0x00000020   Code   RO         1369    i.EvrRtxMemoryBlockInit  rtx_evr.o
    0x08003a08   0x08003a08   0x00000020   Code   RO         1370    i.EvrRtxMemoryFree  rtx_evr.o
    0x08003a28   0x08003a28   0x0000001c   Code   RO         1371    i.EvrRtxMemoryInit  rtx_evr.o
    0x08003a44   0x08003a44   0x00000018   Code   RO         1372    i.EvrRtxMemoryPoolAlloc  rtx_evr.o
    0x08003a5c   0x08003a5c   0x00000014   Code   RO         1373    i.EvrRtxMemoryPoolAllocFailed  rtx_evr.o
    0x08003a70   0x08003a70   0x00000018   Code   RO         1374    i.EvrRtxMemoryPoolAllocPending  rtx_evr.o
    0x08003a88   0x08003a88   0x00000014   Code   RO         1375    i.EvrRtxMemoryPoolAllocTimeout  rtx_evr.o
    0x08003a9c   0x08003a9c   0x00000018   Code   RO         1376    i.EvrRtxMemoryPoolAllocated  rtx_evr.o
    0x08003ab4   0x08003ab4   0x00000018   Code   RO         1377    i.EvrRtxMemoryPoolCreated  rtx_evr.o
    0x08003acc   0x08003acc   0x00000018   Code   RO         1378    i.EvrRtxMemoryPoolDeallocated  rtx_evr.o
    0x08003ae4   0x08003ae4   0x00000014   Code   RO         1381    i.EvrRtxMemoryPoolError  rtx_evr.o
    0x08003af8   0x08003af8   0x00000018   Code   RO         1382    i.EvrRtxMemoryPoolFree  rtx_evr.o
    0x08003b10   0x08003b10   0x00000018   Code   RO         1383    i.EvrRtxMemoryPoolFreeFailed  rtx_evr.o
    0x08003b28   0x08003b28   0x00000020   Code   RO         1389    i.EvrRtxMemoryPoolNew  rtx_evr.o
    0x08003b48   0x08003b48   0x00000018   Code   RO         1390    i.EvrRtxMessageQueueCreated  rtx_evr.o
    0x08003b60   0x08003b60   0x00000014   Code   RO         1393    i.EvrRtxMessageQueueError  rtx_evr.o
    0x08003b74   0x08003b74   0x00000020   Code   RO         1394    i.EvrRtxMessageQueueGet  rtx_evr.o
    0x08003b94   0x08003b94   0x00000020   Code   RO         1399    i.EvrRtxMessageQueueGetPending  rtx_evr.o
    0x08003bb4   0x08003bb4   0x00000014   Code   RO         1401    i.EvrRtxMessageQueueGetTimeout  rtx_evr.o
    0x08003bc8   0x08003bc8   0x00000018   Code   RO         1402    i.EvrRtxMessageQueueInsertPending  rtx_evr.o
    0x08003be0   0x08003be0   0x00000018   Code   RO         1403    i.EvrRtxMessageQueueInserted  rtx_evr.o
    0x08003bf8   0x08003bf8   0x00000020   Code   RO         1404    i.EvrRtxMessageQueueNew  rtx_evr.o
    0x08003c18   0x08003c18   0x00000018   Code   RO         1405    i.EvrRtxMessageQueueNotInserted  rtx_evr.o
    0x08003c30   0x08003c30   0x00000018   Code   RO         1406    i.EvrRtxMessageQueueNotRetrieved  rtx_evr.o
    0x08003c48   0x08003c48   0x00000020   Code   RO         1407    i.EvrRtxMessageQueuePut  rtx_evr.o
    0x08003c68   0x08003c68   0x00000020   Code   RO         1408    i.EvrRtxMessageQueuePutPending  rtx_evr.o
    0x08003c88   0x08003c88   0x00000014   Code   RO         1409    i.EvrRtxMessageQueuePutTimeout  rtx_evr.o
    0x08003c9c   0x08003c9c   0x00000018   Code   RO         1412    i.EvrRtxMessageQueueRetrieved  rtx_evr.o
    0x08003cb4   0x08003cb4   0x00000018   Code   RO         1413    i.EvrRtxThreadBlocked  rtx_evr.o
    0x08003ccc   0x08003ccc   0x00000028   Code   RO         1414    i.EvrRtxThreadCreated  rtx_evr.o
    0x08003cf4   0x08003cf4   0x00000014   Code   RO         1415    i.EvrRtxThreadDestroyed  rtx_evr.o
    0x08003d08   0x08003d08   0x00000014   Code   RO         1419    i.EvrRtxThreadError  rtx_evr.o
    0x08003d1c   0x08003d1c   0x00000014   Code   RO         1420    i.EvrRtxThreadExit  rtx_evr.o
    0x08003d30   0x08003d30   0x00000020   Code   RO         1428    i.EvrRtxThreadFlagsWaitCompleted  rtx_evr.o
    0x08003d50   0x08003d50   0x00000014   Code   RO         1431    i.EvrRtxThreadFlagsWaitTimeout  rtx_evr.o
    0x08003d64   0x08003d64   0x00000014   Code   RO         1433    i.EvrRtxThreadGetId  rtx_evr.o
    0x08003d78   0x08003d78   0x00000014   Code   RO         1441    i.EvrRtxThreadJoined  rtx_evr.o
    0x08003d8c   0x08003d8c   0x00000020   Code   RO         1442    i.EvrRtxThreadNew   rtx_evr.o
    0x08003dac   0x08003dac   0x00000014   Code   RO         1443    i.EvrRtxThreadPreempted  rtx_evr.o
    0x08003dc0   0x08003dc0   0x00000014   Code   RO         1450    i.EvrRtxThreadSwitched  rtx_evr.o
    0x08003dd4   0x08003dd4   0x00000018   Code   RO         1452    i.EvrRtxThreadUnblocked  rtx_evr.o
    0x08003dec   0x08003dec   0x00000014   Code   RO         1453    i.EvrRtxThreadYield  rtx_evr.o
    0x08003e00   0x08003e00   0x00000018   Code   RO         1454    i.EvrRtxTimerCallback  rtx_evr.o
    0x08003e18   0x08003e18   0x0000016c   Code   RO         6340    i.Ext_Keyboard_Init  ext_keyboard.o
    0x08003f84   0x08003f84   0x0000025c   Code   RO         6382    i.Ext_LED_Init      ext_led.o
    0x080041e0   0x080041e0   0x00000058   Code   RO         6385    i.Ext_LED_PWM       ext_led.o
    0x08004238   0x08004238   0x00000048   Code   RO         6441    i.Ext_UART_Init     ext_uart.o
    0x08004280   0x08004280   0x00000124   Code   RO        11135    i.GTimerThreadHandler  gtimer.o
    0x080043a4   0x080043a4   0x00000010   Code   RO         4206    i.GetContext        eventrecorder.o
    0x080043b4   0x080043b4   0x0000044c   Code   RO        10208    i.GetMouseReading   ginput_mouse.o
    0x08004800   0x08004800   0x000000aa   Code   RO         4732    i.HAL_DMA_Abort     stm32f7xx_hal_dma.o
    0x080048aa   0x080048aa   0x00000028   Code   RO         4733    i.HAL_DMA_Abort_IT  stm32f7xx_hal_dma.o
    0x080048d2   0x080048d2   0x0000006e   Code   RO         4734    i.HAL_DMA_DeInit    stm32f7xx_hal_dma.o
    0x08004940   0x08004940   0x00000240   Code   RO         4737    i.HAL_DMA_IRQHandler  stm32f7xx_hal_dma.o
    0x08004b80   0x08004b80   0x000000ec   Code   RO         4738    i.HAL_DMA_Init      stm32f7xx_hal_dma.o
    0x08004c6c   0x08004c6c   0x0000009e   Code   RO         4742    i.HAL_DMA_Start_IT  stm32f7xx_hal_dma.o
    0x08004d0a   0x08004d0a   0x00000002   PAD
    0x08004d0c   0x08004d0c   0x00000028   Code   RO         4401    i.HAL_Delay         stm32f7xx_hal.o
    0x08004d34   0x08004d34   0x00000180   Code   RO         4876    i.HAL_GPIO_DeInit   stm32f7xx_hal_gpio.o
    0x08004eb4   0x08004eb4   0x00000048   Code   RO          432    i.HAL_GPIO_EXTI_Callback  chat_sender.o
    0x08004efc   0x08004efc   0x0000001c   Code   RO         4878    i.HAL_GPIO_EXTI_IRQHandler  stm32f7xx_hal_gpio.o
    0x08004f18   0x08004f18   0x00000218   Code   RO         4879    i.HAL_GPIO_Init     stm32f7xx_hal_gpio.o
    0x08005130   0x08005130   0x00000010   Code   RO         4881    i.HAL_GPIO_ReadPin  stm32f7xx_hal_gpio.o
    0x08005140   0x08005140   0x0000000c   Code   RO         4883    i.HAL_GPIO_WritePin  stm32f7xx_hal_gpio.o
    0x0800514c   0x0800514c   0x00000008   Code   RO            7    i.HAL_GetTick       main.o
    0x08005154   0x08005154   0x0000004c   Code   RO         4417    i.HAL_InitTick      stm32f7xx_hal.o
    0x080051a0   0x080051a0   0x00000024   Code   RO         4592    i.HAL_NVIC_ClearPendingIRQ  stm32f7xx_hal_cortex.o
    0x080051c4   0x080051c4   0x00000044   Code   RO         4593    i.HAL_NVIC_DisableIRQ  stm32f7xx_hal_cortex.o
    0x08005208   0x08005208   0x00000020   Code   RO         4594    i.HAL_NVIC_EnableIRQ  stm32f7xx_hal_cortex.o
    0x08005228   0x08005228   0x0000007c   Code   RO         4600    i.HAL_NVIC_SetPriority  stm32f7xx_hal_cortex.o
    0x080052a4   0x080052a4   0x00000090   Code   RO         5072    i.HAL_PWREx_EnableOverDrive  stm32f7xx_hal_pwr_ex.o
    0x08005334   0x08005334   0x000001a4   Code   RO         5264    i.HAL_RCCEx_GetPeriphCLKConfig  stm32f7xx_hal_rcc_ex.o
    0x080054d8   0x080054d8   0x000001cc   Code   RO         5265    i.HAL_RCCEx_GetPeriphCLKFreq  stm32f7xx_hal_rcc_ex.o
    0x080056a4   0x080056a4   0x000006e0   Code   RO         5266    i.HAL_RCCEx_PeriphCLKConfig  stm32f7xx_hal_rcc_ex.o
    0x08005d84   0x08005d84   0x00000190   Code   RO         5159    i.HAL_RCC_ClockConfig  stm32f7xx_hal_rcc.o
    0x08005f14   0x08005f14   0x0000000c   Code   RO         5164    i.HAL_RCC_GetHCLKFreq  stm32f7xx_hal_rcc.o
    0x08005f20   0x08005f20   0x00000020   Code   RO         5166    i.HAL_RCC_GetPCLK1Freq  stm32f7xx_hal_rcc.o
    0x08005f40   0x08005f40   0x00000020   Code   RO         5167    i.HAL_RCC_GetPCLK2Freq  stm32f7xx_hal_rcc.o
    0x08005f60   0x08005f60   0x000000b0   Code   RO         5168    i.HAL_RCC_GetSysClockFreq  stm32f7xx_hal_rcc.o
    0x08006010   0x08006010   0x000004b4   Code   RO         5171    i.HAL_RCC_OscConfig  stm32f7xx_hal_rcc.o
    0x080064c4   0x080064c4   0x000000f2   Code   RO         5487    i.HAL_SPI_Init      stm32f7xx_hal_spi.o
    0x080065b6   0x080065b6   0x00000002   Code   RO         5489    i.HAL_SPI_MspInit   stm32f7xx_hal_spi.o
    0x080065b8   0x080065b8   0x00000290   Code   RO         5490    i.HAL_SPI_Receive   stm32f7xx_hal_spi.o
    0x08006848   0x08006848   0x000003a8   Code   RO         5496    i.HAL_SPI_TransmitReceive  stm32f7xx_hal_spi.o
    0x08006bf0   0x08006bf0   0x00000034   Code   RO         4605    i.HAL_SYSTICK_Config  stm32f7xx_hal_cortex.o
    0x08006c24   0x08006c24   0x00000002   Code   RO         5838    i.HAL_UART_ErrorCallback  stm32f7xx_hal_uart.o
    0x08006c26   0x08006c26   0x00000002   PAD
    0x08006c28   0x08006c28   0x00000160   Code   RO         5841    i.HAL_UART_IRQHandler  stm32f7xx_hal_uart.o
    0x08006d88   0x08006d88   0x00000078   Code   RO         5842    i.HAL_UART_Init     stm32f7xx_hal_uart.o
    0x08006e00   0x08006e00   0x00000078   Code   RO         6442    i.HAL_UART_MspInit  ext_uart.o
    0x08006e78   0x08006e78   0x000000bc   Code   RO         5847    i.HAL_UART_Receive_IT  stm32f7xx_hal_uart.o
    0x08006f34   0x08006f34   0x00000104   Code   RO          620    i.HAL_UART_RxCpltCallback  phy_receiver.o
    0x08007038   0x08007038   0x00000014   Code   RO          654    i.HAL_UART_TxCpltCallback  phy_sender.o
    0x0800704c   0x0800704c   0x00000018   Code   RO         3820    i.I2C3_Control      i2c_stm32f7xx.o
    0x08007064   0x08007064   0x00000010   Code   RO         3821    i.I2C3_ER_IRQHandler  i2c_stm32f7xx.o
    0x08007074   0x08007074   0x00000010   Code   RO         3822    i.I2C3_EV_IRQHandler  i2c_stm32f7xx.o
    0x08007084   0x08007084   0x00000010   Code   RO         3823    i.I2C3_GetDataCount  i2c_stm32f7xx.o
    0x08007094   0x08007094   0x00000010   Code   RO         3824    i.I2C3_GetStatus    i2c_stm32f7xx.o
    0x080070a4   0x080070a4   0x00000014   Code   RO         3825    i.I2C3_Initialize   i2c_stm32f7xx.o
    0x080070b8   0x080070b8   0x00000020   Code   RO         3826    i.I2C3_MasterReceive  i2c_stm32f7xx.o
    0x080070d8   0x080070d8   0x00000020   Code   RO         3827    i.I2C3_MasterTransmit  i2c_stm32f7xx.o
    0x080070f8   0x080070f8   0x00000014   Code   RO         3828    i.I2C3_PowerControl  i2c_stm32f7xx.o
    0x0800710c   0x0800710c   0x00000018   Code   RO         3829    i.I2C3_SlaveReceive  i2c_stm32f7xx.o
    0x08007124   0x08007124   0x00000018   Code   RO         3830    i.I2C3_SlaveTransmit  i2c_stm32f7xx.o
    0x0800713c   0x0800713c   0x00000010   Code   RO         3831    i.I2C3_Uninitialize  i2c_stm32f7xx.o
    0x0800714c   0x0800714c   0x0000000c   Code   RO         3832    i.I2CX_GetCapabilities  i2c_stm32f7xx.o
    0x08007158   0x08007158   0x00000010   Code   RO         3833    i.I2CX_GetVersion   i2c_stm32f7xx.o
    0x08007168   0x08007168   0x00000304   Code   RO         3834    i.I2C_Control       i2c_stm32f7xx.o
    0x0800746c   0x0800746c   0x00000096   Code   RO         3835    i.I2C_ER_IRQHandler  i2c_stm32f7xx.o
    0x08007502   0x08007502   0x00000002   PAD
    0x08007504   0x08007504   0x00000218   Code   RO         3836    i.I2C_EV_IRQHandler  i2c_stm32f7xx.o
    0x0800771c   0x0800771c   0x00000008   Code   RO         3837    i.I2C_GetDataCount  i2c_stm32f7xx.o
    0x08007724   0x08007724   0x000000cc   Code   RO         3838    i.I2C_GetSCLRatio   i2c_stm32f7xx.o
    0x080077f0   0x080077f0   0x00000008   Code   RO         3839    i.I2C_GetStatus     i2c_stm32f7xx.o
    0x080077f8   0x080077f8   0x00000130   Code   RO         3840    i.I2C_GetTimingValue  i2c_stm32f7xx.o
    0x08007928   0x08007928   0x000001e4   Code   RO         3841    i.I2C_Initialize    i2c_stm32f7xx.o
    0x08007b0c   0x08007b0c   0x0000015c   Code   RO         3842    i.I2C_MasterReceive  i2c_stm32f7xx.o
    0x08007c68   0x08007c68   0x00000152   Code   RO         3843    i.I2C_MasterTransmit  i2c_stm32f7xx.o
    0x08007dba   0x08007dba   0x00000002   PAD
    0x08007dbc   0x08007dbc   0x000003a4   Code   RO         3844    i.I2C_PowerControl  i2c_stm32f7xx.o
    0x08008160   0x08008160   0x00000088   Code   RO         3845    i.I2C_SlaveReceive  i2c_stm32f7xx.o
    0x080081e8   0x080081e8   0x00000088   Code   RO         3846    i.I2C_SlaveTransmit  i2c_stm32f7xx.o
    0x08008270   0x08008270   0x00000034   Code   RO         3847    i.I2C_Uninitialize  i2c_stm32f7xx.o
    0x080082a4   0x080082a4   0x00000030   Code   RO         4314    i.ITM_SendChar      retarget_io.o
    0x080082d4   0x080082d4   0x00000018   Code   RO        12244    i.ImageDestroy      gwin_image.o
    0x080082ec   0x080082ec   0x00000152   Code   RO        12245    i.ImageRedraw       gwin_image.o
    0x0800843e   0x0800843e   0x00000018   Code   RO         1102    i.IsIrqMasked       rtx_delay.o
    0x08008456   0x08008456   0x00000018   Code   RO         1189    i.IsIrqMasked       rtx_evflags.o
    0x0800846e   0x0800846e   0x00000018   Code   RO         2208    i.IsIrqMasked       rtx_kernel.o
    0x08008486   0x08008486   0x00000018   Code   RO         2553    i.IsIrqMasked       rtx_mempool.o
    0x0800849e   0x0800849e   0x00000018   Code   RO         2715    i.IsIrqMasked       rtx_msgqueue.o
    0x080084b6   0x080084b6   0x00000018   Code   RO         2893    i.IsIrqMasked       rtx_mutex.o
    0x080084ce   0x080084ce   0x00000018   Code   RO         3000    i.IsIrqMasked       rtx_semaphore.o
    0x080084e6   0x080084e6   0x00000018   Code   RO         3172    i.IsIrqMasked       rtx_thread.o
    0x080084fe   0x080084fe   0x00000010   Code   RO         1103    i.IsIrqMode         rtx_delay.o
    0x0800850e   0x0800850e   0x00000010   Code   RO         1190    i.IsIrqMode         rtx_evflags.o
    0x0800851e   0x0800851e   0x00000010   Code   RO         2209    i.IsIrqMode         rtx_kernel.o
    0x0800852e   0x0800852e   0x00000010   Code   RO         2554    i.IsIrqMode         rtx_mempool.o
    0x0800853e   0x0800853e   0x00000010   Code   RO         2716    i.IsIrqMode         rtx_msgqueue.o
    0x0800854e   0x0800854e   0x00000010   Code   RO         2894    i.IsIrqMode         rtx_mutex.o
    0x0800855e   0x0800855e   0x00000010   Code   RO         3001    i.IsIrqMode         rtx_semaphore.o
    0x0800856e   0x0800856e   0x00000010   Code   RO         3173    i.IsIrqMode         rtx_thread.o
    0x0800857e   0x0800857e   0x00000010   Code   RO         2210    i.IsPrivileged      rtx_kernel.o
    0x0800858e   0x0800858e   0x00000002   PAD
    0x08008590   0x08008590   0x00000030   Code   RO          900    i.LAY_DATA_PUT      mac.o
    0x080085c0   0x080085c0   0x00000704   Code   RO          369    i.LCD               lcd.o
    0x08008cc4   0x08008cc4   0x000000b0   Code   RO          544    i.MAC_DATA_REQUEST  mac_sender.o
    0x08008d74   0x08008d74   0x0000003c   Code   RO          545    i.MAC_ERROR_INDICATION  mac_sender.o
    0x08008db0   0x08008db0   0x00000040   Code   RO          901    i.MAC_NEW_TOKEN     mac.o
    0x08008df0   0x08008df0   0x00000020   Code   RO          546    i.MAC_START_REQUEST  mac_sender.o
    0x08008e10   0x08008e10   0x0000001c   Code   RO          547    i.MAC_STOP_REQUEST  mac_sender.o
    0x08008e2c   0x08008e2c   0x0000022c   Code   RO          596    i.MacReceiver       mac_receiver.o
    0x08009058   0x08009058   0x000001a0   Code   RO          548    i.MacSender         mac_sender.o
    0x080091f8   0x080091f8   0x0000000a   Code   RO         2502    i.MemBlockPtr       rtx_memory.o
    0x08009202   0x08009202   0x00000034   Code   RO         2717    i.MessageQueueGet   rtx_msgqueue.o
    0x08009236   0x08009236   0x0000004c   Code   RO         2718    i.MessageQueuePut   rtx_msgqueue.o
    0x08009282   0x08009282   0x00000022   Code   RO         2719    i.MessageQueueRemove  rtx_msgqueue.o
    0x080092a4   0x080092a4   0x00000038   Code   RO        10209    i.MousePoll         ginput_mouse.o
    0x080092dc   0x080092dc   0x00000008   Code   RO         3715    i.OS_Tick_AcknowledgeIRQ  os_systick.o
    0x080092e4   0x080092e4   0x00000030   Code   RO         3717    i.OS_Tick_Enable    os_systick.o
    0x08009314   0x08009314   0x00000006   Code   RO         3720    i.OS_Tick_GetIRQn   os_systick.o
    0x0800931a   0x0800931a   0x00000002   PAD
    0x0800931c   0x0800931c   0x00000050   Code   RO         3723    i.OS_Tick_Setup     os_systick.o
    0x0800936c   0x0800936c   0x00000034   Code   RO          902    i.PH_DATA_REQUEST   mac.o
    0x080093a0   0x080093a0   0x00000114   Code   RO          621    i.PhReceiver        phy_receiver.o
    0x080094b4   0x080094b4   0x00000070   Code   RO          655    i.PhSender          phy_sender.o
    0x08009524   0x08009524   0x00000002   Code   RO         9690    i.ROMClose          gfile_fs_rom.o
    0x08009526   0x08009526   0x00000014   Code   RO         9691    i.ROMEof            gfile_fs_rom.o
    0x0800953a   0x0800953a   0x00000014   Code   RO         9692    i.ROMExists         gfile_fs_rom.o
    0x0800954e   0x0800954e   0x00000016   Code   RO         9693    i.ROMFilesize       gfile_fs_rom.o
    0x08009564   0x08009564   0x00000030   Code   RO         9694    i.ROMFindFile       gfile_fs_rom.o
    0x08009594   0x08009594   0x00000008   Code   RO         9695    i.ROMGetsize        gfile_fs_rom.o
    0x0800959c   0x0800959c   0x00000018   Code   RO         9696    i.ROMOpen           gfile_fs_rom.o
    0x080095b4   0x080095b4   0x00000038   Code   RO         9697    i.ROMRead           gfile_fs_rom.o
    0x080095ec   0x080095ec   0x00000012   Code   RO         9698    i.ROMSetpos         gfile_fs_rom.o
    0x080095fe   0x080095fe   0x00000010   Code   RO        12359    i.RadioMouseDown    gwin_radio.o
    0x0800960e   0x0800960e   0x0000000c   Code   RO        12604    i.RedrawTimerFn     gwin_wm.o
    0x0800961a   0x0800961a   0x00000002   PAD
    0x0800961c   0x0800961c   0x00000010   Code   RO         4001    i.SAI2_A_DMA_Complete  sai_stm32f7xx.o
    0x0800962c   0x0800962c   0x00000010   Code   RO         4002    i.SAI2_B_DMA_Complete  sai_stm32f7xx.o
    0x0800963c   0x0800963c   0x0000001c   Code   RO         4003    i.SAI2_Control      sai_stm32f7xx.o
    0x08009658   0x08009658   0x00000010   Code   RO         4004    i.SAI2_GetCapabilities  sai_stm32f7xx.o
    0x08009668   0x08009668   0x00000010   Code   RO         4005    i.SAI2_GetRxCount   sai_stm32f7xx.o
    0x08009678   0x08009678   0x00000010   Code   RO         4006    i.SAI2_GetStatus    sai_stm32f7xx.o
    0x08009688   0x08009688   0x00000010   Code   RO         4007    i.SAI2_GetTxCount   sai_stm32f7xx.o
    0x08009698   0x08009698   0x00000010   Code   RO         4008    i.SAI2_IRQHandler   sai_stm32f7xx.o
    0x080096a8   0x080096a8   0x00000014   Code   RO         4009    i.SAI2_Initialize   sai_stm32f7xx.o
    0x080096bc   0x080096bc   0x00000014   Code   RO         4010    i.SAI2_PowerControl  sai_stm32f7xx.o
    0x080096d0   0x080096d0   0x00000018   Code   RO         4011    i.SAI2_Receive      sai_stm32f7xx.o
    0x080096e8   0x080096e8   0x00000018   Code   RO         4012    i.SAI2_Send         sai_stm32f7xx.o
    0x08009700   0x08009700   0x00000010   Code   RO         4013    i.SAI2_Uninitialize  sai_stm32f7xx.o
    0x08009710   0x08009710   0x000007f2   Code   RO         4014    i.SAI_Control       sai_stm32f7xx.o
    0x08009f02   0x08009f02   0x00000006   Code   RO         4015    i.SAI_GetCapabilities  sai_stm32f7xx.o
    0x08009f08   0x08009f08   0x00000024   Code   RO         4016    i.SAI_GetRxCount    sai_stm32f7xx.o
    0x08009f2c   0x08009f2c   0x0000008a   Code   RO         4017    i.SAI_GetStatus     sai_stm32f7xx.o
    0x08009fb6   0x08009fb6   0x00000024   Code   RO         4018    i.SAI_GetTxCount    sai_stm32f7xx.o
    0x08009fda   0x08009fda   0x00000002   PAD
    0x08009fdc   0x08009fdc   0x00000010   Code   RO         4019    i.SAI_GetVersion    sai_stm32f7xx.o
    0x08009fec   0x08009fec   0x00000208   Code   RO         4020    i.SAI_IRQHandler    sai_stm32f7xx.o
    0x0800a1f4   0x0800a1f4   0x000003b8   Code   RO         4021    i.SAI_Initialize    sai_stm32f7xx.o
    0x0800a5ac   0x0800a5ac   0x000002c0   Code   RO         4022    i.SAI_PowerControl  sai_stm32f7xx.o
    0x0800a86c   0x0800a86c   0x0000003e   Code   RO         4023    i.SAI_RX_DMA_Complete  sai_stm32f7xx.o
    0x0800a8aa   0x0800a8aa   0x0000010e   Code   RO         4024    i.SAI_Receive       sai_stm32f7xx.o
    0x0800a9b8   0x0800a9b8   0x0000010e   Code   RO         4025    i.SAI_Send          sai_stm32f7xx.o
    0x0800aac6   0x0800aac6   0x0000003e   Code   RO         4026    i.SAI_TX_DMA_Complete  sai_stm32f7xx.o
    0x0800ab04   0x0800ab04   0x000000dc   Code   RO         4027    i.SAI_Uninitialize  sai_stm32f7xx.o
    0x0800abe0   0x0800abe0   0x00000082   Code   RO         5526    i.SPI_EndRxTransaction  stm32f7xx_hal_spi.o
    0x0800ac62   0x0800ac62   0x00000064   Code   RO         5527    i.SPI_EndRxTxTransaction  stm32f7xx_hal_spi.o
    0x0800acc6   0x0800acc6   0x000000b2   Code   RO         5534    i.SPI_WaitFifoStateUntilTimeout  stm32f7xx_hal_spi.o
    0x0800ad78   0x0800ad78   0x000000a0   Code   RO         5535    i.SPI_WaitFlagStateUntilTimeout  stm32f7xx_hal_spi.o
    0x0800ae18   0x0800ae18   0x00000018   Code   RO         3002    i.SemaphoreTokenDecrement  rtx_semaphore.o
    0x0800ae30   0x0800ae30   0x0000001e   Code   RO         3003    i.SemaphoreTokenIncrement  rtx_semaphore.o
    0x0800ae4e   0x0800ae4e   0x00000002   PAD
    0x0800ae50   0x0800ae50   0x00000054   Code   RO        11991    i.SendCheckboxEvent  gwin_checkbox.o
    0x0800aea4   0x0800aea4   0x000000d4   Code   RO        10210    i.SendMouseEvent    ginput_mouse.o
    0x0800af78   0x0800af78   0x00000040   Code   RO        12360    i.SendRadioEvent    gwin_radio.o
    0x0800afb8   0x0800afb8   0x00000080   Code   RO            8    i.SystemClock_Config  main.o
    0x0800b038   0x0800b038   0x00000064   Code   RO         6270    i.SystemInit        system_stm32f7xx.o
    0x0800b09c   0x0800b09c   0x00000056   Code   RO         3174    i.ThreadFlagsCheck  rtx_thread.o
    0x0800b0f2   0x0800b0f2   0x00000002   PAD
    0x0800b0f4   0x0800b0f4   0x00000060   Code   RO          520    i.TimeReceiver      time_receiver.o
    0x0800b154   0x0800b154   0x000000d4   Code   RO          492    i.TimeSender        time_sender.o
    0x0800b228   0x0800b228   0x00000040   Code   RO         3591    i.TimerInsert       rtx_timer.o
    0x0800b268   0x0800b268   0x00000018   Code   RO         3593    i.TimerUnlink       rtx_timer.o
    0x0800b280   0x0800b280   0x00000184   Code   RO          403    i.Touch             touch.o
    0x0800b404   0x0800b404   0x000000ea   Code   RO         5855    i.UART_AdvFeatureConfig  stm32f7xx_hal_uart.o
    0x0800b4ee   0x0800b4ee   0x0000004e   Code   RO         5856    i.UART_CheckIdleState  stm32f7xx_hal_uart.o
    0x0800b53c   0x0800b53c   0x00000018   Code   RO         5857    i.UART_DMAAbortOnError  stm32f7xx_hal_uart.o
    0x0800b554   0x0800b554   0x00000020   Code   RO         5863    i.UART_EndRxTransfer  stm32f7xx_hal_uart.o
    0x0800b574   0x0800b574   0x00000020   Code   RO         5864    i.UART_EndTransmit_IT  stm32f7xx_hal_uart.o
    0x0800b594   0x0800b594   0x00000088   Code   RO         5866    i.UART_Receive_IT   stm32f7xx_hal_uart.o
    0x0800b61c   0x0800b61c   0x0000038c   Code   RO         5867    i.UART_SetConfig    stm32f7xx_hal_uart.o
    0x0800b9a8   0x0800b9a8   0x0000006a   Code   RO         5868    i.UART_Transmit_IT  stm32f7xx_hal_uart.o
    0x0800ba12   0x0800ba12   0x0000006c   Code   RO         5869    i.UART_WaitOnFlagUntilTimeout  stm32f7xx_hal_uart.o
    0x0800ba7e   0x0800ba7e   0x00000002   PAD
    0x0800ba80   0x0800ba80   0x00000010   Code   RO         6443    i.USART6_IRQHandler  ext_uart.o
    0x0800ba90   0x0800ba90   0x00000040   Code   RO        12605    i.WM_Add            gwin_wm.o
    0x0800bad0   0x0800bad0   0x00000002   Code   RO        12606    i.WM_DeInit         gwin_wm.o
    0x0800bad2   0x0800bad2   0x00000002   PAD
    0x0800bad4   0x0800bad4   0x00000028   Code   RO        12607    i.WM_Delete         gwin_wm.o
    0x0800bafc   0x0800bafc   0x00000002   Code   RO        12608    i.WM_Init           gwin_wm.o
    0x0800bafe   0x0800bafe   0x00000002   Code   RO        12609    i.WM_MinMax         gwin_wm.o
    0x0800bb00   0x0800bb00   0x000001f2   Code   RO        12610    i.WM_Move           gwin_wm.o
    0x0800bcf2   0x0800bcf2   0x00000002   PAD
    0x0800bcf4   0x0800bcf4   0x0000009c   Code   RO        12611    i.WM_Raise          gwin_wm.o
    0x0800bd90   0x0800bd90   0x00000178   Code   RO        12612    i.WM_Redraw         gwin_wm.o
    0x0800bf08   0x0800bf08   0x000001a4   Code   RO        12613    i.WM_Size           gwin_wm.o
    0x0800c0ac   0x0800c0ac   0x00000074   Code   RO         6486    i._FMC_SDRAM_Init   stm32f746g_discovery_sdram.o
    0x0800c120   0x0800c120   0x0000000e   Code   RO         6487    i._FMC_SDRAM_ProgramRefreshRate  stm32f746g_discovery_sdram.o
    0x0800c12e   0x0800c12e   0x00000056   Code   RO         6488    i._FMC_SDRAM_SendCommand  stm32f746g_discovery_sdram.o
    0x0800c184   0x0800c184   0x00000098   Code   RO         6489    i._FMC_SDRAM_Timing_Init  stm32f746g_discovery_sdram.o
    0x0800c21c   0x0800c21c   0x00000f5c   Code   RO         6490    i._HAL_DMA_DeInit   stm32f746g_discovery_sdram.o
    0x0800d178   0x0800d178   0x00000078   Code   RO         6491    i._HAL_DMA_Init     stm32f746g_discovery_sdram.o
    0x0800d1f0   0x0800d1f0   0x00000038   Code   RO         6492    i._HAL_SDRAM_Init   stm32f746g_discovery_sdram.o
    0x0800d228   0x0800d228   0x00000028   Code   RO         6493    i._HAL_SDRAM_ProgramRefreshRate  stm32f746g_discovery_sdram.o
    0x0800d250   0x0800d250   0x0000003a   Code   RO         6494    i._HAL_SDRAM_SendCommand  stm32f746g_discovery_sdram.o
    0x0800d28a   0x0800d28a   0x00000002   PAD
    0x0800d28c   0x0800d28c   0x0000001c   Code   RO         4028    i.__NVIC_ClearPendingIRQ  sai_stm32f7xx.o
    0x0800d2a8   0x0800d2a8   0x0000001a   Code   RO         4029    i.__NVIC_EnableIRQ  sai_stm32f7xx.o
    0x0800d2c2   0x0800d2c2   0x00000002   PAD
    0x0800d2c4   0x0800d2c4   0x00000010   Code   RO         4607    i.__NVIC_GetPriorityGrouping  stm32f7xx_hal_cortex.o
    0x0800d2d4   0x0800d2d4   0x00000028   Code   RO         4608    i.__NVIC_SetPriority  stm32f7xx_hal_cortex.o
    0x0800d2fc   0x0800d2fc   0x00000058   Code   RO         2426    i.__user_perthread_libspace  rtx_lib.o
    0x0800d354   0x0800d354   0x00000828   Code   RO          940    i._createPageaddressSelectDisplay  gui.o
    0x0800db7c   0x0800db7c   0x000008e4   Code   RO          941    i._createPageconfigDisplay  gui.o
    0x0800e460   0x0800e460   0x00000400   Code   RO          942    i._createPagemainDisplay  gui.o
    0x0800e860   0x0800e860   0x000002ac   Code   RO          943    i._createPagestartup  gui.o
    0x0800eb0c   0x0800eb0c   0x0000002c   Code   RO        12113    i._gcontainerCreate  gwin_container.o
    0x0800eb38   0x0800eb38   0x0000001e   Code   RO        12115    i._gcontainerDestroy  gwin_container.o
    0x0800eb56   0x0800eb56   0x00000002   Code   RO        12116    i._gcontainerInit   gwin_container.o
    0x0800eb58   0x0800eb58   0x00000044   Code   RO         7362    i._gdispDeInitDriver  gdisp.o
    0x0800eb9c   0x0800eb9c   0x0000002c   Code   RO         7364    i._gdispInit        gdisp.o
    0x0800ebc8   0x0800ebc8   0x0000003e   Code   RO         7365    i._gdispInitDriver  gdisp.o
    0x0800ec06   0x0800ec06   0x00000002   PAD
    0x0800ec08   0x0800ec08   0x00000040   Code   RO         7366    i._gdispPostInitDriver  gdisp.o
    0x0800ec48   0x0800ec48   0x00000002   Code   RO         8835    i._gdriverInit      gdriver.o
    0x0800ec4a   0x0800ec4a   0x00000002   PAD
    0x0800ec4c   0x0800ec4c   0x00000010   Code   RO         9068    i._geventInit       gevent.o
    0x0800ec5c   0x0800ec5c   0x000000f8   Code   RO         9333    i._gfileFindSlot    gfile.o
    0x0800ed54   0x0800ed54   0x00000002   Code   RO         9334    i._gfileInit        gfile.o
    0x0800ed56   0x0800ed56   0x00000008   Code   RO         9999    i._ginputInit       ginput.o
    0x0800ed5e   0x0800ed5e   0x00000002   Code   RO        10211    i._gmouseDeInitDriver  ginput_mouse.o
    0x0800ed60   0x0800ed60   0x00000020   Code   RO        10213    i._gmouseInit       ginput_mouse.o
    0x0800ed80   0x0800ed80   0x00000054   Code   RO        10214    i._gmouseInitDriver  ginput_mouse.o
    0x0800edd4   0x0800edd4   0x0000003c   Code   RO        10215    i._gmousePostInitDriver  ginput_mouse.o
    0x0800ee10   0x0800ee10   0x00000014   Code   RO        10814    i._gosHeapInit      gos_x_heap.o
    0x0800ee24   0x0800ee24   0x00000008   Code   RO        10713    i._gosInit          gos_cmsis2.o
    0x0800ee2c   0x0800ee2c   0x00000002   Code   RO        10714    i._gosPostInit      gos_cmsis2.o
    0x0800ee2e   0x0800ee2e   0x00000002   Code   RO        10866    i._gqueueInit       gqueue.o
    0x0800ee30   0x0800ee30   0x00000030   Code   RO        11137    i._gtimerInit       gtimer.o
    0x0800ee60   0x0800ee60   0x00000074   Code   RO        12443    i._gwidgetCreate    gwin_widget.o
    0x0800eed4   0x0800eed4   0x0000002a   Code   RO        12445    i._gwidgetDestroy   gwin_widget.o
    0x0800eefe   0x0800eefe   0x00000002   PAD
    0x0800ef00   0x0800ef00   0x00000030   Code   RO        12446    i._gwidgetInit      gwin_widget.o
    0x0800ef30   0x0800ef30   0x0000001a   Code   RO        12447    i._gwidgetRedraw    gwin_widget.o
    0x0800ef4a   0x0800ef4a   0x00000002   PAD
    0x0800ef4c   0x0800ef4c   0x00000068   Code   RO        11557    i._gwinDestroy      gwin.o
    0x0800efb4   0x0800efb4   0x00000038   Code   RO        12614    i._gwinDrawEnd      gwin_wm.o
    0x0800efec   0x0800efec   0x0000004c   Code   RO        12615    i._gwinDrawStart    gwin_wm.o
    0x0800f038   0x0800f038   0x0000014c   Code   RO        12616    i._gwinFlushRedraws  gwin_wm.o
    0x0800f184   0x0800f184   0x00000010   Code   RO        11558    i._gwinInit         gwin.o
    0x0800f194   0x0800f194   0x000000a4   Code   RO        12617    i._gwinRippleVisibility  gwin_wm.o
    0x0800f238   0x0800f238   0x00000048   Code   RO        12448    i._gwinSendEvent    gwin_widget.o
    0x0800f280   0x0800f280   0x00000034   Code   RO        12618    i._gwinUpdate       gwin_wm.o
    0x0800f2b4   0x0800f2b4   0x00000058   Code   RO        12619    i._gwinWMAdd        gwin_wm.o
    0x0800f30c   0x0800f30c   0x00000084   Code   RO        11559    i._gwindowCreate    gwin.o
    0x0800f390   0x0800f390   0x00000054   Code   RO        12621    i._gwmInit          gwin_wm.o
    0x0800f3e4   0x0800f3e4   0x0000000e   Code   RO        12840    i._is_digit         c_w.l(__printf_wp.o)
    0x0800f3f2   0x0800f3f2   0x00000002   PAD
    0x0800f3f4   0x0800f3f4   0x00000138   Code   RO         6804    i._ltdc_init        gdisp_lld_stm32ltdc.o
    0x0800f52c   0x0800f52c   0x000000f4   Code   RO         6805    i._ltdc_layer_init  gdisp_lld_stm32ltdc.o
    0x0800f620   0x0800f620   0x00000028   Code   RO         6806    i._ltdc_reload      gdisp_lld_stm32ltdc.o
    0x0800f648   0x0800f648   0x00000016   Code   RO         2427    i._mutex_acquire    rtx_lib.o
    0x0800f65e   0x0800f65e   0x0000000c   Code   RO         2428    i._mutex_free       rtx_lib.o
    0x0800f66a   0x0800f66a   0x00000022   Code   RO         2429    i._mutex_initialize  rtx_lib.o
    0x0800f68c   0x0800f68c   0x00000012   Code   RO         2430    i._mutex_release    rtx_lib.o
    0x0800f69e   0x0800f69e   0x00000008   Code   RO         2431    i._platform_post_stackheap_init  rtx_lib.o
    0x0800f6a6   0x0800f6a6   0x00000026   Code   RO         4315    i._sys_close        retarget_io.o
    0x0800f6cc   0x0800f6cc   0x00000024   Code   RO         4316    i._sys_flen         retarget_io.o
    0x0800f6f0   0x0800f6f0   0x00000024   Code   RO         4317    i._sys_istty        retarget_io.o
    0x0800f714   0x0800f714   0x00000068   Code   RO         4318    i._sys_open         retarget_io.o
    0x0800f77c   0x0800f77c   0x0000002c   Code   RO         4320    i._sys_seek         retarget_io.o
    0x0800f7a8   0x0800f7a8   0x00000046   Code   RO         4321    i._sys_write        retarget_io.o
    0x0800f7ee   0x0800f7ee   0x00000048   Code   RO         8789    i.append_char       mf_wordwrap.o
    0x0800f836   0x0800f836   0x0000006e   Code   RO         8790    i.append_word       mf_wordwrap.o
    0x0800f8a4   0x0800f8a4   0x0000000e   Code   RO         8657    i.avg16             mf_kerning.o
    0x0800f8b2   0x0800f8b2   0x00000040   Code   RO          944    i.background_Display_Background  gui.o
    0x0800f8f2   0x0800f8f2   0x00000040   Code   RO          945    i.background_gray   gui.o
    0x0800f932   0x0800f932   0x00000002   PAD
    0x0800f934   0x0800f934   0x000001f4   Code   RO         6807    i.configureLcdPins  gdisp_lld_stm32ltdc.o
    0x0800fb28   0x0800fb28   0x00000042   Code   RO         4207    i.crc16_ccitt       eventrecorder.o
    0x0800fb6a   0x0800fb6a   0x00000002   PAD
    0x0800fb6c   0x0800fb6c   0x00000038   Code   RO         9069    i.deleteAssignments  gevent.o
    0x0800fba4   0x0800fba4   0x00000020   Code   RO         6808    i.dma2d_init        gdisp_lld_stm32ltdc.o
    0x0800fbc4   0x0800fbc4   0x0000001a   Code   RO         9070    i.doExitEvent       gevent.o
    0x0800fbde   0x0800fbde   0x00000026   Code   RO         8658    i.do_kerning        mf_kerning.o
    0x0800fc04   0x0800fc04   0x00000028   Code   RO         7367    i.drawcharglyph     gdisp.o
    0x0800fc2c   0x0800fc2c   0x000000b0   Code   RO         7368    i.drawcharline      gdisp.o
    0x0800fcdc   0x0800fcdc   0x0000005c   Code   RO         7369    i.drawpixel         gdisp.o
    0x0800fd38   0x0800fd38   0x00000046   Code   RO         7370    i.drawpixel_clip    gdisp.o
    0x0800fd7e   0x0800fd7e   0x000000d4   Code   RO         7371    i.fillarea          gdisp.o
    0x0800fe52   0x0800fe52   0x00000002   PAD
    0x0800fe54   0x0800fe54   0x00000028   Code   RO         7372    i.fillcharglyph     gdisp.o
    0x0800fe7c   0x0800fe7c   0x00000090   Code   RO         7373    i.fillcharline      gdisp.o
    0x0800ff0c   0x0800ff0c   0x0000002e   Code   RO         8694    i.fillentry_bitcount  mf_rlefont.o
    0x0800ff3a   0x0800ff3a   0x0000003c   Code   RO         8695    i.find_glyph        mf_rlefont.o
    0x0800ff76   0x0800ff76   0x00000022   Code   RO         8659    i.fit_leftedge      mf_kerning.o
    0x0800ff98   0x0800ff98   0x00000026   Code   RO         8660    i.fit_rightedge     mf_kerning.o
    0x0800ffbe   0x0800ffbe   0x0000001a   Code   RO        12903    i.fputc             c_w.l(fputc.o)
    0x0800ffd8   0x0800ffd8   0x00000038   Code   RO         6942    i.ft5336Init        gmouse_lld_ft5336.o
    0x08010010   0x08010010   0x0000003c   Code   RO         6943    i.ft5336ReadXYZ     gmouse_lld_ft5336.o
    0x0801004c   0x0801004c   0x0000006c   Code   RO         7374    i.gdispBlendColor   gdisp.o
    0x080100b8   0x080100b8   0x00000294   Code   RO         7376    i.gdispGBlitArea    gdisp.o
    0x0801034c   0x0801034c   0x000000ea   Code   RO         7377    i.gdispGClear       gdisp.o
    0x08010436   0x08010436   0x000000a6   Code   RO         7378    i.gdispGControl     gdisp.o
    0x080104dc   0x080104dc   0x000000ca   Code   RO         7379    i.gdispGDrawBox     gdisp.o
    0x080105a6   0x080105a6   0x00000002   PAD
    0x080105a8   0x080105a8   0x00000088   Code   RO         7380    i.gdispGDrawChar    gdisp.o
    0x08010630   0x08010630   0x000001b0   Code   RO         7381    i.gdispGDrawCircle  gdisp.o
    0x080107e0   0x080107e0   0x00000050   Code   RO         7382    i.gdispGDrawLine    gdisp.o
    0x08010830   0x08010830   0x00000044   Code   RO         7383    i.gdispGDrawPixel   gdisp.o
    0x08010874   0x08010874   0x00000174   Code   RO         7385    i.gdispGDrawStringBox  gdisp.o
    0x080109e8   0x080109e8   0x000000c4   Code   RO         7386    i.gdispGFillArea    gdisp.o
    0x08010aac   0x08010aac   0x00000154   Code   RO         7388    i.gdispGFillCircle  gdisp.o
    0x08010c00   0x08010c00   0x00000214   Code   RO         7390    i.gdispGFillStringBox  gdisp.o
    0x08010e14   0x08010e14   0x00000024   Code   RO         7391    i.gdispGFlush       gdisp.o
    0x08010e38   0x08010e38   0x00000008   Code   RO         7394    i.gdispGGetHeight   gdisp.o
    0x08010e40   0x08010e40   0x00000006   Code   RO         7395    i.gdispGGetOrientation  gdisp.o
    0x08010e46   0x08010e46   0x00000008   Code   RO         7398    i.gdispGGetWidth    gdisp.o
    0x08010e4e   0x08010e4e   0x00000096   Code   RO         7961    i.gdispGImageDraw   gdisp_image.o
    0x08010ee4   0x08010ee4   0x00000262   Code   RO         8091    i.gdispGImageDraw_BMP  gdisp_image_bmp.o
    0x08011146   0x08011146   0x000000ac   Code   RO         7399    i.gdispGSetClip     gdisp.o
    0x080111f2   0x080111f2   0x00000016   Code   RO         7400    i.gdispGetCharWidth  gdisp.o
    0x08011208   0x08011208   0x00000042   Code   RO         7403    i.gdispGetFontMetric  gdisp.o
    0x0801124a   0x0801124a   0x00000012   Code   RO         7404    i.gdispGetStringWidth  gdisp.o
    0x0801125c   0x0801125c   0x0000001e   Code   RO         7405    i.gdispGetStringWidthCount  gdisp.o
    0x0801127a   0x0801127a   0x00000006   Code   RO         8092    i.gdispImageAdjustPalette_BMP  gdisp_image_bmp.o
    0x08011280   0x08011280   0x0000000e   Code   RO         7963    i.gdispImageAlloc   gdisp_image.o
    0x0801128e   0x0801128e   0x0000011a   Code   RO         8093    i.gdispImageCache_BMP  gdisp_image_bmp.o
    0x080113a8   0x080113a8   0x00000028   Code   RO         7965    i.gdispImageClose   gdisp_image.o
    0x080113d0   0x080113d0   0x0000003e   Code   RO         8094    i.gdispImageClose_BMP  gdisp_image_bmp.o
    0x0801140e   0x0801140e   0x00000010   Code   RO         7966    i.gdispImageFree    gdisp_image.o
    0x0801141e   0x0801141e   0x00000006   Code   RO         8095    i.gdispImageGetPaletteSize_BMP  gdisp_image_bmp.o
    0x08011424   0x08011424   0x00000006   Code   RO         8096    i.gdispImageGetPalette_BMP  gdisp_image_bmp.o
    0x0801142a   0x0801142a   0x00000006   Code   RO         7969    i.gdispImageInit    gdisp_image.o
    0x08011430   0x08011430   0x00000014   Code   RO         7970    i.gdispImageIsOpen  gdisp_image.o
    0x08011444   0x08011444   0x00000008   Code   RO         8097    i.gdispImageNext_BMP  gdisp_image_bmp.o
    0x0801144c   0x0801144c   0x0000007c   Code   RO         7972    i.gdispImageOpenGFile  gdisp_image.o
    0x080114c8   0x080114c8   0x0000026e   Code   RO         8098    i.gdispImageOpen_BMP  gdisp_image_bmp.o
    0x08011736   0x08011736   0x0000000a   Code   RO         7973    i.gdispImageSetBgColor  gdisp_image.o
    0x08011740   0x08011740   0x00000058   Code   RO         7880    i.gdispOpenFont     gdisp_fonts.o
    0x08011798   0x08011798   0x0000009c   Code   RO         6809    i.gdisp_lld_control  gdisp_lld_stm32ltdc.o
    0x08011834   0x08011834   0x000000cc   Code   RO         6810    i.gdisp_lld_draw_pixel  gdisp_lld_stm32ltdc.o
    0x08011900   0x08011900   0x0000017c   Code   RO         6811    i.gdisp_lld_fill_area  gdisp_lld_stm32ltdc.o
    0x08011a7c   0x08011a7c   0x000000c4   Code   RO         6812    i.gdisp_lld_get_pixel_color  gdisp_lld_stm32ltdc.o
    0x08011b40   0x08011b40   0x0000010c   Code   RO         6813    i.gdisp_lld_init    gdisp_lld_stm32ltdc.o
    0x08011c4c   0x08011c4c   0x00000030   Code   RO         8837    i.gdriverGetInstance  gdriver.o
    0x08011c7c   0x08011c7c   0x00000024   Code   RO         8838    i.gdriverGetNext    gdriver.o
    0x08011ca0   0x08011ca0   0x00000094   Code   RO         8840    i.gdriverRegister   gdriver.o
    0x08011d34   0x08011d34   0x00000024   Code   RO        11944    i.getButtonColors   gwin_button.o
    0x08011d58   0x08011d58   0x00000024   Code   RO        11992    i.getCheckboxColors  gwin_checkbox.o
    0x08011d7c   0x08011d7c   0x00000024   Code   RO        12361    i.getDrawColors     gwin_radio.o
    0x08011da0   0x08011da0   0x0000036c   Code   RO         8099    i.getPixels         gdisp_image_bmp.o
    0x0801210c   0x0801210c   0x000000c2   Code   RO         8791    i.get_wordlen       mf_wordwrap.o
    0x080121ce   0x080121ce   0x00000012   Code   RO        12293    i.getheight         gwin_label.o
    0x080121e0   0x080121e0   0x00000016   Code   RO        12294    i.getwidth          gwin_label.o
    0x080121f6   0x080121f6   0x00000002   PAD
    0x080121f8   0x080121f8   0x00000080   Code   RO         9071    i.geventAttachSource  gevent.o
    0x08012278   0x08012278   0x00000028   Code   RO         9073    i.geventDetachSourceListeners  gevent.o
    0x080122a0   0x080122a0   0x0000002a   Code   RO         9075    i.geventEventWait   gevent.o
    0x080122ca   0x080122ca   0x00000002   PAD
    0x080122cc   0x080122cc   0x00000044   Code   RO         9076    i.geventGetEventBuffer  gevent.o
    0x08012310   0x08012310   0x00000074   Code   RO         9077    i.geventGetSourceListener  gevent.o
    0x08012384   0x08012384   0x0000001a   Code   RO         9078    i.geventListenerInit  gevent.o
    0x0801239e   0x0801239e   0x00000002   PAD
    0x080123a0   0x080123a0   0x00000038   Code   RO         9079    i.geventRegisterCallback  gevent.o
    0x080123d8   0x080123d8   0x00000050   Code   RO         9080    i.geventSendEvent   gevent.o
    0x08012428   0x08012428   0x00000026   Code   RO         9335    i.gfileClose        gfile.o
    0x0801244e   0x0801244e   0x00000014   Code   RO         9340    i.gfileGetPos       gfile.o
    0x08012462   0x08012462   0x00000002   PAD
    0x08012464   0x08012464   0x0000003c   Code   RO         9343    i.gfileOpen         gfile.o
    0x080124a0   0x080124a0   0x00000042   Code   RO         9344    i.gfileRead         gfile.o
    0x080124e2   0x080124e2   0x00000030   Code   RO         9346    i.gfileSetPos       gfile.o
    0x08012512   0x08012512   0x00000018   Code   RO        10815    i.gfxAddHeapBlock   gos_x_heap.o
    0x0801252a   0x0801252a   0x00000002   PAD
    0x0801252c   0x0801252c   0x00000060   Code   RO        10816    i.gfxAlloc          gos_x_heap.o
    0x0801258c   0x0801258c   0x00000084   Code   RO        10817    i.gfxFree           gos_x_heap.o
    0x08012610   0x08012610   0x00000040   Code   RO         9805    i.gfxInit           gfx.o
    0x08012650   0x08012650   0x0000000e   Code   RO        10715    i.gfxMutexInit      gos_cmsis2.o
    0x0801265e   0x0801265e   0x00000008   Code   RO        10869    i.gfxQueueASyncInit  gqueue.o
    0x08012666   0x08012666   0x00000018   Code   RO        10876    i.gfxQueueASyncPut  gqueue.o
    0x0801267e   0x0801267e   0x0000001c   Code   RO        10877    i.gfxQueueASyncPutI  gqueue.o
    0x0801269a   0x0801269a   0x00000018   Code   RO        10878    i.gfxQueueASyncRemove  gqueue.o
    0x080126b2   0x080126b2   0x00000042   Code   RO        10879    i.gfxQueueASyncRemoveI  gqueue.o
    0x080126f4   0x080126f4   0x00000016   Code   RO        10716    i.gfxSemInit        gos_cmsis2.o
    0x0801270a   0x0801270a   0x00000026   Code   RO        10717    i.gfxSemWait        gos_cmsis2.o
    0x08012730   0x08012730   0x00000040   Code   RO        10718    i.gfxThreadCreate   gos_cmsis2.o
    0x08012770   0x08012770   0x0000001c   Code   RO        10218    i.ginputGetMouse    ginput_mouse.o
    0x0801278c   0x0801278c   0x00000010   Code   RO         1078    i.gstudioGetFont    resources_manager.o
    0x0801279c   0x0801279c   0x00000010   Code   RO         1073    i.gstudioGetImage   resources_manager.o
    0x080127ac   0x080127ac   0x00000010   Code   RO         1068    i.gstudioGetImageFilePath  resources_manager.o
    0x080127bc   0x080127bc   0x00000006   Code   RO        11139    i.gtimerInit        gtimer.o
    0x080127c2   0x080127c2   0x0000001c   Code   RO        11140    i.gtimerIsActive    gtimer.o
    0x080127de   0x080127de   0x00000002   PAD
    0x080127e0   0x080127e0   0x00000034   Code   RO        11141    i.gtimerJab         gtimer.o
    0x08012814   0x08012814   0x00000108   Code   RO        11143    i.gtimerStart       gtimer.o
    0x0801291c   0x0801291c   0x0000002c   Code   RO          946    i.guiInit           gui.o
    0x08012948   0x08012948   0x000000b4   Code   RO         1055    i.guiResourcesManagerInit  resources_manager.o
    0x080129fc   0x080129fc   0x00000084   Code   RO          947    i.guiShowPage       gui.o
    0x08012a80   0x08012a80   0x0000014a   Code   RO        12449    i.gwidgetEvent      gwin_widget.o
    0x08012bca   0x08012bca   0x00000002   PAD
    0x08012bcc   0x08012bcc   0x00000014   Code   RO        12450    i.gwinAttachListener  gwin_widget.o
    0x08012be0   0x08012be0   0x00000148   Code   RO        11946    i.gwinButtonDraw_Normal  gwin_button.o
    0x08012d28   0x08012d28   0x0000004c   Code   RO        11993    i.gwinCheckboxCheck  gwin_checkbox.o
    0x08012d74   0x08012d74   0x00000104   Code   RO        11995    i.gwinCheckboxDraw_CheckOnLeft  gwin_checkbox.o
    0x08012e78   0x08012e78   0x0000002c   Code   RO        11997    i.gwinCheckboxIsChecked  gwin_checkbox.o
    0x08012ea4   0x08012ea4   0x00000040   Code   RO        12118    i.gwinContainerDraw_Std  gwin_container.o
    0x08012ee4   0x08012ee4   0x0000004c   Code   RO        12119    i.gwinContainerDraw_Transparent  gwin_container.o
    0x08012f30   0x08012f30   0x0000000e   Code   RO        11563    i.gwinDestroy       gwin.o
    0x08012f3e   0x08012f3e   0x00000002   PAD
    0x08012f40   0x08012f40   0x0000002c   Code   RO        11948    i.gwinGButtonCreate  gwin_button.o
    0x08012f6c   0x08012f6c   0x0000002c   Code   RO        11998    i.gwinGCheckboxCreate  gwin_checkbox.o
    0x08012f98   0x08012f98   0x00000044   Code   RO        12054    i.gwinGConsoleCreate  gwin_console.o
    0x08012fdc   0x08012fdc   0x0000003c   Code   RO        12120    i.gwinGContainerCreate  gwin_container.o
    0x08013018   0x08013018   0x00000038   Code   RO        12246    i.gwinGImageCreate  gwin_image.o
    0x08013050   0x08013050   0x00000090   Code   RO        12295    i.gwinGLabelCreate  gwin_label.o
    0x080130e0   0x080130e0   0x00000034   Code   RO        12362    i.gwinGRadioCreate  gwin_radio.o
    0x08013114   0x08013114   0x0000000c   Code   RO        11579    i.gwinGetDefaultBgColor  gwin.o
    0x08013120   0x08013120   0x0000000c   Code   RO        11581    i.gwinGetDefaultFont  gwin.o
    0x0801312c   0x0801312c   0x00000028   Code   RO        12121    i.gwinGetFirstChild  gwin_container.o
    0x08013154   0x08013154   0x00000014   Code   RO        12623    i.gwinGetNextWindow  gwin_wm.o
    0x08013168   0x08013168   0x0000002a   Code   RO        12124    i.gwinGetSibling    gwin_container.o
    0x08013192   0x08013192   0x00000012   Code   RO        12454    i.gwinGetTag        gwin_widget.o
    0x080131a4   0x080131a4   0x00000048   Code   RO        12248    i.gwinImageOpenGFile  gwin_image.o
    0x080131ec   0x080131ec   0x0000012c   Code   RO        12296    i.gwinLabelDraw     gwin_label.o
    0x08013318   0x08013318   0x00000010   Code   RO        12298    i.gwinLabelDrawJustifiedLeft  gwin_label.o
    0x08013328   0x08013328   0x000002cc   Code   RO        12056    i.gwinPutChar       gwin_console.o
    0x080135f4   0x080135f4   0x0000001a   Code   RO        12058    i.gwinPutString     gwin_console.o
    0x0801360e   0x0801360e   0x00000002   PAD
    0x08013610   0x08013610   0x000000f8   Code   RO        12364    i.gwinRadioDraw_Radio  gwin_radio.o
    0x08013708   0x08013708   0x0000003c   Code   RO        12366    i.gwinRadioGetActive  gwin_radio.o
    0x08013744   0x08013744   0x0000004c   Code   RO        12368    i.gwinRadioPress    gwin_radio.o
    0x08013790   0x08013790   0x00000030   Code   RO        12626    i.gwinRedraw        gwin_wm.o
    0x080137c0   0x080137c0   0x00000020   Code   RO        12628    i.gwinResize        gwin_wm.o
    0x080137e0   0x080137e0   0x0000000c   Code   RO        11585    i.gwinSetDefaultBgColor  gwin.o
    0x080137ec   0x080137ec   0x0000000c   Code   RO        11587    i.gwinSetDefaultFont  gwin.o
    0x080137f8   0x080137f8   0x0000005c   Code   RO        12458    i.gwinSetDefaultStyle  gwin_widget.o
    0x08013854   0x08013854   0x00000004   Code   RO        11588    i.gwinSetFont       gwin.o
    0x08013858   0x08013858   0x00000038   Code   RO        12459    i.gwinSetStyle      gwin_widget.o
    0x08013890   0x08013890   0x0000007c   Code   RO        12461    i.gwinSetText       gwin_widget.o
    0x0801390c   0x0801390c   0x00000034   Code   RO        12631    i.gwinSetVisible    gwin_wm.o
    0x08013940   0x08013940   0x00000014   Code   RO        12462    i.gwinWidgetClearInit  gwin_widget.o
    0x08013954   0x08013954   0x00000142   Code   RO         7407    i.hline_clip        gdisp.o
    0x08013a96   0x08013a96   0x00000002   PAD
    0x08013a98   0x08013a98   0x00000048   Code   RO         6751    i.i2cInit           stm32f7_i2c.o
    0x08013ae0   0x08013ae0   0x0000008c   Code   RO         6752    i.i2cReadByte       stm32f7_i2c.o
    0x08013b6c   0x08013b6c   0x00000098   Code   RO         6753    i.i2cReadWord       stm32f7_i2c.o
    0x08013c04   0x08013c04   0x0000006c   Code   RO         6754    i.i2cWriteReg       stm32f7_i2c.o
    0x08013c70   0x08013c70   0x000000a0   Code   RO         6944    i.init_board        gmouse_lld_ft5336.o
    0x08013d10   0x08013d10   0x0000001e   Code   RO         8792    i.is_wrap_space     mf_wordwrap.o
    0x08013d2e   0x08013d2e   0x00000066   Code   RO         1191    i.isrRtxEventFlagsWait  rtx_evflags.o
    0x08013d94   0x08013d94   0x00000058   Code   RO         2555    i.isrRtxMemoryPoolFree  rtx_mempool.o
    0x08013dec   0x08013dec   0x00000082   Code   RO         2720    i.isrRtxMessageQueueGet  rtx_msgqueue.o
    0x08013e6e   0x08013e6e   0x00000086   Code   RO         2721    i.isrRtxMessageQueuePut  rtx_msgqueue.o
    0x08013ef4   0x08013ef4   0x00000034   Code   RO         3116    i.isr_queue_get     rtx_system.o
    0x08013f28   0x08013f28   0x0000003c   Code   RO         3117    i.isr_queue_put     rtx_system.o
    0x08013f64   0x08013f64   0x00000014   Code   RO         6387    i.lightness_to_pwm  ext_led.o
    0x08013f78   0x08013f78   0x00000122   Code   RO         7408    i.line_clip         gdisp.o
    0x0801409a   0x0801409a   0x00000002   PAD
    0x0801409c   0x0801409c   0x00000268   Code   RO            9    i.main              main.o
    0x08014304   0x08014304   0x0000004e   Code   RO         7882    i.matchfont         gdisp_fonts.o
    0x08014352   0x08014352   0x0000000e   Code   RO         8661    i.max16             mf_kerning.o
    0x08014360   0x08014360   0x00000020   Code   RO         8464    i.mf_character_width  mf_font.o
    0x08014380   0x08014380   0x00000124   Code   RO         8662    i.mf_compute_kerning  mf_kerning.o
    0x080144a4   0x080144a4   0x0000000e   Code   RO         7409    i.mf_countline_callback  gdisp.o
    0x080144b2   0x080144b2   0x00000002   PAD
    0x080144b4   0x080144b4   0x00000044   Code   RO         7410    i.mf_drawline_callback  gdisp.o
    0x080144f8   0x080144f8   0x00000044   Code   RO         7411    i.mf_fillline_callback  gdisp.o
    0x0801453c   0x0801453c   0x00000008   Code   RO         8466    i.mf_get_font_list  mf_font.o
    0x08014544   0x08014544   0x00000074   Code   RO         8599    i.mf_get_string_width  mf_justify.o
    0x080145b8   0x080145b8   0x00000088   Code   RO         8405    i.mf_getchar        mf_encoding.o
    0x08014640   0x08014640   0x0000007e   Code   RO         8600    i.mf_render_aligned  mf_justify.o
    0x080146be   0x080146be   0x00000040   Code   RO         8467    i.mf_render_character  mf_font.o
    0x080146fe   0x080146fe   0x00000026   Code   RO         8406    i.mf_rewind         mf_encoding.o
    0x08014724   0x08014724   0x0000001a   Code   RO         8696    i.mf_rlefont_character_width  mf_rlefont.o
    0x0801473e   0x0801473e   0x00000070   Code   RO         8697    i.mf_rlefont_render_character  mf_rlefont.o
    0x080147ae   0x080147ae   0x00000040   Code   RO         8602    i.mf_round_to_prev_tab  mf_justify.o
    0x080147ee   0x080147ee   0x00000040   Code   RO         8603    i.mf_round_to_tab   mf_justify.o
    0x0801482e   0x0801482e   0x00000020   Code   RO         8758    i.mf_scaled_character_width  mf_scaledfont.o
    0x0801484e   0x0801484e   0x00000002   PAD
    0x08014850   0x08014850   0x00000060   Code   RO         8759    i.mf_scaled_render_character  mf_scaledfont.o
    0x080148b0   0x080148b0   0x000000ec   Code   RO         8793    i.mf_wordwrap       mf_wordwrap.o
    0x0801499c   0x0801499c   0x0000003c   Code   RO         1104    i.osDelay           rtx_delay.o
    0x080149d8   0x080149d8   0x00000040   Code   RO         1192    i.osEventFlagsClear  rtx_evflags.o
    0x08014a18   0x08014a18   0x0000003c   Code   RO         1196    i.osEventFlagsNew   rtx_evflags.o
    0x08014a54   0x08014a54   0x00000084   Code   RO         1197    i.osEventFlagsSet   rtx_evflags.o
    0x08014ad8   0x08014ad8   0x00000054   Code   RO         1198    i.osEventFlagsWait  rtx_evflags.o
    0x08014b2c   0x08014b2c   0x00000030   Code   RO         2214    i.osKernelGetState  rtx_kernel.o
    0x08014b5c   0x08014b5c   0x0000002c   Code   RO         2217    i.osKernelGetTickCount  rtx_kernel.o
    0x08014b88   0x08014b88   0x0000002c   Code   RO         2218    i.osKernelGetTickFreq  rtx_kernel.o
    0x08014bb4   0x08014bb4   0x00000038   Code   RO         2219    i.osKernelInitialize  rtx_kernel.o
    0x08014bec   0x08014bec   0x00000034   Code   RO         2220    i.osKernelLock      rtx_kernel.o
    0x08014c20   0x08014c20   0x00000034   Code   RO         2223    i.osKernelStart     rtx_kernel.o
    0x08014c54   0x08014c54   0x00000034   Code   RO         2225    i.osKernelUnlock    rtx_kernel.o
    0x08014c88   0x08014c88   0x00000084   Code   RO         2556    i.osMemoryPoolAlloc  rtx_mempool.o
    0x08014d0c   0x08014d0c   0x00000040   Code   RO         2558    i.osMemoryPoolFree  rtx_mempool.o
    0x08014d4c   0x08014d4c   0x0000004c   Code   RO         2564    i.osMemoryPoolNew   rtx_mempool.o
    0x08014d98   0x08014d98   0x00000054   Code   RO         2723    i.osMessageQueueGet  rtx_msgqueue.o
    0x08014dec   0x08014dec   0x0000004c   Code   RO         2729    i.osMessageQueueNew  rtx_msgqueue.o
    0x08014e38   0x08014e38   0x00000054   Code   RO         2730    i.osMessageQueuePut  rtx_msgqueue.o
    0x08014e8c   0x08014e8c   0x00000030   Code   RO         2895    i.osMutexAcquire    rtx_mutex.o
    0x08014ebc   0x08014ebc   0x0000002c   Code   RO         2896    i.osMutexDelete     rtx_mutex.o
    0x08014ee8   0x08014ee8   0x0000002c   Code   RO         2899    i.osMutexNew        rtx_mutex.o
    0x08014f14   0x08014f14   0x0000002c   Code   RO         2900    i.osMutexRelease    rtx_mutex.o
    0x08014f40   0x08014f40   0x00000020   Code   RO         3789    i.osRtxErrorNotify  rtx_config.o
    0x08014f60   0x08014f60   0x00000044   Code   RO         1199    i.osRtxEventFlagsPostProcess  rtx_evflags.o
    0x08014fa4   0x08014fa4   0x00000004   Code   RO         3790    i.osRtxIdleThread   rtx_config.o
    0x08014fa8   0x08014fa8   0x0000000c   Code   RO         3178    i.osRtxKernelGetState  rtx_thread.o
    0x08014fb4   0x08014fb4   0x00000002   Code   RO         2226    i.osRtxKernelPreInit  rtx_kernel.o
    0x08014fb6   0x08014fb6   0x000000ee   Code   RO         2503    i.osRtxMemoryAlloc  rtx_memory.o
    0x080150a4   0x080150a4   0x0000007c   Code   RO         2504    i.osRtxMemoryFree   rtx_memory.o
    0x08015120   0x08015120   0x0000006a   Code   RO         2505    i.osRtxMemoryInit   rtx_memory.o
    0x0801518a   0x0801518a   0x00000030   Code   RO         2565    i.osRtxMemoryPoolAlloc  rtx_mempool.o
    0x080151ba   0x080151ba   0x00000044   Code   RO         2566    i.osRtxMemoryPoolFree  rtx_mempool.o
    0x080151fe   0x080151fe   0x00000058   Code   RO         2567    i.osRtxMemoryPoolInit  rtx_mempool.o
    0x08015256   0x08015256   0x0000003a   Code   RO         2568    i.osRtxMemoryPoolPostProcess  rtx_mempool.o
    0x08015290   0x08015290   0x00000108   Code   RO         2732    i.osRtxMessageQueuePostProcess  rtx_msgqueue.o
    0x08015398   0x08015398   0x0000004e   Code   RO         2901    i.osRtxMutexOwnerRelease  rtx_mutex.o
    0x080153e6   0x080153e6   0x00000002   PAD
    0x080153e8   0x080153e8   0x00000088   Code   RO         3118    i.osRtxPendSV_Handler  rtx_system.o
    0x08015470   0x08015470   0x0000003c   Code   RO         3119    i.osRtxPostProcess  rtx_system.o
    0x080154ac   0x080154ac   0x0000002a   Code   RO         3004    i.osRtxSemaphorePostProcess  rtx_semaphore.o
    0x080154d6   0x080154d6   0x00000002   PAD
    0x080154d8   0x080154d8   0x00000040   Code   RO         3179    i.osRtxThreadBlock  rtx_thread.o
    0x08015518   0x08015518   0x00000068   Code   RO         3180    i.osRtxThreadDelayInsert  rtx_thread.o
    0x08015580   0x08015580   0x0000005c   Code   RO         3181    i.osRtxThreadDelayRemove  rtx_thread.o
    0x080155dc   0x080155dc   0x000000c8   Code   RO         3182    i.osRtxThreadDelayTick  rtx_thread.o
    0x080156a4   0x080156a4   0x0000006c   Code   RO         3183    i.osRtxThreadDispatch  rtx_thread.o
    0x08015710   0x08015710   0x00000064   Code   RO         3184    i.osRtxThreadFree   rtx_thread.o
    0x08015774   0x08015774   0x0000000c   Code   RO         3185    i.osRtxThreadGetRunning  rtx_thread.o
    0x08015780   0x08015780   0x0000001a   Code   RO         3186    i.osRtxThreadListGet  rtx_thread.o
    0x0801579a   0x0801579a   0x0000002c   Code   RO         3187    i.osRtxThreadListPut  rtx_thread.o
    0x080157c6   0x080157c6   0x0000001a   Code   RO         3188    i.osRtxThreadListRemove  rtx_thread.o
    0x080157e0   0x080157e0   0x00000010   Code   RO         3189    i.osRtxThreadListRoot  rtx_thread.o
    0x080157f0   0x080157f0   0x0000002a   Code   RO         3190    i.osRtxThreadListSort  rtx_thread.o
    0x0801581a   0x0801581a   0x00000034   Code   RO         3192    i.osRtxThreadPostProcess  rtx_thread.o
    0x0801584e   0x0801584e   0x00000002   PAD
    0x08015850   0x08015850   0x00000018   Code   RO         3193    i.osRtxThreadReadyPut  rtx_thread.o
    0x08015868   0x08015868   0x00000018   Code   RO         3194    i.osRtxThreadRegPtr  rtx_thread.o
    0x08015880   0x08015880   0x0000000c   Code   RO         3195    i.osRtxThreadSetRunning  rtx_thread.o
    0x0801588c   0x0801588c   0x0000002c   Code   RO         3196    i.osRtxThreadStackCheck  rtx_thread.o
    0x080158b8   0x080158b8   0x0000004c   Code   RO         3197    i.osRtxThreadStartup  rtx_thread.o
    0x08015904   0x08015904   0x0000001c   Code   RO         3198    i.osRtxThreadSwitch  rtx_thread.o
    0x08015920   0x08015920   0x0000004c   Code   RO         3199    i.osRtxThreadWaitEnter  rtx_thread.o
    0x0801596c   0x0801596c   0x00000036   Code   RO         3200    i.osRtxThreadWaitExit  rtx_thread.o
    0x080159a2   0x080159a2   0x00000002   PAD
    0x080159a4   0x080159a4   0x000000a0   Code   RO         3120    i.osRtxTick_Handler  rtx_system.o
    0x08015a44   0x08015a44   0x00000050   Code   RO         3594    i.osRtxTimerThread  rtx_timer.o
    0x08015a94   0x08015a94   0x0000005c   Code   RO         3595    i.osRtxTimerTick    rtx_timer.o
    0x08015af0   0x08015af0   0x0000006c   Code   RO         3005    i.osSemaphoreAcquire  rtx_semaphore.o
    0x08015b5c   0x08015b5c   0x00000038   Code   RO         3009    i.osSemaphoreNew    rtx_semaphore.o
    0x08015b94   0x08015b94   0x00000064   Code   RO         3010    i.osSemaphoreRelease  rtx_semaphore.o
    0x08015bf8   0x08015bf8   0x00000020   Code   RO         3203    i.osThreadExit      rtx_thread.o
    0x08015c18   0x08015c18   0x0000002c   Code   RO         3209    i.osThreadGetId     rtx_thread.o
    0x08015c44   0x08015c44   0x0000004c   Code   RO         3216    i.osThreadNew       rtx_thread.o
    0x08015c90   0x08015c90   0x00000038   Code   RO         3221    i.osThreadYield     rtx_thread.o
    0x08015cc8   0x08015cc8   0x00000020   Code   RO         2432    i.os_kernel_is_active  rtx_lib.o
    0x08015ce8   0x08015ce8   0x00000018   Code   RO         6945    i.read_byte         gmouse_lld_ft5336.o
    0x08015d00   0x08015d00   0x00000018   Code   RO         6946    i.read_word         gmouse_lld_ft5336.o
    0x08015d18   0x08015d18   0x00000072   Code   RO         8604    i.render_left       mf_justify.o
    0x08015d8a   0x08015d8a   0x0000009a   Code   RO         8605    i.render_right      mf_justify.o
    0x08015e24   0x08015e24   0x0000005a   Code   RO         8760    i.scaled_pixel_callback  mf_scaledfont.o
    0x08015e7e   0x08015e7e   0x00000002   PAD
    0x08015e80   0x08015e80   0x00000024   Code   RO         6814    i.set_backlight     gdisp_lld_stm32ltdc.o
    0x08015ea4   0x08015ea4   0x00000030   Code   RO         7412    i.setglobalwindow   gdisp.o
    0x08015ed4   0x08015ed4   0x0000002e   Code   RO         8698    i.skip_pixels       mf_rlefont.o
    0x08015f02   0x08015f02   0x00000008   Code   RO         8794    i.sq16              mf_wordwrap.o
    0x08015f0a   0x08015f0a   0x0000000c   Code   RO         4322    i.stdout_putchar    retarget_io.o
    0x08015f16   0x08015f16   0x00000060   Code   RO         8606    i.strip_spaces      mf_justify.o
    0x08015f76   0x08015f76   0x00000002   PAD
    0x08015f78   0x08015f78   0x0000002c   Code   RO         1106    i.svcRtxDelay       rtx_delay.o
    0x08015fa4   0x08015fa4   0x00000044   Code   RO         1200    i.svcRtxEventFlagsClear  rtx_evflags.o
    0x08015fe8   0x08015fe8   0x000000a4   Code   RO         1204    i.svcRtxEventFlagsNew  rtx_evflags.o
    0x0801608c   0x0801608c   0x0000009a   Code   RO         1205    i.svcRtxEventFlagsSet  rtx_evflags.o
    0x08016126   0x08016126   0x00000002   PAD
    0x08016128   0x08016128   0x000000ac   Code   RO         1206    i.svcRtxEventFlagsWait  rtx_evflags.o
    0x080161d4   0x080161d4   0x00000018   Code   RO         2228    i.svcRtxKernelGetState  rtx_kernel.o
    0x080161ec   0x080161ec   0x00000014   Code   RO         2231    i.svcRtxKernelGetTickCount  rtx_kernel.o
    0x08016200   0x08016200   0x00000014   Code   RO         2232    i.svcRtxKernelGetTickFreq  rtx_kernel.o
    0x08016214   0x08016214   0x00000224   Code   RO         2233    i.svcRtxKernelInitialize  rtx_kernel.o
    0x08016438   0x08016438   0x00000044   Code   RO         2234    i.svcRtxKernelLock  rtx_kernel.o
    0x0801647c   0x0801647c   0x000000d8   Code   RO         2237    i.svcRtxKernelStart  rtx_kernel.o
    0x08016554   0x08016554   0x00000044   Code   RO         2239    i.svcRtxKernelUnlock  rtx_kernel.o
    0x08016598   0x08016598   0x0000007c   Code   RO         2569    i.svcRtxMemoryPoolAlloc  rtx_mempool.o
    0x08016614   0x08016614   0x0000007c   Code   RO         2571    i.svcRtxMemoryPoolFree  rtx_mempool.o
    0x08016690   0x08016690   0x00000188   Code   RO         2577    i.svcRtxMemoryPoolNew  rtx_mempool.o
    0x08016818   0x08016818   0x00000138   Code   RO         2734    i.svcRtxMessageQueueGet  rtx_msgqueue.o
    0x08016950   0x08016950   0x00000194   Code   RO         2740    i.svcRtxMessageQueueNew  rtx_msgqueue.o
    0x08016ae4   0x08016ae4   0x00000128   Code   RO         2741    i.svcRtxMessageQueuePut  rtx_msgqueue.o
    0x08016c0c   0x08016c0c   0x000000c8   Code   RO         2902    i.svcRtxMutexAcquire  rtx_mutex.o
    0x08016cd4   0x08016cd4   0x000000d4   Code   RO         2903    i.svcRtxMutexDelete  rtx_mutex.o
    0x08016da8   0x08016da8   0x00000084   Code   RO         2906    i.svcRtxMutexNew    rtx_mutex.o
    0x08016e2c   0x08016e2c   0x000000d0   Code   RO         2907    i.svcRtxMutexRelease  rtx_mutex.o
    0x08016efc   0x08016efc   0x0000005c   Code   RO         3011    i.svcRtxSemaphoreAcquire  rtx_semaphore.o
    0x08016f58   0x08016f58   0x000000a0   Code   RO         3015    i.svcRtxSemaphoreNew  rtx_semaphore.o
    0x08016ff8   0x08016ff8   0x00000050   Code   RO         3016    i.svcRtxSemaphoreRelease  rtx_semaphore.o
    0x08017048   0x08017048   0x00000090   Code   RO         3224    i.svcRtxThreadExit  rtx_thread.o
    0x080170d8   0x080170d8   0x00000012   Code   RO         3230    i.svcRtxThreadGetId  rtx_thread.o
    0x080170ea   0x080170ea   0x00000002   PAD
    0x080170ec   0x080170ec   0x00000278   Code   RO         3237    i.svcRtxThreadNew   rtx_thread.o
    0x08017364   0x08017364   0x00000044   Code   RO         3242    i.svcRtxThreadYield  rtx_thread.o
    0x080173a8   0x080173a8   0x00000050   Code   RO         9350    i.testopen          gfile.o
    0x080173f8   0x080173f8   0x000000c6   Code   RO         8795    i.tune_lines        mf_wordwrap.o
    0x080174be   0x080174be   0x00000142   Code   RO         7413    i.vline_clip        gdisp.o
    0x08017600   0x08017600   0x0000005c   Code   RO         8699    i.write_bin_codeword  mf_rlefont.o
    0x0801765c   0x0801765c   0x00000038   Code   RO         8700    i.write_glyph_codeword  mf_rlefont.o
    0x08017694   0x08017694   0x00000068   Code   RO         8701    i.write_pixels      mf_rlefont.o
    0x080176fc   0x080176fc   0x00000050   Code   RO         8702    i.write_ref_codeword  mf_rlefont.o
    0x0801774c   0x0801774c   0x00000040   Code   RO         8703    i.write_ref_dictentry  mf_rlefont.o
    0x0801778c   0x0801778c   0x0000001c   Code   RO         6947    i.write_reg         gmouse_lld_ft5336.o
    0x080177a8   0x080177a8   0x000000a4   Code   RO         8704    i.write_rle_dictentry  mf_rlefont.o
    0x0801784c   0x0801784c   0x0000000a   Code   RO        13135    x$fpl$fpinit        fz_wm.l(fpinit.o)
    0x08017856   0x08017856   0x00000002   PAD
    0x08017858   0x08017858   0x000002dc   Data   RO           11    .constdata          main.o
    0x08017b34   0x08017b34   0x00000038   Data   RO          948    .constdata          gui.o
    0x08017b6c   0x08017b6c   0x00000001   Data   RO         1093    .constdata          irq_cm4f.o
    0x08017b6d   0x08017b6d   0x00000003   PAD
    0x08017b70   0x08017b70   0x00000064   Data   RO         2439    .constdata          rtx_lib.o
    0x08017bd4   0x08017bd4   0x000000cc   Data   RO         3849    .constdata          i2c_stm32f7xx.o
    0x08017ca0   0x08017ca0   0x000000f8   Data   RO         4031    .constdata          sai_stm32f7xx.o
    0x08017d98   0x08017d98   0x00000018   Data   RO         4209    .constdata          eventrecorder.o
    0x08017db0   0x08017db0   0x00000017   Data   RO         4323    .constdata          retarget_io.o
    0x08017dc7   0x08017dc7   0x00000008   Data   RO         4744    .constdata          stm32f7xx_hal_dma.o
    0x08017dcf   0x08017dcf   0x00000018   Data   RO         6271    .constdata          system_stm32f7xx.o
    0x08017de7   0x08017de7   0x00000065   Data   RO         6388    .constdata          ext_led.o
    0x08017e4c   0x08017e4c   0x000000f8   Data   RO         6815    .constdata          gdisp_lld_stm32ltdc.o
    0x08017f44   0x08017f44   0x0000003c   Data   RO         6948    .constdata          gmouse_lld_ft5336.o
    0x08017f80   0x08017f80   0x00000004   Data   RO         7414    .constdata          gdisp.o
    0x08017f84   0x08017f84   0x00003c50   Data   RO         8469    .constdata          mf_font.o
    0x0801bbd4   0x0801bbd4   0x00006f68   Data   RO         9699    .constdata          gfile_fs_rom.o
    0x08022b3c   0x08022b3c   0x00000024   Data   RO        11949    .constdata          gwin_button.o
    0x08022b60   0x08022b60   0x00000024   Data   RO        11999    .constdata          gwin_checkbox.o
    0x08022b84   0x08022b84   0x00000014   Data   RO        12059    .constdata          gwin_console.o
    0x08022b98   0x08022b98   0x0000003c   Data   RO        12125    .constdata          gwin_container.o
    0x08022bd4   0x08022bd4   0x00000014   Data   RO        12249    .constdata          gwin_image.o
    0x08022be8   0x08022be8   0x00000024   Data   RO        12301    .constdata          gwin_label.o
    0x08022c0c   0x08022c0c   0x00000024   Data   RO        12369    .constdata          gwin_radio.o
    0x08022c30   0x08022c30   0x00000038   Data   RO        12464    .constdata          gwin_widget.o
    0x08022c68   0x08022c68   0x00000028   Data   RO        12634    .constdata          gwin_wm.o
    0x08022c90   0x08022c90   0x00000011   Data   RO        12843    .constdata          c_w.l(__printf_flags_wp.o)
    0x08022ca1   0x08022ca1   0x0000000c   Data   RO        12912    .constdata          c_w.l(_monlen.o)
    0x08022cad   0x08022cad   0x00000003   PAD
    0x08022cb0   0x08022cb0   0x000000ad   Data   RO           12    .conststring        main.o
    0x08022d5d   0x08022d5d   0x00000003   PAD
    0x08022d60   0x08022d60   0x000000b7   Data   RO         8470    .conststring        mf_font.o
    0x08022e17   0x08022e17   0x00000001   PAD
    0x08022e18   0x08022e18   0x00000018   Data   RO         9700    .conststring        gfile_fs_rom.o
    0x08022e30   0x08022e30   0x00000007   Data   RO        11950    .conststring        gwin_button.o
    0x08022e37   0x08022e37   0x00000001   PAD
    0x08022e38   0x08022e38   0x00000009   Data   RO        12000    .conststring        gwin_checkbox.o
    0x08022e41   0x08022e41   0x00000003   PAD
    0x08022e44   0x08022e44   0x00000008   Data   RO        12060    .conststring        gwin_console.o
    0x08022e4c   0x08022e4c   0x0000000a   Data   RO        12126    .conststring        gwin_container.o
    0x08022e56   0x08022e56   0x00000002   PAD
    0x08022e58   0x08022e58   0x00000006   Data   RO        12250    .conststring        gwin_image.o
    0x08022e5e   0x08022e5e   0x00000002   PAD
    0x08022e60   0x08022e60   0x00000006   Data   RO        12302    .conststring        gwin_label.o
    0x08022e66   0x08022e66   0x00000002   PAD
    0x08022e68   0x08022e68   0x00000006   Data   RO        12370    .conststring        gwin_radio.o
    0x08022e6e   0x08022e6e   0x00000002   PAD
    0x08022e70   0x08022e70   0x0000000b   Data   RO         2240    .conststrlit        rtx_kernel.o
    0x08022e7b   0x08022e7b   0x00000001   PAD
    0x08022e7c   0x08022e7c   0x00000038   Data   RO         2425    .rodata             rtx_lib.o
    0x08022eb4   0x08022eb4   0x00000068   Data   RO         2441    .rodata             rtx_lib.o
    0x08022f1c   0x08022f1c   0x00000020   Data   RO        13231    Region$$Table       anon$$obj.o


    Execution Region RW_IRAM2 (Exec base: 0x20000000, Load base: 0x080232a8, Size: 0x00000000, Max: 0x00010000, ABSOLUTE)

    **** No section assigned to this execution region ****


    Execution Region RW_IRAM1 (Exec base: 0x20010000, Load base: 0x08022f3c, Size: 0x0002c8a8, Max: 0x00040000, ABSOLUTE, COMPRESSED[0x0000036c])

    Exec Addr    Load Addr    Size         Type   Attr      Idx    E Section Name        Object

    0x20010000   COMPRESSED   0x000186e0   Data   RW         2433    .bss.os             rtx_lib.o
    0x200286e0   COMPRESSED   0x000001f0   Data   RW         2434    .bss.os.libspace    rtx_lib.o
    0x200288d0   COMPRESSED   0x00000034   Data   RW         2435    .bss.os.msgqueue.cb  rtx_lib.o
    0x20028904   COMPRESSED   0x00000050   Data   RW         2436    .bss.os.msgqueue.mem  rtx_lib.o
    0x20028954   COMPRESSED   0x00000088   Data   RW         2437    .bss.os.thread.cb   rtx_lib.o
    0x200289dc   COMPRESSED   0x00000004   PAD
    0x200289e0   COMPRESSED   0x00000190   Data   RW         2438    .bss.os.thread.stack  rtx_lib.o
    0x20028b70   COMPRESSED   0x00000064   Data   RW           13    .data               main.o
    0x20028bd4   COMPRESSED   0x00000003   Data   RW          623    .data               phy_receiver.o
    0x20028bd7   COMPRESSED   0x00000001   PAD
    0x20028bd8   COMPRESSED   0x00000008   Data   RW          904    .data               mac.o
    0x20028be0   COMPRESSED   0x000000e0   Data   RW          949    .data               gui.o
    0x20028cc0   COMPRESSED   0x00000008   Data   RW         1057    .data               resources_manager.o
    0x20028cc8   COMPRESSED   0x00000005   Data   RW         2440    .data               rtx_lib.o
    0x20028ccd   COMPRESSED   0x00000001   Data   RW         3724    .data               os_systick.o
    0x20028cce   COMPRESSED   0x00000002   PAD
    0x20028cd0   COMPRESSED   0x00000009   Data   RW         4423    .data               stm32f7xx_hal.o
    0x20028cd9   COMPRESSED   0x00000003   PAD
    0x20028cdc   COMPRESSED   0x00000004   Data   RW         6272    .data               system_stm32f7xx.o
    0x20028ce0   COMPRESSED   0x00000008   Data   RW         6343    .data               ext_keyboard.o
    0x20028ce8   COMPRESSED   0x00000005   Data   RW         6756    .data               stm32f7_i2c.o
    0x20028ced   COMPRESSED   0x00000003   PAD
    0x20028cf0   COMPRESSED   0x00000004   Data   RW         7415    .data               gdisp.o
    0x20028cf4   COMPRESSED   0x00000004   Data   RW         7883    .data               gdisp_fonts.o
    0x20028cf8   COMPRESSED   0x00000020   Data   RW         7974    .data               gdisp_image.o
    0x20028d18   COMPRESSED   0x00000008   Data   RW         8842    .data               gdriver.o
    0x20028d20   COMPRESSED   0x00000004   Data   RW         9082    .data               gevent.o
    0x20028d24   COMPRESSED   0x00000010   Data   RW         9352    .data               gfile.o
    0x20028d34   COMPRESSED   0x00000004   Data   RW         9701    .data               gfile_fs_rom.o
    0x20028d38   COMPRESSED   0x00000001   Data   RW         9806    .data               gfx.o
    0x20028d39   COMPRESSED   0x00000003   PAD
    0x20028d3c   COMPRESSED   0x00000004   Data   RW        10820    .data               gos_x_heap.o
    0x20028d40   COMPRESSED   0x00000015   Data   RW        11145    .data               gtimer.o
    0x20028d55   COMPRESSED   0x00000003   PAD
    0x20028d58   COMPRESSED   0x00000008   Data   RW        11591    .data               gwin.o
    0x20028d60   COMPRESSED   0x00000004   Data   RW        12465    .data               gwin_widget.o
    0x20028d64   COMPRESSED   0x00000015   Data   RW        12635    .data               gwin_wm.o
    0x20028d79   COMPRESSED   0x00000003   PAD
    0x20028d7c   COMPRESSED   0x00000004   Data   RW        12858    .data               c_w.l(stdio_streams.o)
    0x20028d80   COMPRESSED   0x00000004   Data   RW        12859    .data               c_w.l(stdio_streams.o)
    0x20028d84   COMPRESSED   0x00000004   Data   RW        12860    .data               c_w.l(stdio_streams.o)
    0x20028d88   COMPRESSED   0x00000004   Data   RW        12996    .data               c_w.l(streamlock.o)
    0x20028d8c   COMPRESSED   0x000000a4   Data   RW         2241    .data.os            rtx_kernel.o
    0x20028e30        -       0x00000028   Zero   RW           10    .bss                main.o
    0x20028e58        -       0x00000030   Zero   RW          370    .bss                lcd.o
    0x20028e88        -       0x00000100   Zero   RW          622    .bss                phy_receiver.o
    0x20028f88        -       0x00000010   Zero   RW          903    .bss                mac.o
    0x20028f98        -       0x00000040   Zero   RW         1056    .bss                resources_manager.o
    0x20028fd8        -       0x0000001c   Zero   RW         3848    .bss                i2c_stm32f7xx.o
    0x20028ff4        -       0x000000f4   Zero   RW         4030    .bss                sai_stm32f7xx.o
    0x200290e8        -       0x00000064   Zero   RW         6342    .bss                ext_keyboard.o
    0x2002914c        -       0x00000070   Zero   RW         6444    .bss                ext_uart.o
    0x200291bc        -       0x00000060   Zero   RW         6495    .bss                stm32f746g_discovery_sdram.o
    0x2002921c        -       0x00000100   Zero   RW         6755    .bss                stm32f7_i2c.o
    0x2002931c        -       0x00000200   Zero   RW         9081    .bss                gevent.o
    0x2002951c        -       0x00000060   Zero   RW         9351    .bss                gfile.o
    0x2002957c        -       0x0000001c   Zero   RW        10223    .bss                ginput_mouse.o
    0x20029598        -       0x0000ea60   Zero   RW        10819    .bss                gos_x_heap.o
    0x20037ff8        -       0x00000030   Zero   RW        12463    .bss                gwin_widget.o
    0x20038028        -       0x0000001c   Zero   RW        12633    .bss                gwin_wm.o
    0x20038044        -       0x00000054   Zero   RW        12855    .bss                c_w.l(stdio_streams.o)
    0x20038098        -       0x00000054   Zero   RW        12856    .bss                c_w.l(stdio_streams.o)
    0x200380ec        -       0x00000054   Zero   RW        12857    .bss                c_w.l(stdio_streams.o)
    0x20038140        -       0x0000002c   Zero   RW        12878    .bss                c_w.l(localtime.o)
    0x2003816c        -       0x00000060   Zero   RW        13140    .bss                c_w.l(libspace.o)
    0x200381cc   COMPRESSED   0x00000034   PAD
    0x20038200        -       0x000040a4   Zero   RW         4208    .bss.noinit         eventrecorder.o
    0x2003c2a4   COMPRESSED   0x00000004   PAD
    0x2003c2a8        -       0x00000200   Zero   RW         6260    HEAP                startup_stm32f746xx.o
    0x2003c4a8        -       0x00000400   Zero   RW         6259    STACK               startup_stm32f746xx.o


==============================================================================

Image component sizes


      Code (inc. data)   RO Data    RW Data    ZI Data      Debug   Object Name

         0          0          0          0          0       9208   audio_746g_discovery.o
        96         24          0          0          0        567   chat_receiver.o
       404         62          0          0          0       2286   chat_sender.o
      1104        276          0          0          0       1843   debug.o
      1290         88         24          0      16548      21293   eventrecorder.o
       432         48          0          8        100       2094   ext_keyboard.o
       712         48        101          0          0       2996   ext_led.o
       208         28          0          0        112       2398   ext_uart.o
      6036         78          4          4          0      52020   gdisp.o
       166          6          0          4          0       5940   gdisp_fonts.o
       380          4          0         32          0      12904   gdisp_image.o
      2478          4          0          0          0      11548   gdisp_image_bmp.o
      2368        160        248          0          0      22325   gdisp_lld_stm32ltdc.o
       234         20          0          8          0       6371   gdriver.o
       654         60          0          4        512      11244   gevent.o
       562          8          0         16         96      10383   gfile.o
       218          4      28544          4          0       9752   gfile_fs_rom.o
        64          4          0          1          0       2546   gfx.o
         8          0          0          0          0      15934   ginput.o
      1574         36          0          0         28      10757   ginput_mouse.o
       352         32         60          0          0       8096   gmouse_lld_ft5336.o
         0          0          0          0          0       1780   gos_arduino.o
       148         10          0          0          0       4457   gos_cmsis2.o
       272         18          0          4      60000       3934   gos_x_heap.o
       152          0          0          0          0       8334   gqueue.o
       690         64          0         21          0       7698   gtimer.o
      6376       1086         56        224          0      24251   gui.o
       318         42          0          8          0      34997   gwin.o
       494         10         43          0          0       4556   gwin_button.o
       574         24         45          0          0       5921   gwin_checkbox.o
      1050         22         28          0          0       5975   gwin_console.o
       376         16         70          0          0       7159   gwin_container.o
       490         12         26          0          0       3748   gwin_image.o
       500         12         42          0          0       4644   gwin_label.o
       552         28         42          0          0       5923   gwin_radio.o
       964         48         56          4         48      15057   gwin_widget.o
      2576        118         40         21         28      21014   gwin_wm.o
      5120        200        204          0         28      29248   i2c_stm32f7xx.o
       196         12          1          0          0        664   irq_cm4f.o
      1796        320          0          0         48       3943   lcd.o
       164         30          0          8         16       2593   mac.o
       556         52          0          0          0       1626   mac_receiver.o
       712        116          0          0          0       3381   mac_sender.o
      1136        280        905        100         40     829036   main.o
         0          0          0          0          0       1348   mf_bwfont.o
       174          0          0          0          0       1961   mf_encoding.o
       104          4      15623          0          0       9891   mf_font.o
       734          0          0          0          0       8018   mf_justify.o
       430          8          0          0          0       5537   mf_kerning.o
       850          0          0          0          0       9863   mf_rlefont.o
       218          6          0          0          0       3705   mf_scaledfont.o
       848          0          0          0          0       7306   mf_wordwrap.o
       142         24          0          1          0       2668   os_systick.o
       536         90          0          3        256       2302   phy_receiver.o
       132         28          0          0          0       1609   phy_sender.o
       228        106          0          8         64       3369   resources_manager.o
       388         30         23          0          0       7142   retarget_io.o
        36          6          0          0          0       1061   rtx_config.o
       144         10          0          0          0      13458   rtx_delay.o
      1566         36          0          0          0      17823   rtx_evflags.o
      1784        360          0          0          0      63760   rtx_evr.o
      1370         82         11        164          0      30731   rtx_kernel.o
       214         12        260     101233          0      13171   rtx_lib.o
       478          0          0          0          0       4395   rtx_memory.o
      1630         30          0          0          0      16876   rtx_mempool.o
      2314         34          0          0          0      24448   rtx_msgqueue.o
      1050         34          0          0          0      12544   rtx_mutex.o
      1060         30          0          0          0      14323   rtx_semaphore.o
       796         42          0          0          0      10229   rtx_system.o
      2760        142          0          0          0      32034   rtx_thread.o
       260         30          0          0          0       3531   rtx_timer.o
      6092        178        248          0        244      66551   sai_stm32f7xx.o
        64         26        456          0       1536        868   startup_stm32f746xx.o
      5430         92          0          0         96      51868   stm32f746g_discovery_sdram.o
       472         40          0          5        256       6415   stm32f7_i2c.o
       116         16          0          9          0       2670   stm32f7xx_hal.o
       368         26          0          0          0      41445   stm32f7xx_hal_cortex.o
      1556         16          8          0          0       8635   stm32f7xx_hal_dma.o
       976        104          0          0          0       5156   stm32f7xx_hal_gpio.o
       144          8          0          0          0       1492   stm32f7xx_hal_pwr_ex.o
      1856         70          0          0          0       6140   stm32f7xx_hal_rcc.o
      2640         46          0          0          0       4316   stm32f7xx_hal_rcc_ex.o
      2404          0          0          0          0       9141   stm32f7xx_hal_spi.o
      2320         54          0          0          0      11358   stm32f7xx_hal_uart.o
       100         18         24          4          0       1383   system_stm32f7xx.o
        96         24          0          0          0        567   time_receiver.o
       212         48          0          0          0       8544   time_sender.o
       388         60          0          0          0       2783   touch.o

    ----------------------------------------------------------------------
     90132       5480      47244     101920      80060    1804879   Object Totals
         0          0         32          0          0          0   (incl. Generated)
       100          0         20         22          4          0   (incl. Padding)

    ----------------------------------------------------------------------

      Code (inc. data)   RO Data    RW Data    ZI Data      Debug   Library Member Name

        90          0          0          0          0          0   __dczerorl2.o
         8          0          0          0          0         68   __main.o
       312          4         17          0          0         92   __printf_flags_wp.o
        14          0          0          0          0         68   __printf_wp.o
         0          0          0          0          0          0   __rtentry.o
        20          0          0          0          0          0   __rtentry2.o
         6          0          0          0          0          0   __rtentry4.o
        52          8          0          0          0          0   __scatter.o
        28          0          0          0          0          0   __scatter_zi.o
         0          0         12          0          0          0   _monlen.o
        44          0          0          0          0        108   _printf_char.o
        48          6          0          0          0         96   _printf_char_common.o
        64          6          0          0          0         84   _printf_char_file_locked.o
         6          0          0          0          0          0   _printf_d.o
       120         16          0          0          0         92   _printf_dec.o
       178          0          0          0          0         88   _printf_intcommon.o
        78          0          0          0          0        108   _printf_pad.o
         0          0          0          0          0          0   _printf_percent.o
         4          0          0          0          0          0   _printf_percent_end.o
         6          0          0          0          0          0   _printf_s.o
        82          0          0          0          0         80   _printf_str.o
        10          0          0          0          0         68   _sputc.o
        10          0          0          0          0         68   defsig_exit.o
        50          0          0          0          0         88   defsig_general.o
        80         58          0          0          0         76   defsig_rtmem_inner.o
        14          0          0          0          0         80   defsig_rtmem_outer.o
        52         38          0          0          0         76   defsig_rtred_inner.o
        14          0          0          0          0         80   defsig_rtred_outer.o
        18          0          0          0          0         80   exit.o
        76          0          0          0          0         88   fclose.o
       470          0          0          0          0         88   flsbuf.o
       324          8          0          0          0        152   fopen_locked.o
        26          0          0          0          0         68   fputc.o
        36          0          0          0          0         80   fputc_locked.o
       248          6          0          0          0         84   fseek.o
        66          0          0          0          0         76   ftell.o
       158          0          0          0          0        128   h1_alloc_mt.o
        62          0          0          0          0         80   h1_extend_mt.o
        10          0          0          0          0         76   h1_final_mt.o
       118          0          0          0          0        108   h1_free_mt.o
        18          0          0          0          0         84   h1_init_mt.o
         6          0          0          0          0        152   heapauxi.o
         4          0          0          0          0        136   hguard.o
         0          0          0          0          0          0   indicate_semi.o
       138          0          0          0          0        168   init_alloc.o
       456         48          0          0          0        116   initio_locked.o
         2          0          0          0          0          0   libinit.o
        18          0          0          0          0          0   libinit2.o
         2          0          0          0          0          0   libshutdown.o
        10          0          0          0          0          0   libshutdown2.o
         8          4          0          0         96         68   libspace.o
       238          0          0          0          0        100   lludivv7m.o
        12          6          0          0         44         68   localtime.o
       184          6          0          0          0         80   localtime_internal.o
         0          0          0          0          0          0   maybetermalloc2.o
       428         10          0          0          0        116   mktime.o
        24          4          0          0          0         84   noretval__2printf.o
        40          6          0          0          0         84   noretval__2sprintf.o
         4          0          0          0          0         68   putc.o
         4          0          0          0          0         68   rt_errno_addr_twolibspace.o
        10          0          0          0          0         76   rt_heap_descriptor_twolibspace.o
        68          0          0          0          0         68   rt_memclr.o
        78          0          0          0          0         80   rt_memclr_w.o
       138          0          0          0          0         68   rt_memcpy_v6.o
       100          0          0          0          0         80   rt_memcpy_w.o
         2          0          0          0          0          0   rtexit.o
        10          0          0          0          0          0   rtexit2.o
       104          0          0          0          0         88   setvbuf_locked.o
       240          6          0          0          0        156   stdio.o
         0          0          0         12        252          0   stdio_streams.o
        24          0          0          0          0         68   strcat.o
       104          0          0          0          0         68   strcmpv7m_pel.o
        72          0          0          0          0         80   strcpy.o
         0          0          0          4          0          0   streamlock.o
        62          0          0          0          0         76   strlen.o
        12          4          0          0          0         68   sys_exit.o
        74          0          0          0          0         80   sys_stackheap_outer.o
        14          0          0          0          0         76   sys_wrch.o
        16          0          0          0          0         80   term_alloc.o
         2          0          0          0          0         68   use_no_semi.o
        10          0          0          0          0        116   fpinit.o

    ----------------------------------------------------------------------
      5756        244         32         16        444       5316   Library Totals
        18          0          3          0         52          0   (incl. Padding)

    ----------------------------------------------------------------------

      Code (inc. data)   RO Data    RW Data    ZI Data      Debug   Library Name

      5728        244         29         16        392       5200   c_w.l
        10          0          0          0          0        116   fz_wm.l

    ----------------------------------------------------------------------
      5756        244         32         16        444       5316   Library Totals

    ----------------------------------------------------------------------

==============================================================================


      Code (inc. data)   RO Data    RW Data    ZI Data      Debug   

     95888       5724      47276     101936      80504    1738683   Grand Totals
     95888       5724      47276        876      80504    1738683   ELF Image Totals (compressed)
     95888       5724      47276        876          0          0   ROM Totals

==============================================================================

    Total RO  Size (Code + RO Data)               143164 ( 139.81kB)
    Total RW  Size (RW Data + ZI Data)            182440 ( 178.16kB)
    Total ROM Size (Code + RO Data + RW Data)     144040 ( 140.66kB)

==============================================================================

