Component: ARM Compiler 5.06 update 6 (build 750) Tool: armlink [4d35ed]

==============================================================================

Section Cross References

    main.o(i.CheckRetCode) refers to _printf_percent.o(.ARM.Collect$$_printf_percent$$00000000) for _printf_percent
    main.o(i.CheckRetCode) refers to _printf_d.o(.ARM.Collect$$_printf_percent$$00000009) for _printf_d
    main.o(i.CheckRetCode) refers to _printf_dec.o(.text) for _printf_int_dec
    main.o(i.CheckRetCode) refers to _printf_s.o(.ARM.Collect$$_printf_percent$$00000014) for _printf_s
    main.o(i.CheckRetCode) refers to _printf_str.o(.text) for _printf_str
    main.o(i.CheckRetCode) refers to noretval__2printf.o(.text) for __2printf
    main.o(i.DebugFrame) refers to putc.o(.text) for putc
    main.o(i.DebugFrame) refers to stdio_streams.o(.bss) for __stdout
    main.o(i.DebugMacFrame) refers to putc.o(.text) for putc
    main.o(i.DebugMacFrame) refers to stdio_streams.o(.bss) for __stdout
    main.o(i.HAL_GetTick) refers to rtx_kernel.o(i.osKernelGetTickCount) for osKernelGetTickCount
    main.o(i.SystemClock_Config) refers to stm32f7xx_hal_rcc.o(i.HAL_RCC_OscConfig) for HAL_RCC_OscConfig
    main.o(i.SystemClock_Config) refers to stm32f7xx_hal_pwr_ex.o(i.HAL_PWREx_EnableOverDrive) for HAL_PWREx_EnableOverDrive
    main.o(i.SystemClock_Config) refers to stm32f7xx_hal_rcc.o(i.HAL_RCC_ClockConfig) for HAL_RCC_ClockConfig
    main.o(i.SystemClock_Config) refers to stm32f7xx_hal_rcc_ex.o(i.HAL_RCCEx_GetPeriphCLKConfig) for HAL_RCCEx_GetPeriphCLKConfig
    main.o(i.SystemClock_Config) refers to stm32f7xx_hal_rcc_ex.o(i.HAL_RCCEx_PeriphCLKConfig) for HAL_RCCEx_PeriphCLKConfig
    main.o(i.main) refers to main.o(i.SystemClock_Config) for SystemClock_Config
    main.o(i.main) refers to eventrecorder.o(i.EventRecorderInitialize) for EventRecorderInitialize
    main.o(i.main) refers to eventrecorder.o(i.EventRecorderDisable) for EventRecorderDisable
    main.o(i.main) refers to eventrecorder.o(i.EventRecorderStart) for EventRecorderStart
    main.o(i.main) refers to rtx_kernel.o(i.osKernelInitialize) for osKernelInitialize
    main.o(i.main) refers to ext_led.o(i.Ext_LED_Init) for Ext_LED_Init
    main.o(i.main) refers to ext_uart.o(i.Ext_UART_Init) for Ext_UART_Init
    main.o(i.main) refers to ext_led.o(i.Ext_LED_PWM) for Ext_LED_PWM
    main.o(i.main) refers to rtx_mempool.o(i.osMemoryPoolNew) for osMemoryPoolNew
    main.o(i.main) refers to rtx_evflags.o(i.osEventFlagsNew) for osEventFlagsNew
    main.o(i.main) refers to rtx_msgqueue.o(i.osMessageQueueNew) for osMessageQueueNew
    main.o(i.main) refers to rtx_thread.o(i.osThreadNew) for osThreadNew
    main.o(i.main) refers to rtx_kernel.o(i.osKernelStart) for osKernelStart
    main.o(i.main) refers to main.o(.bss) for gTokenInterface
    main.o(i.main) refers to main.o(.data) for memPool
    main.o(i.main) refers to main.o(.constdata) for debug_attr
    main.o(i.main) refers to debug.o(i.DebugStation) for DebugStation
    main.o(i.main) refers to phy_receiver.o(i.PhReceiver) for PhReceiver
    main.o(i.main) refers to phy_sender.o(i.PhSender) for PhSender
    main.o(i.main) refers to mac_receiver.o(i.MacReceiver) for MacReceiver
    main.o(i.main) refers to mac_sender.o(i.MacSender) for MacSender
    main.o(i.main) refers to time_receiver.o(i.TimeReceiver) for TimeReceiver
    main.o(i.main) refers to time_sender.o(i.TimeSender) for TimeSender
    main.o(i.main) refers to chat_receiver.o(i.ChatReceiver) for ChatReceiver
    main.o(i.main) refers to chat_sender.o(i.ChatSender) for ChatSender
    main.o(i.main) refers to touch.o(i.Touch) for Touch
    main.o(i.main) refers to lcd.o(i.LCD) for LCD
    main.o(.constdata) refers to main.o(.conststring) for .conststring
    lcd.o(i.LCD) refers to _printf_percent.o(.ARM.Collect$$_printf_percent$$00000000) for _printf_percent
    lcd.o(i.LCD) refers to _printf_d.o(.ARM.Collect$$_printf_percent$$00000009) for _printf_d
    lcd.o(i.LCD) refers to _printf_dec.o(.text) for _printf_int_dec
    lcd.o(i.LCD) refers to _printf_s.o(.ARM.Collect$$_printf_percent$$00000014) for _printf_s
    lcd.o(i.LCD) refers to _printf_str.o(.text) for _printf_str
    lcd.o(i.LCD) refers to gfx.o(i.gfxInit) for gfxInit
    lcd.o(i.LCD) refers to gdisp.o(i.gdispGClear) for gdispGClear
    lcd.o(i.LCD) refers to gdisp_fonts.o(i.gdispOpenFont) for gdispOpenFont
    lcd.o(i.LCD) refers to gwin.o(i.gwinSetDefaultFont) for gwinSetDefaultFont
    lcd.o(i.LCD) refers to gwin_widget.o(i.gwinSetDefaultStyle) for gwinSetDefaultStyle
    lcd.o(i.LCD) refers to gui.o(i.guiInit) for guiInit
    lcd.o(i.LCD) refers to gevent.o(i.geventListenerInit) for geventListenerInit
    lcd.o(i.LCD) refers to gwin_widget.o(i.gwinAttachListener) for gwinAttachListener
    lcd.o(i.LCD) refers to gui.o(i.guiShowPage) for guiShowPage
    lcd.o(i.LCD) refers to noretval__2sprintf.o(.text) for __2sprintf
    lcd.o(i.LCD) refers to gwin_widget.o(i.gwinSetText) for gwinSetText
[...]
    0x080039b0   0x080039b0   0x00000018   Code   RO         1365    i.EvrRtxMemoryBlockAlloc  rtx_evr.o
    0x080039c8   0x080039c8   0x00000020   Code   RO         1366    i.EvrRtxMemoryBlockFree  rtx_evr.o
    0x080039e8   0x080039e8   0x00000020   Code   RO         1367    i.EvrRtxMemoryBlockInit  rtx_evr.o
    0x08003a08   0x08003a08   0x00000020   Code   RO         1368    i.EvrRtxMemoryFree  rtx_evr.o
    0x08003a28   0x08003a28   0x0000001c   Code   RO         1369    i.EvrRtxMemoryInit  rtx_evr.o
    0x08003a44   0x08003a44   0x00000018   Code   RO         1370    i.EvrRtxMemoryPoolAlloc  rtx_evr.o
    0x08003a5c   0x08003a5c   0x00000014   Code   RO         1371    i.EvrRtxMemoryPoolAllocFailed  rtx_evr.o
    0x08003a70   0x08003a70   0x00000018   Code   RO         1372    i.EvrRtxMemoryPoolAllocPending  rtx_evr.o
    0x08003a88   0x08003a88   0x00000014   Code   RO         1373    i.EvrRtxMemoryPoolAllocTimeout  rtx_evr.o
    0x08003a9c   0x08003a9c   0x00000018   Code   RO         1374    i.EvrRtxMemoryPoolAllocated  rtx_evr.o
    0x08003ab4   0x08003ab4   0x00000018   Code   RO         1375    i.EvrRtxMemoryPoolCreated  rtx_evr.o
    0x08003acc   0x08003acc   0x00000018   Code   RO         1376    i.EvrRtxMemoryPoolDeallocated  rtx_evr.o
    0x08003ae4   0x08003ae4   0x00000014   Code   RO         1379    i.EvrRtxMemoryPoolError  rtx_evr.o
    0x08003af8   0x08003af8   0x00000018   Code   RO         1380    i.EvrRtxMemoryPoolFree  rtx_evr.o
    0x08003b10   0x08003b10   0x00000018   Code   RO         1381    i.EvrRtxMemoryPoolFreeFailed  rtx_evr.o
    0x08003b28   0x08003b28   0x00000020   Code   RO         1387    i.EvrRtxMemoryPoolNew  rtx_evr.o
    0x08003b48   0x08003b48   0x00000018   Code   RO         1388    i.EvrRtxMessageQueueCreated  rtx_evr.o
    0x08003b60   0x08003b60   0x00000014   Code   RO         1391    i.EvrRtxMessageQueueError  rtx_evr.o
    0x08003b74   0x08003b74   0x00000020   Code   RO         1392    i.EvrRtxMessageQueueGet  rtx_evr.o
    0x08003b94   0x08003b94   0x00000020   Code   RO         1397    i.EvrRtxMessageQueueGetPending  rtx_evr.o
    0x08003bb4   0x08003bb4   0x00000014   Code   RO         1399    i.EvrRtxMessageQueueGetTimeout  rtx_evr.o
    0x08003bc8   0x08003bc8   0x00000018   Code   RO         1400    i.EvrRtxMessageQueueInsertPending  rtx_evr.o
    0x08003be0   0x08003be0   0x00000018   Code   RO         1401    i.EvrRtxMessageQueueInserted  rtx_evr.o
    0x08003bf8   0x08003bf8   0x00000020   Code   RO         1402    i.EvrRtxMessageQueueNew  rtx_evr.o
    0x08003c18   0x08003c18   0x00000018   Code   RO         1403    i.EvrRtxMessageQueueNotInserted  rtx_evr.o
    0x08003c30   0x08003c30   0x00000018   Code   RO         1404    i.EvrRtxMessageQueueNotRetrieved  rtx_evr.o
    0x08003c48   0x08003c48   0x00000020   Code   RO         1405    i.EvrRtxMessageQueuePut  rtx_evr.o
    0x08003c68   0x08003c68   0x00000020   Code   RO         1406    i.EvrRtxMessageQueuePutPending  rtx_evr.o
    0x08003c88   0x08003c88   0x00000014   Code   RO         1407    i.EvrRtxMessageQueuePutTimeout  rtx_evr.o
    0x08003c9c   0x08003c9c   0x00000018   Code   RO         1410    i.EvrRtxMessageQueueRetrieved  rtx_evr.o
    0x08003cb4   0x08003cb4   0x00000018   Code   RO         1411    i.EvrRtxThreadBlocked  rtx_evr.o
    0x08003ccc   0x08003ccc   0x00000028   Code   RO         1412    i.EvrRtxThreadCreated  rtx_evr.o
    0x08003cf4   0x08003cf4   0x00000014   Code   RO         1413    i.EvrRtxThreadDestroyed  rtx_evr.o
    0x08003d08   0x08003d08   0x00000014   Code   RO         1417    i.EvrRtxThreadError  rtx_evr.o
    0x08003d1c   0x08003d1c   0x00000014   Code   RO         1418    i.EvrRtxThreadExit  rtx_evr.o
    0x08003d30   0x08003d30   0x00000020   Code   RO         1426    i.EvrRtxThreadFlagsWaitCompleted  rtx_evr.o
    0x08003d50   0x08003d50   0x00000014   Code   RO         1429    i.EvrRtxThreadFlagsWaitTimeout  rtx_evr.o
    0x08003d64   0x08003d64   0x00000014   Code   RO         1431    i.EvrRtxThreadGetId  rtx_evr.o
    0x08003d78   0x08003d78   0x00000014   Code   RO         1439    i.EvrRtxThreadJoined  rtx_evr.o
    0x08003d8c   0x08003d8c   0x00000020   Code   RO         1440    i.EvrRtxThreadNew   rtx_evr.o
    0x08003dac   0x08003dac   0x00000014   Code   RO         1441    i.EvrRtxThreadPreempted  rtx_evr.o
    0x08003dc0   0x08003dc0   0x00000014   Code   RO         1448    i.EvrRtxThreadSwitched  rtx_evr.o
    0x08003dd4   0x08003dd4   0x00000018   Code   RO         1450    i.EvrRtxThreadUnblocked  rtx_evr.o
    0x08003dec   0x08003dec   0x00000014   Code   RO         1451    i.EvrRtxThreadYield  rtx_evr.o
    0x08003e00   0x08003e00   0x00000018   Code   RO         1452    i.EvrRtxTimerCallback  rtx_evr.o
    0x08003e18   0x08003e18   0x0000016c   Code   RO         6485    i.Ext_Keyboard_Init  ext_keyboard.o
    0x08003f84   0x08003f84   0x0000025c   Code   RO         6527    i.Ext_LED_Init      ext_led.o
    0x080041e0   0x080041e0   0x00000058   Code   RO         6530    i.Ext_LED_PWM       ext_led.o
    0x08004238   0x08004238   0x00000048   Code   RO         6586    i.Ext_UART_Init     ext_uart.o
    0x08004280   0x08004280   0x00000124   Code   RO        11273    i.GTimerThreadHandler  gtimer.o
    0x080043a4   0x080043a4   0x00000010   Code   RO         4200    i.GetContext        eventrecorder.o
    0x080043b4   0x080043b4   0x0000044c   Code   RO        10346    i.GetMouseReading   ginput_mouse.o
    0x08004800   0x08004800   0x000000aa   Code   RO         4733    i.HAL_DMA_Abort     stm32f7xx_hal_dma.o
    0x080048aa   0x080048aa   0x00000028   Code   RO         4734    i.HAL_DMA_Abort_IT  stm32f7xx_hal_dma.o
    0x080048d2   0x080048d2   0x0000006e   Code   RO         4735    i.HAL_DMA_DeInit    stm32f7xx_hal_dma.o
    0x08004940   0x08004940   0x00000240   Code   RO         4738    i.HAL_DMA_IRQHandler  stm32f7xx_hal_dma.o
    0x08004b80   0x08004b80   0x000000ec   Code   RO         4739    i.HAL_DMA_Init      stm32f7xx_hal_dma.o
    0x08004c6c   0x08004c6c   0x0000009e   Code   RO         4743    i.HAL_DMA_Start_IT  stm32f7xx_hal_dma.o
    0x08004d0a   0x08004d0a   0x00000002   PAD
    0x08004d0c   0x08004d0c   0x00000028   Code   RO         4399    i.HAL_Delay         stm32f7xx_hal.o
    0x08004d34   0x08004d34   0x00000180   Code   RO         4877    i.HAL_GPIO_DeInit   stm32f7xx_hal_gpio.o
    0x08004eb4   0x08004eb4   0x00000050   Code   RO          436    i.HAL_GPIO_EXTI_Callback  chat_sender.o
    0x08004f04   0x08004f04   0x0000001c   Code   RO         4879    i.HAL_GPIO_EXTI_IRQHandler  stm32f7xx_hal_gpio.o
    0x08004f20   0x08004f20   0x00000218   Code   RO         4880    i.HAL_GPIO_Init     stm32f7xx_hal_gpio.o
    0x08005138   0x08005138   0x00000010   Code   RO         4882    i.HAL_GPIO_ReadPin  stm32f7xx_hal_gpio.o
    0x08005148   0x08005148   0x0000000c   Code   RO         4884    i.HAL_GPIO_WritePin  stm32f7xx_hal_gpio.o
    0x08005154   0x08005154   0x00000008   Code   RO            7    i.HAL_GetTick       main.o
    0x0800515c   0x0800515c   0x0000004c   Code   RO         4415    i.HAL_InitTick      stm32f7xx_hal.o
    0x080051a8   0x080051a8   0x00000024   Code   RO         4593    i.HAL_NVIC_ClearPendingIRQ  stm32f7xx_hal_cortex.o
    0x080051cc   0x080051cc   0x00000044   Code   RO         4594    i.HAL_NVIC_DisableIRQ  stm32f7xx_hal_cortex.o
    0x08005210   0x08005210   0x00000020   Code   RO         4595    i.HAL_NVIC_EnableIRQ  stm32f7xx_hal_cortex.o
    0x08005230   0x08005230   0x0000007c   Code   RO         4601    i.HAL_NVIC_SetPriority  stm32f7xx_hal_cortex.o
    0x080052ac   0x080052ac   0x00000090   Code   RO         5073    i.HAL_PWREx_EnableOverDrive  stm32f7xx_hal_pwr_ex.o
    0x0800533c   0x0800533c   0x000001a4   Code   RO         5265    i.HAL_RCCEx_GetPeriphCLKConfig  stm32f7xx_hal_rcc_ex.o
    0x080054e0   0x080054e0   0x000001cc   Code   RO         5266    i.HAL_RCCEx_GetPeriphCLKFreq  stm32f7xx_hal_rcc_ex.o
    0x080056ac   0x080056ac   0x000006e0   Code   RO         5267    i.HAL_RCCEx_PeriphCLKConfig  stm32f7xx_hal_rcc_ex.o
    0x08005d8c   0x08005d8c   0x00000194   Code   RO         5160    i.HAL_RCC_ClockConfig  stm32f7xx_hal_rcc.o
    0x08005f20   0x08005f20   0x0000000c   Code   RO         5165    i.HAL_RCC_GetHCLKFreq  stm32f7xx_hal_rcc.o
    0x08005f2c   0x08005f2c   0x00000020   Code   RO         5167    i.HAL_RCC_GetPCLK1Freq  stm32f7xx_hal_rcc.o
    0x08005f4c   0x08005f4c   0x00000020   Code   RO         5168    i.HAL_RCC_GetPCLK2Freq  stm32f7xx_hal_rcc.o
    0x08005f6c   0x08005f6c   0x000000b0   Code   RO         5169    i.HAL_RCC_GetSysClockFreq  stm32f7xx_hal_rcc.o
    0x0800601c   0x0800601c   0x00000504   Code   RO         5172    i.HAL_RCC_OscConfig  stm32f7xx_hal_rcc.o
    0x08006520   0x08006520   0x000000f2   Code   RO         5488    i.HAL_SPI_Init      stm32f7xx_hal_spi.o
    0x08006612   0x08006612   0x00000002   Code   RO         5490    i.HAL_SPI_MspInit   stm32f7xx_hal_spi.o
    0x08006614   0x08006614   0x00000288   Code   RO         5491    i.HAL_SPI_Receive   stm32f7xx_hal_spi.o
    0x0800689c   0x0800689c   0x000003d2   Code   RO         5497    i.HAL_SPI_TransmitReceive  stm32f7xx_hal_spi.o
    0x08006c6e   0x08006c6e   0x00000034   Code   RO         4606    i.HAL_SYSTICK_Config  stm32f7xx_hal_cortex.o
    0x08006ca2   0x08006ca2   0x00000002   Code   RO         5872    i.HAL_UART_ErrorCallback  stm32f7xx_hal_uart.o
    0x08006ca4   0x08006ca4   0x00000198   Code   RO         5875    i.HAL_UART_IRQHandler  stm32f7xx_hal_uart.o
    0x08006e3c   0x08006e3c   0x00000074   Code   RO         5876    i.HAL_UART_Init     stm32f7xx_hal_uart.o
    0x08006eb0   0x08006eb0   0x00000078   Code   RO         6587    i.HAL_UART_MspInit  ext_uart.o
    0x08006f28   0x08006f28   0x000000e4   Code   RO         5881    i.HAL_UART_Receive_IT  stm32f7xx_hal_uart.o
    0x0800700c   0x0800700c   0x00000104   Code   RO          624    i.HAL_UART_RxCpltCallback  phy_receiver.o
    0x08007110   0x08007110   0x00000014   Code   RO          658    i.HAL_UART_TxCpltCallback  phy_sender.o
    0x08007124   0x08007124   0x00000018   Code   RO         3818    i.I2C3_Control      i2c_stm32f7xx.o
    0x0800713c   0x0800713c   0x00000010   Code   RO         3819    i.I2C3_ER_IRQHandler  i2c_stm32f7xx.o
    0x0800714c   0x0800714c   0x00000010   Code   RO         3820    i.I2C3_EV_IRQHandler  i2c_stm32f7xx.o
    0x0800715c   0x0800715c   0x00000010   Code   RO         3821    i.I2C3_GetDataCount  i2c_stm32f7xx.o
    0x0800716c   0x0800716c   0x00000010   Code   RO         3822    i.I2C3_GetStatus    i2c_stm32f7xx.o
    0x0800717c   0x0800717c   0x00000014   Code   RO         3823    i.I2C3_Initialize   i2c_stm32f7xx.o
    0x08007190   0x08007190   0x00000020   Code   RO         3824    i.I2C3_MasterReceive  i2c_stm32f7xx.o
    0x080071b0   0x080071b0   0x00000020   Code   RO         3825    i.I2C3_MasterTransmit  i2c_stm32f7xx.o
    0x080071d0   0x080071d0   0x00000014   Code   RO         3826    i.I2C3_PowerControl  i2c_stm32f7xx.o
    0x080071e4   0x080071e4   0x00000018   Code   RO         3827    i.I2C3_SlaveReceive  i2c_stm32f7xx.o
    0x080071fc   0x080071fc   0x00000018   Code   RO         3828    i.I2C3_SlaveTransmit  i2c_stm32f7xx.o
    0x08007214   0x08007214   0x00000010   Code   RO         3829    i.I2C3_Uninitialize  i2c_stm32f7xx.o
    0x08007224   0x08007224   0x0000000c   Code   RO         3830    i.I2CX_GetCapabilities  i2c_stm32f7xx.o
    0x08007230   0x08007230   0x00000010   Code   RO         3831    i.I2CX_GetVersion   i2c_stm32f7xx.o
    0x08007240   0x08007240   0x00000304   Code   RO         3832    i.I2C_Control       i2c_stm32f7xx.o
    0x08007544   0x08007544   0x00000096   Code   RO         3833    i.I2C_ER_IRQHandler  i2c_stm32f7xx.o
    0x080075da   0x080075da   0x00000002   PAD
    0x080075dc   0x080075dc   0x00000278   Code   RO         3834    i.I2C_EV_IRQHandler  i2c_stm32f7xx.o
    0x08007854   0x08007854   0x00000008   Code   RO         3835    i.I2C_GetDataCount  i2c_stm32f7xx.o
    0x0800785c   0x0800785c   0x000000cc   Code   RO         3836    i.I2C_GetSCLRatio   i2c_stm32f7xx.o
    0x08007928   0x08007928   0x00000008   Code   RO         3837    i.I2C_GetStatus     i2c_stm32f7xx.o
    0x08007930   0x08007930   0x00000130   Code   RO         3838    i.I2C_GetTimingValue  i2c_stm32f7xx.o
    0x08007a60   0x08007a60   0x000001e4   Code   RO         3839    i.I2C_Initialize    i2c_stm32f7xx.o
    0x08007c44   0x08007c44   0x0000015c   Code   RO         3840    i.I2C_MasterReceive  i2c_stm32f7xx.o
    0x08007da0   0x08007da0   0x00000152   Code   RO         3841    i.I2C_MasterTransmit  i2c_stm32f7xx.o
    0x08007ef2   0x08007ef2   0x00000002   PAD
    0x08007ef4   0x08007ef4   0x000003a4   Code   RO         3842    i.I2C_PowerControl  i2c_stm32f7xx.o
    0x08008298   0x08008298   0x0000005c   Code   RO         3843    i.I2C_SlaveReceive  i2c_stm32f7xx.o
    0x080082f4   0x080082f4   0x00000088   Code   RO         3844    i.I2C_SlaveTransmit  i2c_stm32f7xx.o
    0x0800837c   0x0800837c   0x00000034   Code   RO         3845    i.I2C_Uninitialize  i2c_stm32f7xx.o
    0x080083b0   0x080083b0   0x00000030   Code   RO         4308    i.ITM_SendChar      retarget_io.o
    0x080083e0   0x080083e0   0x00000018   Code   RO        12382    i.ImageDestroy      gwin_image.o
    0x080083f8   0x080083f8   0x00000152   Code   RO        12383    i.ImageRedraw       gwin_image.o
    0x0800854a   0x0800854a   0x00000018   Code   RO         1100    i.IsIrqMasked       rtx_delay.o
    0x08008562   0x08008562   0x00000018   Code   RO         1187    i.IsIrqMasked       rtx_evflags.o
    0x0800857a   0x0800857a   0x00000018   Code   RO         2206    i.IsIrqMasked       rtx_kernel.o
    0x08008592   0x08008592   0x00000018   Code   RO         2551    i.IsIrqMasked       rtx_mempool.o
    0x080085aa   0x080085aa   0x00000018   Code   RO         2713    i.IsIrqMasked       rtx_msgqueue.o
    0x080085c2   0x080085c2   0x00000018   Code   RO         2891    i.IsIrqMasked       rtx_mutex.o
    0x080085da   0x080085da   0x00000018   Code   RO         2998    i.IsIrqMasked       rtx_semaphore.o
    0x080085f2   0x080085f2   0x00000018   Code   RO         3170    i.IsIrqMasked       rtx_thread.o
    0x0800860a   0x0800860a   0x00000010   Code   RO         1101    i.IsIrqMode         rtx_delay.o
    0x0800861a   0x0800861a   0x00000010   Code   RO         1188    i.IsIrqMode         rtx_evflags.o
    0x0800862a   0x0800862a   0x00000010   Code   RO         2207    i.IsIrqMode         rtx_kernel.o
    0x0800863a   0x0800863a   0x00000010   Code   RO         2552    i.IsIrqMode         rtx_mempool.o
    0x0800864a   0x0800864a   0x00000010   Code   RO         2714    i.IsIrqMode         rtx_msgqueue.o
    0x0800865a   0x0800865a   0x00000010   Code   RO         2892    i.IsIrqMode         rtx_mutex.o
    0x0800866a   0x0800866a   0x00000010   Code   RO         2999    i.IsIrqMode         rtx_semaphore.o
    0x0800867a   0x0800867a   0x00000010   Code   RO         3171    i.IsIrqMode         rtx_thread.o
    0x0800868a   0x0800868a   0x00000010   Code   RO         2208    i.IsPrivileged      rtx_kernel.o
    0x0800869a   0x0800869a   0x00000002   PAD
    0x0800869c   0x0800869c   0x0000002c   Code   RO          901    i.LAY_DATA_PUT      mac.o
    0x080086c8   0x080086c8   0x00000704   Code   RO          373    i.LCD               lcd.o
    0x08008dcc   0x08008dcc   0x000000b0   Code   RO          548    i.MAC_DATA_REQUEST  mac_sender.o
    0x08008e7c   0x08008e7c   0x0000003c   Code   RO          549    i.MAC_ERROR_INDICATION  mac_sender.o
    0x08008eb8   0x08008eb8   0x00000040   Code   RO          902    i.MAC_NEW_TOKEN     mac.o
    0x08008ef8   0x08008ef8   0x00000020   Code   RO          550    i.MAC_START_REQUEST  mac_sender.o
    0x08008f18   0x08008f18   0x0000001c   Code   RO          551    i.MAC_STOP_REQUEST  mac_sender.o
    0x08008f34   0x08008f34   0x0000028c   Code   RO          600    i.MacReceiver       mac_receiver.o
    0x080091c0   0x080091c0   0x000001a0   Code   RO          552    i.MacSender         mac_sender.o
    0x08009360   0x08009360   0x0000000a   Code   RO         2500    i.MemBlockPtr       rtx_memory.o
    0x0800936a   0x0800936a   0x00000034   Code   RO         2715    i.MessageQueueGet   rtx_msgqueue.o
    0x0800939e   0x0800939e   0x0000004c   Code   RO         2716    i.MessageQueuePut   rtx_msgqueue.o
    0x080093ea   0x080093ea   0x00000022   Code   RO         2717    i.MessageQueueRemove  rtx_msgqueue.o
    0x0800940c   0x0800940c   0x00000038   Code   RO        10347    i.MousePoll         ginput_mouse.o
    0x08009444   0x08009444   0x00000008   Code   RO         3713    i.OS_Tick_AcknowledgeIRQ  os_systick.o
    0x0800944c   0x0800944c   0x00000030   Code   RO         3715    i.OS_Tick_Enable    os_systick.o
    0x0800947c   0x0800947c   0x00000006   Code   RO         3718    i.OS_Tick_GetIRQn   os_systick.o
    0x08009482   0x08009482   0x00000002   PAD
    0x08009484   0x08009484   0x00000050   Code   RO         3721    i.OS_Tick_Setup     os_systick.o
    0x080094d4   0x080094d4   0x00000034   Code   RO          903    i.PH_DATA_REQUEST   mac.o
    0x08009508   0x08009508   0x00000114   Code   RO          625    i.PhReceiver        phy_receiver.o
    0x0800961c   0x0800961c   0x00000070   Code   RO          659    i.PhSender          phy_sender.o
    0x0800968c   0x0800968c   0x00000002   Code   RO         9828    i.ROMClose          gfile_fs_rom.o
    0x0800968e   0x0800968e   0x00000014   Code   RO         9829    i.ROMEof            gfile_fs_rom.o
    0x080096a2   0x080096a2   0x00000014   Code   RO         9830    i.ROMExists         gfile_fs_rom.o
    0x080096b6   0x080096b6   0x00000016   Code   RO         9831    i.ROMFilesize       gfile_fs_rom.o
    0x080096cc   0x080096cc   0x00000030   Code   RO         9832    i.ROMFindFile       gfile_fs_rom.o
    0x080096fc   0x080096fc   0x00000008   Code   RO         9833    i.ROMGetsize        gfile_fs_rom.o
    0x08009704   0x08009704   0x00000018   Code   RO         9834    i.ROMOpen           gfile_fs_rom.o
    0x0800971c   0x0800971c   0x00000038   Code   RO         9835    i.ROMRead           gfile_fs_rom.o
    0x08009754   0x08009754   0x00000012   Code   RO         9836    i.ROMSetpos         gfile_fs_rom.o
    0x08009766   0x08009766   0x00000010   Code   RO        12497    i.RadioMouseDown    gwin_radio.o
    0x08009776   0x08009776   0x0000000c   Code   RO        12742    i.RedrawTimerFn     gwin_wm.o
    0x08009782   0x08009782   0x00000002   PAD
    0x08009784   0x08009784   0x00000010   Code   RO         3995    i.SAI2_A_DMA_Complete  sai_stm32f7xx.o
    0x08009794   0x08009794   0x00000010   Code   RO         3996    i.SAI2_B_DMA_Complete  sai_stm32f7xx.o
    0x080097a4   0x080097a4   0x0000001c   Code   RO         3997    i.SAI2_Control      sai_stm32f7xx.o
    0x080097c0   0x080097c0   0x00000010   Code   RO         3998    i.SAI2_GetCapabilities  sai_stm32f7xx.o
    0x080097d0   0x080097d0   0x00000010   Code   RO         3999    i.SAI2_GetRxCount   sai_stm32f7xx.o
    0x080097e0   0x080097e0   0x00000010   Code   RO         4000    i.SAI2_GetStatus    sai_stm32f7xx.o
    0x080097f0   0x080097f0   0x00000010   Code   RO         4001    i.SAI2_GetTxCount   sai_stm32f7xx.o
    0x08009800   0x08009800   0x00000010   Code   RO         4002    i.SAI2_IRQHandler   sai_stm32f7xx.o
    0x08009810   0x08009810   0x00000014   Code   RO         4003    i.SAI2_Initialize   sai_stm32f7xx.o
    0x08009824   0x08009824   0x00000014   Code   RO         4004    i.SAI2_PowerControl  sai_stm32f7xx.o
    0x08009838   0x08009838   0x00000018   Code   RO         4005    i.SAI2_Receive      sai_stm32f7xx.o
    0x08009850   0x08009850   0x00000018   Code   RO         4006    i.SAI2_Send         sai_stm32f7xx.o
    0x08009868   0x08009868   0x00000010   Code   RO         4007    i.SAI2_Uninitialize  sai_stm32f7xx.o
    0x08009878   0x08009878   0x000007f2   Code   RO         4008    i.SAI_Control       sai_stm32f7xx.o
    0x0800a06a   0x0800a06a   0x00000006   Code   RO         4009    i.SAI_GetCapabilities  sai_stm32f7xx.o
    0x0800a070   0x0800a070   0x00000024   Code   RO         4010    i.SAI_GetRxCount    sai_stm32f7xx.o
    0x0800a094   0x0800a094   0x0000008a   Code   RO         4011    i.SAI_GetStatus     sai_stm32f7xx.o
    0x0800a11e   0x0800a11e   0x00000024   Code   RO         4012    i.SAI_GetTxCount    sai_stm32f7xx.o
    0x0800a142   0x0800a142   0x00000002   PAD
    0x0800a144   0x0800a144   0x00000010   Code   RO         4013    i.SAI_GetVersion    sai_stm32f7xx.o
    0x0800a154   0x0800a154   0x00000208   Code   RO         4014    i.SAI_IRQHandler    sai_stm32f7xx.o
    0x0800a35c   0x0800a35c   0x000003b8   Code   RO         4015    i.SAI_Initialize    sai_stm32f7xx.o
    0x0800a714   0x0800a714   0x000002c0   Code   RO         4016    i.SAI_PowerControl  sai_stm32f7xx.o
    0x0800a9d4   0x0800a9d4   0x0000003e   Code   RO         4017    i.SAI_RX_DMA_Complete  sai_stm32f7xx.o
    0x0800aa12   0x0800aa12   0x00000112   Code   RO         4018    i.SAI_Receive       sai_stm32f7xx.o
    0x0800ab24   0x0800ab24   0x00000112   Code   RO         4019    i.SAI_Send          sai_stm32f7xx.o
    0x0800ac36   0x0800ac36   0x0000003e   Code   RO         4020    i.SAI_TX_DMA_Complete  sai_stm32f7xx.o
    0x0800ac74   0x0800ac74   0x000000dc   Code   RO         4021    i.SAI_Uninitialize  sai_stm32f7xx.o
    0x0800ad50   0x0800ad50   0x00000082   Code   RO         5527    i.SPI_EndRxTransaction  stm32f7xx_hal_spi.o
    0x0800add2   0x0800add2   0x00000064   Code   RO         5528    i.SPI_EndRxTxTransaction  stm32f7xx_hal_spi.o
    0x0800ae36   0x0800ae36   0x000000aa   Code   RO         5535    i.SPI_WaitFifoStateUntilTimeout  stm32f7xx_hal_spi.o
    0x0800aee0   0x0800aee0   0x000000a8   Code   RO         5536    i.SPI_WaitFlagStateUntilTimeout  stm32f7xx_hal_spi.o
    0x0800af88   0x0800af88   0x00000018   Code   RO         3000    i.SemaphoreTokenDecrement  rtx_semaphore.o
    0x0800afa0   0x0800afa0   0x0000001e   Code   RO         3001    i.SemaphoreTokenIncrement  rtx_semaphore.o
    0x0800afbe   0x0800afbe   0x00000002   PAD
    0x0800afc0   0x0800afc0   0x00000054   Code   RO        12129    i.SendCheckboxEvent  gwin_checkbox.o
    0x0800b014   0x0800b014   0x000000d4   Code   RO        10348    i.SendMouseEvent    ginput_mouse.o
    0x0800b0e8   0x0800b0e8   0x00000040   Code   RO        12498    i.SendRadioEvent    gwin_radio.o
    0x0800b128   0x0800b128   0x00000080   Code   RO            8    i.SystemClock_Config  main.o
    0x0800b1a8   0x0800b1a8   0x00000064   Code   RO         6415    i.SystemInit        system_stm32f7xx.o
    0x0800b20c   0x0800b20c   0x00000056   Code   RO         3172    i.ThreadFlagsCheck  rtx_thread.o
    0x0800b262   0x0800b262   0x00000002   PAD
    0x0800b264   0x0800b264   0x00000060   Code   RO          524    i.TimeReceiver      time_receiver.o
    0x0800b2c4   0x0800b2c4   0x000000d4   Code   RO          496    i.TimeSender        time_sender.o
    0x0800b398   0x0800b398   0x00000040   Code   RO         3589    i.TimerInsert       rtx_timer.o
    0x0800b3d8   0x0800b3d8   0x00000018   Code   RO         3591    i.TimerUnlink       rtx_timer.o
    0x0800b3f0   0x0800b3f0   0x00000184   Code   RO          407    i.Touch             touch.o
    0x0800b574   0x0800b574   0x000000f8   Code   RO         5890    i.UART_AdvFeatureConfig  stm32f7xx_hal_uart.o
    0x0800b66c   0x0800b66c   0x00000048   Code   RO         5891    i.UART_CheckIdleState  stm32f7xx_hal_uart.o
    0x0800b6b4   0x0800b6b4   0x00000018   Code   RO         5892    i.UART_DMAAbortOnError  stm32f7xx_hal_uart.o
    0x0800b6cc   0x0800b6cc   0x00000022   Code   RO         5902    i.UART_EndRxTransfer  stm32f7xx_hal_uart.o
    0x0800b6ee   0x0800b6ee   0x00000020   Code   RO         5903    i.UART_EndTransmit_IT  stm32f7xx_hal_uart.o
    0x0800b70e   0x0800b70e   0x0000006c   Code   RO         5905    i.UART_RxISR_16BIT  stm32f7xx_hal_uart.o
    0x0800b77a   0x0800b77a   0x00000068   Code   RO         5906    i.UART_RxISR_8BIT   stm32f7xx_hal_uart.o
    0x0800b7e2   0x0800b7e2   0x00000002   PAD
    0x0800b7e4   0x0800b7e4   0x000003a8   Code   RO         5907    i.UART_SetConfig    stm32f7xx_hal_uart.o
    0x0800bb8c   0x0800bb8c   0x000000b4   Code   RO         5910    i.UART_WaitOnFlagUntilTimeout  stm32f7xx_hal_uart.o
    0x0800bc40   0x0800bc40   0x00000010   Code   RO         6588    i.USART6_IRQHandler  ext_uart.o
    0x0800bc50   0x0800bc50   0x00000040   Code   RO        12743    i.WM_Add            gwin_wm.o
    0x0800bc90   0x0800bc90   0x00000002   Code   RO        12744    i.WM_DeInit         gwin_wm.o
    0x0800bc92   0x0800bc92   0x00000002   PAD
    0x0800bc94   0x0800bc94   0x00000028   Code   RO        12745    i.WM_Delete         gwin_wm.o
    0x0800bcbc   0x0800bcbc   0x00000002   Code   RO        12746    i.WM_Init           gwin_wm.o
    0x0800bcbe   0x0800bcbe   0x00000002   Code   RO        12747    i.WM_MinMax         gwin_wm.o
    0x0800bcc0   0x0800bcc0   0x000001f2   Code   RO        12748    i.WM_Move           gwin_wm.o
    0x0800beb2   0x0800beb2   0x00000002   PAD
    0x0800beb4   0x0800beb4   0x0000009c   Code   RO        12749    i.WM_Raise          gwin_wm.o
    0x0800bf50   0x0800bf50   0x00000178   Code   RO        12750    i.WM_Redraw         gwin_wm.o
    0x0800c0c8   0x0800c0c8   0x000001a4   Code   RO        12751    i.WM_Size           gwin_wm.o
    0x0800c26c   0x0800c26c   0x00000074   Code   RO         6631    i._FMC_SDRAM_Init   stm32f746g_discovery_sdram.o
    0x0800c2e0   0x0800c2e0   0x0000000e   Code   RO         6632    i._FMC_SDRAM_ProgramRefreshRate  stm32f746g_discovery_sdram.o
    0x0800c2ee   0x0800c2ee   0x00000056   Code   RO         6633    i._FMC_SDRAM_SendCommand  stm32f746g_discovery_sdram.o
    0x0800c344   0x0800c344   0x00000098   Code   RO         6634    i._FMC_SDRAM_Timing_Init  stm32f746g_discovery_sdram.o
    0x0800c3dc   0x0800c3dc   0x00000f5c   Code   RO         6635    i._HAL_DMA_DeInit   stm32f746g_discovery_sdram.o
    0x0800d338   0x0800d338   0x00000078   Code   RO         6636    i._HAL_DMA_Init     stm32f746g_discovery_sdram.o
    0x0800d3b0   0x0800d3b0   0x00000038   Code   RO         6637    i._HAL_SDRAM_Init   stm32f746g_discovery_sdram.o
    0x0800d3e8   0x0800d3e8   0x00000028   Code   RO         6638    i._HAL_SDRAM_ProgramRefreshRate  stm32f746g_discovery_sdram.o
    0x0800d410   0x0800d410   0x0000003a   Code   RO         6639    i._HAL_SDRAM_SendCommand  stm32f746g_discovery_sdram.o
    0x0800d44a   0x0800d44a   0x00000002   PAD
    0x0800d44c   0x0800d44c   0x0000001c   Code   RO         4022    i.__NVIC_ClearPendingIRQ  sai_stm32f7xx.o
    0x0800d468   0x0800d468   0x0000001a   Code   RO         4023    i.__NVIC_EnableIRQ  sai_stm32f7xx.o
    0x0800d482   0x0800d482   0x00000002   PAD
    0x0800d484   0x0800d484   0x00000010   Code   RO         4608    i.__NVIC_GetPriorityGrouping  stm32f7xx_hal_cortex.o
    0x0800d494   0x0800d494   0x00000028   Code   RO         4609    i.__NVIC_SetPriority  stm32f7xx_hal_cortex.o
    0x0800d4bc   0x0800d4bc   0x00000058   Code   RO         2424    i.__user_perthread_libspace  rtx_lib.o
    0x0800d514   0x0800d514   0x00000828   Code   RO          941    i._createPageaddressSelectDisplay  gui.o
    0x0800dd3c   0x0800dd3c   0x000008e4   Code   RO          942    i._createPageconfigDisplay  gui.o
    0x0800e620   0x0800e620   0x00000400   Code   RO          943    i._createPagemainDisplay  gui.o
    0x0800ea20   0x0800ea20   0x000002ac   Code   RO          944    i._createPagestartup  gui.o
    0x0800eccc   0x0800eccc   0x0000002c   Code   RO        12251    i._gcontainerCreate  gwin_container.o
    0x0800ecf8   0x0800ecf8   0x0000001e   Code   RO        12253    i._gcontainerDestroy  gwin_container.o
    0x0800ed16   0x0800ed16   0x00000002   Code   RO        12254    i._gcontainerInit   gwin_container.o
    0x0800ed18   0x0800ed18   0x00000044   Code   RO         7500    i._gdispDeInitDriver  gdisp.o
    0x0800ed5c   0x0800ed5c   0x0000002c   Code   RO         7502    i._gdispInit        gdisp.o
    0x0800ed88   0x0800ed88   0x0000003e   Code   RO         7503    i._gdispInitDriver  gdisp.o
    0x0800edc6   0x0800edc6   0x00000002   PAD
    0x0800edc8   0x0800edc8   0x00000040   Code   RO         7504    i._gdispPostInitDriver  gdisp.o
    0x0800ee08   0x0800ee08   0x00000002   Code   RO         8973    i._gdriverInit      gdriver.o
    0x0800ee0a   0x0800ee0a   0x00000002   PAD
    0x0800ee0c   0x0800ee0c   0x00000010   Code   RO         9206    i._geventInit       gevent.o
    0x0800ee1c   0x0800ee1c   0x000000f8   Code   RO         9471    i._gfileFindSlot    gfile.o
    0x0800ef14   0x0800ef14   0x00000002   Code   RO         9472    i._gfileInit        gfile.o
    0x0800ef16   0x0800ef16   0x00000008   Code   RO        10137    i._ginputInit       ginput.o
    0x0800ef1e   0x0800ef1e   0x00000002   Code   RO        10349    i._gmouseDeInitDriver  ginput_mouse.o
    0x0800ef20   0x0800ef20   0x00000020   Code   RO        10351    i._gmouseInit       ginput_mouse.o
    0x0800ef40   0x0800ef40   0x00000054   Code   RO        10352    i._gmouseInitDriver  ginput_mouse.o
    0x0800ef94   0x0800ef94   0x0000003c   Code   RO        10353    i._gmousePostInitDriver  ginput_mouse.o
    0x0800efd0   0x0800efd0   0x00000014   Code   RO        10952    i._gosHeapInit      gos_x_heap.o
    0x0800efe4   0x0800efe4   0x00000008   Code   RO        10851    i._gosInit          gos_cmsis2.o
    0x0800efec   0x0800efec   0x00000002   Code   RO        10852    i._gosPostInit      gos_cmsis2.o
    0x0800efee   0x0800efee   0x00000002   Code   RO        11004    i._gqueueInit       gqueue.o
    0x0800eff0   0x0800eff0   0x00000030   Code   RO        11275    i._gtimerInit       gtimer.o
    0x0800f020   0x0800f020   0x00000074   Code   RO        12581    i._gwidgetCreate    gwin_widget.o
    0x0800f094   0x0800f094   0x0000002a   Code   RO        12583    i._gwidgetDestroy   gwin_widget.o
    0x0800f0be   0x0800f0be   0x00000002   PAD
    0x0800f0c0   0x0800f0c0   0x00000030   Code   RO        12584    i._gwidgetInit      gwin_widget.o
    0x0800f0f0   0x0800f0f0   0x0000001a   Code   RO        12585    i._gwidgetRedraw    gwin_widget.o
    0x0800f10a   0x0800f10a   0x00000002   PAD
    0x0800f10c   0x0800f10c   0x00000068   Code   RO        11695    i._gwinDestroy      gwin.o
    0x0800f174   0x0800f174   0x00000038   Code   RO        12752    i._gwinDrawEnd      gwin_wm.o
    0x0800f1ac   0x0800f1ac   0x0000004c   Code   RO        12753    i._gwinDrawStart    gwin_wm.o
    0x0800f1f8   0x0800f1f8   0x0000014c   Code   RO        12754    i._gwinFlushRedraws  gwin_wm.o
    0x0800f344   0x0800f344   0x00000010   Code   RO        11696    i._gwinInit         gwin.o
    0x0800f354   0x0800f354   0x000000a4   Code   RO        12755    i._gwinRippleVisibility  gwin_wm.o
    0x0800f3f8   0x0800f3f8   0x00000048   Code   RO        12586    i._gwinSendEvent    gwin_widget.o
    0x0800f440   0x0800f440   0x00000034   Code   RO        12756    i._gwinUpdate       gwin_wm.o
    0x0800f474   0x0800f474   0x00000058   Code   RO        12757    i._gwinWMAdd        gwin_wm.o
    0x0800f4cc   0x0800f4cc   0x00000084   Code   RO        11697    i._gwindowCreate    gwin.o
    0x0800f550   0x0800f550   0x00000054   Code   RO        12759    i._gwmInit          gwin_wm.o
    0x0800f5a4   0x0800f5a4   0x0000000e   Code   RO        12978    i._is_digit         c_w.l(__printf_wp.o)
    0x0800f5b2   0x0800f5b2   0x00000002   PAD
    0x0800f5b4   0x0800f5b4   0x00000138   Code   RO         6945    i._ltdc_init        gdisp_lld_stm32ltdc.o
    0x0800f6ec   0x0800f6ec   0x000000f4   Code   RO         6946    i._ltdc_layer_init  gdisp_lld_stm32ltdc.o
    0x0800f7e0   0x0800f7e0   0x00000028   Code   RO         6947    i._ltdc_reload      gdisp_lld_stm32ltdc.o
    0x0800f808   0x0800f808   0x00000016   Code   RO         2425    i._mutex_acquire    rtx_lib.o
    0x0800f81e   0x0800f81e   0x0000000c   Code   RO         2426    i._mutex_free       rtx_lib.o
    0x0800f82a   0x0800f82a   0x00000022   Code   RO         2427    i._mutex_initialize  rtx_lib.o
    0x0800f84c   0x0800f84c   0x00000012   Code   RO         2428    i._mutex_release    rtx_lib.o
    0x0800f85e   0x0800f85e   0x00000008   Code   RO         2429    i._platform_post_stackheap_init  rtx_lib.o
    0x0800f866   0x0800f866   0x00000026   Code   RO         4309    i._sys_close        retarget_io.o
    0x0800f88c   0x0800f88c   0x00000024   Code   RO         4310    i._sys_flen         retarget_io.o
    0x0800f8b0   0x0800f8b0   0x00000024   Code   RO         4311    i._sys_istty        retarget_io.o
    0x0800f8d4   0x0800f8d4   0x00000068   Code   RO         4312    i._sys_open         retarget_io.o
    0x0800f93c   0x0800f93c   0x0000002c   Code   RO         4314    i._sys_seek         retarget_io.o
    0x0800f968   0x0800f968   0x00000046   Code   RO         4315    i._sys_write        retarget_io.o
    0x0800f9ae   0x0800f9ae   0x00000048   Code   RO         8927    i.append_char       mf_wordwrap.o
    0x0800f9f6   0x0800f9f6   0x0000006e   Code   RO         8928    i.append_word       mf_wordwrap.o
    0x0800fa64   0x0800fa64   0x0000000e   Code   RO         8795    i.avg16             mf_kerning.o
    0x0800fa72   0x0800fa72   0x00000040   Code   RO          945    i.background_Display_Background  gui.o
    0x0800fab2   0x0800fab2   0x00000040   Code   RO          946    i.background_gray   gui.o
    0x0800faf2   0x0800faf2   0x00000002   PAD
    0x0800faf4   0x0800faf4   0x000001f4   Code   RO         6948    i.configureLcdPins  gdisp_lld_stm32ltdc.o
    0x0800fce8   0x0800fce8   0x00000042   Code   RO         4201    i.crc16_ccitt       eventrecorder.o
    0x0800fd2a   0x0800fd2a   0x00000002   PAD
    0x0800fd2c   0x0800fd2c   0x00000038   Code   RO         9207    i.deleteAssignments  gevent.o
    0x0800fd64   0x0800fd64   0x00000020   Code   RO         6949    i.dma2d_init        gdisp_lld_stm32ltdc.o
    0x0800fd84   0x0800fd84   0x0000001a   Code   RO         9208    i.doExitEvent       gevent.o
    0x0800fd9e   0x0800fd9e   0x00000026   Code   RO         8796    i.do_kerning        mf_kerning.o
    0x0800fdc4   0x0800fdc4   0x00000028   Code   RO         7505    i.drawcharglyph     gdisp.o
    0x0800fdec   0x0800fdec   0x000000b0   Code   RO         7506    i.drawcharline      gdisp.o
    0x0800fe9c   0x0800fe9c   0x0000005c   Code   RO         7507    i.drawpixel         gdisp.o
    0x0800fef8   0x0800fef8   0x00000046   Code   RO         7508    i.drawpixel_clip    gdisp.o
    0x0800ff3e   0x0800ff3e   0x000000d4   Code   RO         7509    i.fillarea          gdisp.o
    0x08010012   0x08010012   0x00000002   PAD
    0x08010014   0x08010014   0x00000028   Code   RO         7510    i.fillcharglyph     gdisp.o
    0x0801003c   0x0801003c   0x00000090   Code   RO         7511    i.fillcharline      gdisp.o
    0x080100cc   0x080100cc   0x0000002e   Code   RO         8832    i.fillentry_bitcount  mf_rlefont.o
    0x080100fa   0x080100fa   0x0000003c   Code   RO         8833    i.find_glyph        mf_rlefont.o
    0x08010136   0x08010136   0x00000022   Code   RO         8797    i.fit_leftedge      mf_kerning.o
    0x08010158   0x08010158   0x00000026   Code   RO         8798    i.fit_rightedge     mf_kerning.o
    0x0801017e   0x0801017e   0x0000001a   Code   RO        13041    i.fputc             c_w.l(fputc.o)
    0x08010198   0x08010198   0x00000038   Code   RO         7080    i.ft5336Init        gmouse_lld_ft5336.o
    0x080101d0   0x080101d0   0x0000003c   Code   RO         7081    i.ft5336ReadXYZ     gmouse_lld_ft5336.o
    0x0801020c   0x0801020c   0x0000006c   Code   RO         7512    i.gdispBlendColor   gdisp.o
    0x08010278   0x08010278   0x00000294   Code   RO         7514    i.gdispGBlitArea    gdisp.o
    0x0801050c   0x0801050c   0x000000ea   Code   RO         7515    i.gdispGClear       gdisp.o
    0x080105f6   0x080105f6   0x000000a6   Code   RO         7516    i.gdispGControl     gdisp.o
    0x0801069c   0x0801069c   0x000000ca   Code   RO         7517    i.gdispGDrawBox     gdisp.o
    0x08010766   0x08010766   0x00000002   PAD
    0x08010768   0x08010768   0x00000088   Code   RO         7518    i.gdispGDrawChar    gdisp.o
    0x080107f0   0x080107f0   0x000001b0   Code   RO         7519    i.gdispGDrawCircle  gdisp.o
    0x080109a0   0x080109a0   0x00000050   Code   RO         7520    i.gdispGDrawLine    gdisp.o
    0x080109f0   0x080109f0   0x00000044   Code   RO         7521    i.gdispGDrawPixel   gdisp.o
    0x08010a34   0x08010a34   0x00000174   Code   RO         7523    i.gdispGDrawStringBox  gdisp.o
    0x08010ba8   0x08010ba8   0x000000c4   Code   RO         7524    i.gdispGFillArea    gdisp.o
    0x08010c6c   0x08010c6c   0x00000154   Code   RO         7526    i.gdispGFillCircle  gdisp.o
    0x08010dc0   0x08010dc0   0x00000214   Code   RO         7528    i.gdispGFillStringBox  gdisp.o
    0x08010fd4   0x08010fd4   0x00000024   Code   RO         7529    i.gdispGFlush       gdisp.o
    0x08010ff8   0x08010ff8   0x00000008   Code   RO         7532    i.gdispGGetHeight   gdisp.o
    0x08011000   0x08011000   0x00000006   Code   RO         7533    i.gdispGGetOrientation  gdisp.o
    0x08011006   0x08011006   0x00000008   Code   RO         7536    i.gdispGGetWidth    gdisp.o
    0x0801100e   0x0801100e   0x00000096   Code   RO         8099    i.gdispGImageDraw   gdisp_image.o
    0x080110a4   0x080110a4   0x00000262   Code   RO         8229    i.gdispGImageDraw_BMP  gdisp_image_bmp.o
    0x08011306   0x08011306   0x000000ac   Code   RO         7537    i.gdispGSetClip     gdisp.o
    0x080113b2   0x080113b2   0x00000016   Code   RO         7538    i.gdispGetCharWidth  gdisp.o
    0x080113c8   0x080113c8   0x00000042   Code   RO         7541    i.gdispGetFontMetric  gdisp.o
    0x0801140a   0x0801140a   0x00000012   Code   RO         7542    i.gdispGetStringWidth  gdisp.o
    0x0801141c   0x0801141c   0x0000001e   Code   RO         7543    i.gdispGetStringWidthCount  gdisp.o
    0x0801143a   0x0801143a   0x00000006   Code   RO         8230    i.gdispImageAdjustPalette_BMP  gdisp_image_bmp.o
    0x08011440   0x08011440   0x0000000e   Code   RO         8101    i.gdispImageAlloc   gdisp_image.o
    0x0801144e   0x0801144e   0x0000011a   Code   RO         8231    i.gdispImageCache_BMP  gdisp_image_bmp.o
    0x08011568   0x08011568   0x00000028   Code   RO         8103    i.gdispImageClose   gdisp_image.o
    0x08011590   0x08011590   0x0000003e   Code   RO         8232    i.gdispImageClose_BMP  gdisp_image_bmp.o
    0x080115ce   0x080115ce   0x00000010   Code   RO         8104    i.gdispImageFree    gdisp_image.o
    0x080115de   0x080115de   0x00000006   Code   RO         8233    i.gdispImageGetPaletteSize_BMP  gdisp_image_bmp.o
    0x080115e4   0x080115e4   0x00000006   Code   RO         8234    i.gdispImageGetPalette_BMP  gdisp_image_bmp.o
    0x080115ea   0x080115ea   0x00000006   Code   RO         8107    i.gdispImageInit    gdisp_image.o
    0x080115f0   0x080115f0   0x00000014   Code   RO         8108    i.gdispImageIsOpen  gdisp_image.o
    0x08011604   0x08011604   0x00000008   Code   RO         8235    i.gdispImageNext_BMP  gdisp_image_bmp.o
    0x0801160c   0x0801160c   0x0000007c   Code   RO         8110    i.gdispImageOpenGFile  gdisp_image.o
    0x08011688   0x08011688   0x0000026e   Code   RO         8236    i.gdispImageOpen_BMP  gdisp_image_bmp.o
    0x080118f6   0x080118f6   0x0000000a   Code   RO         8111    i.gdispImageSetBgColor  gdisp_image.o
    0x08011900   0x08011900   0x00000058   Code   RO         8018    i.gdispOpenFont     gdisp_fonts.o
    0x08011958   0x08011958   0x0000009c   Code   RO         6950    i.gdisp_lld_control  gdisp_lld_stm32ltdc.o
    0x080119f4   0x080119f4   0x000000cc   Code   RO         6951    i.gdisp_lld_draw_pixel  gdisp_lld_stm32ltdc.o
    0x08011ac0   0x08011ac0   0x0000017c   Code   RO         6952    i.gdisp_lld_fill_area  gdisp_lld_stm32ltdc.o
    0x08011c3c   0x08011c3c   0x000000c4   Code   RO         6953    i.gdisp_lld_get_pixel_color  gdisp_lld_stm32ltdc.o
    0x08011d00   0x08011d00   0x0000010c   Code   RO         6954    i.gdisp_lld_init    gdisp_lld_stm32ltdc.o
    0x08011e0c   0x08011e0c   0x00000030   Code   RO         8975    i.gdriverGetInstance  gdriver.o
    0x08011e3c   0x08011e3c   0x00000024   Code   RO         8976    i.gdriverGetNext    gdriver.o
    0x08011e60   0x08011e60   0x00000094   Code   RO         8978    i.gdriverRegister   gdriver.o
    0x08011ef4   0x08011ef4   0x00000024   Code   RO        12082    i.getButtonColors   gwin_button.o
    0x08011f18   0x08011f18   0x00000024   Code   RO        12130    i.getCheckboxColors  gwin_checkbox.o
    0x08011f3c   0x08011f3c   0x00000024   Code   RO        12499    i.getDrawColors     gwin_radio.o
    0x08011f60   0x08011f60   0x0000036c   Code   RO         8237    i.getPixels         gdisp_image_bmp.o
    0x080122cc   0x080122cc   0x000000c2   Code   RO         8929    i.get_wordlen       mf_wordwrap.o
    0x0801238e   0x0801238e   0x00000012   Code   RO        12431    i.getheight         gwin_label.o
    0x080123a0   0x080123a0   0x00000016   Code   RO        12432    i.getwidth          gwin_label.o
    0x080123b6   0x080123b6   0x00000002   PAD
    0x080123b8   0x080123b8   0x00000080   Code   RO         9209    i.geventAttachSource  gevent.o
    0x08012438   0x08012438   0x00000028   Code   RO         9211    i.geventDetachSourceListeners  gevent.o
    0x08012460   0x08012460   0x0000002a   Code   RO         9213    i.geventEventWait   gevent.o
    0x0801248a   0x0801248a   0x00000002   PAD
    0x0801248c   0x0801248c   0x00000044   Code   RO         9214    i.geventGetEventBuffer  gevent.o
    0x080124d0   0x080124d0   0x00000074   Code   RO         9215    i.geventGetSourceListener  gevent.o
    0x08012544   0x08012544   0x0000001a   Code   RO         9216    i.geventListenerInit  gevent.o
    0x0801255e   0x0801255e   0x00000002   PAD
    0x08012560   0x08012560   0x00000038   Code   RO         9217    i.geventRegisterCallback  gevent.o
    0x08012598   0x08012598   0x00000050   Code   RO         9218    i.geventSendEvent   gevent.o
    0x080125e8   0x080125e8   0x00000026   Code   RO         9473    i.gfileClose        gfile.o
    0x0801260e   0x0801260e   0x00000014   Code   RO         9478    i.gfileGetPos       gfile.o
    0x08012622   0x08012622   0x00000002   PAD
    0x08012624   0x08012624   0x0000003c   Code   RO         9481    i.gfileOpen         gfile.o
    0x08012660   0x08012660   0x00000042   Code   RO         9482    i.gfileRead         gfile.o
    0x080126a2   0x080126a2   0x00000030   Code   RO         9484    i.gfileSetPos       gfile.o
    0x080126d2   0x080126d2   0x00000018   Code   RO        10953    i.gfxAddHeapBlock   gos_x_heap.o
    0x080126ea   0x080126ea   0x00000002   PAD
    0x080126ec   0x080126ec   0x00000060   Code   RO        10954    i.gfxAlloc          gos_x_heap.o
    0x0801274c   0x0801274c   0x00000084   Code   RO        10955    i.gfxFree           gos_x_heap.o
    0x080127d0   0x080127d0   0x00000040   Code   RO         9943    i.gfxInit           gfx.o
    0x08012810   0x08012810   0x0000000e   Code   RO        10853    i.gfxMutexInit      gos_cmsis2.o
    0x0801281e   0x0801281e   0x00000008   Code   RO        11007    i.gfxQueueASyncInit  gqueue.o
    0x08012826   0x08012826   0x00000018   Code   RO        11014    i.gfxQueueASyncPut  gqueue.o
    0x0801283e   0x0801283e   0x0000001c   Code   RO        11015    i.gfxQueueASyncPutI  gqueue.o
    0x0801285a   0x0801285a   0x00000018   Code   RO        11016    i.gfxQueueASyncRemove  gqueue.o
    0x08012872   0x08012872   0x00000042   Code   RO        11017    i.gfxQueueASyncRemoveI  gqueue.o
    0x080128b4   0x080128b4   0x00000016   Code   RO        10854    i.gfxSemInit        gos_cmsis2.o
    0x080128ca   0x080128ca   0x00000026   Code   RO        10855    i.gfxSemWait        gos_cmsis2.o
    0x080128f0   0x080128f0   0x00000040   Code   RO        10856    i.gfxThreadCreate   gos_cmsis2.o
    0x08012930   0x08012930   0x0000001c   Code   RO        10356    i.ginputGetMouse    ginput_mouse.o
    0x0801294c   0x0801294c   0x00000010   Code   RO         1076    i.gstudioGetFont    resources_manager.o
    0x0801295c   0x0801295c   0x00000010   Code   RO         1071    i.gstudioGetImage   resources_manager.o
    0x0801296c   0x0801296c   0x00000010   Code   RO         1066    i.gstudioGetImageFilePath  resources_manager.o
    0x0801297c   0x0801297c   0x00000006   Code   RO        11277    i.gtimerInit        gtimer.o
    0x08012982   0x08012982   0x0000001c   Code   RO        11278    i.gtimerIsActive    gtimer.o
    0x0801299e   0x0801299e   0x00000002   PAD
    0x080129a0   0x080129a0   0x00000034   Code   RO        11279    i.gtimerJab         gtimer.o
    0x080129d4   0x080129d4   0x00000108   Code   RO        11281    i.gtimerStart       gtimer.o
    0x08012adc   0x08012adc   0x0000002c   Code   RO          947    i.guiInit           gui.o
    0x08012b08   0x08012b08   0x000000b4   Code   RO         1053    i.guiResourcesManagerInit  resources_manager.o
    0x08012bbc   0x08012bbc   0x00000084   Code   RO          948    i.guiShowPage       gui.o
    0x08012c40   0x08012c40   0x0000014a   Code   RO        12587    i.gwidgetEvent      gwin_widget.o
    0x08012d8a   0x08012d8a   0x00000002   PAD
    0x08012d8c   0x08012d8c   0x00000014   Code   RO        12588    i.gwinAttachListener  gwin_widget.o
    0x08012da0   0x08012da0   0x00000148   Code   RO        12084    i.gwinButtonDraw_Normal  gwin_button.o
    0x08012ee8   0x08012ee8   0x0000004c   Code   RO        12131    i.gwinCheckboxCheck  gwin_checkbox.o
    0x08012f34   0x08012f34   0x00000104   Code   RO        12133    i.gwinCheckboxDraw_CheckOnLeft  gwin_checkbox.o
    0x08013038   0x08013038   0x0000002c   Code   RO        12135    i.gwinCheckboxIsChecked  gwin_checkbox.o
    0x08013064   0x08013064   0x00000040   Code   RO        12256    i.gwinContainerDraw_Std  gwin_container.o
    0x080130a4   0x080130a4   0x0000004c   Code   RO        12257    i.gwinContainerDraw_Transparent  gwin_container.o
    0x080130f0   0x080130f0   0x0000000e   Code   RO        11701    i.gwinDestroy       gwin.o
    0x080130fe   0x080130fe   0x00000002   PAD
    0x08013100   0x08013100   0x0000002c   Code   RO        12086    i.gwinGButtonCreate  gwin_button.o
    0x0801312c   0x0801312c   0x0000002c   Code   RO        12136    i.gwinGCheckboxCreate  gwin_checkbox.o
    0x08013158   0x08013158   0x00000044   Code   RO        12192    i.gwinGConsoleCreate  gwin_console.o
    0x0801319c   0x0801319c   0x0000003c   Code   RO        12258    i.gwinGContainerCreate  gwin_container.o
    0x080131d8   0x080131d8   0x00000038   Code   RO        12384    i.gwinGImageCreate  gwin_image.o
    0x08013210   0x08013210   0x00000090   Code   RO        12433    i.gwinGLabelCreate  gwin_label.o
    0x080132a0   0x080132a0   0x00000034   Code   RO        12500    i.gwinGRadioCreate  gwin_radio.o
    0x080132d4   0x080132d4   0x0000000c   Code   RO        11717    i.gwinGetDefaultBgColor  gwin.o
    0x080132e0   0x080132e0   0x0000000c   Code   RO        11719    i.gwinGetDefaultFont  gwin.o
    0x080132ec   0x080132ec   0x00000028   Code   RO        12259    i.gwinGetFirstChild  gwin_container.o
    0x08013314   0x08013314   0x00000014   Code   RO        12761    i.gwinGetNextWindow  gwin_wm.o
    0x08013328   0x08013328   0x0000002a   Code   RO        12262    i.gwinGetSibling    gwin_container.o
    0x08013352   0x08013352   0x00000012   Code   RO        12592    i.gwinGetTag        gwin_widget.o
    0x08013364   0x08013364   0x00000048   Code   RO        12386    i.gwinImageOpenGFile  gwin_image.o
    0x080133ac   0x080133ac   0x0000012c   Code   RO        12434    i.gwinLabelDraw     gwin_label.o
    0x080134d8   0x080134d8   0x00000010   Code   RO        12436    i.gwinLabelDrawJustifiedLeft  gwin_label.o
    0x080134e8   0x080134e8   0x000002cc   Code   RO        12194    i.gwinPutChar       gwin_console.o
    0x080137b4   0x080137b4   0x0000001a   Code   RO        12196    i.gwinPutString     gwin_console.o
    0x080137ce   0x080137ce   0x00000002   PAD
    0x080137d0   0x080137d0   0x000000f8   Code   RO        12502    i.gwinRadioDraw_Radio  gwin_radio.o
    0x080138c8   0x080138c8   0x0000003c   Code   RO        12504    i.gwinRadioGetActive  gwin_radio.o
    0x08013904   0x08013904   0x0000004c   Code   RO        12506    i.gwinRadioPress    gwin_radio.o
    0x08013950   0x08013950   0x00000030   Code   RO        12764    i.gwinRedraw        gwin_wm.o
    0x08013980   0x08013980   0x00000020   Code   RO        12766    i.gwinResize        gwin_wm.o
    0x080139a0   0x080139a0   0x0000000c   Code   RO        11723    i.gwinSetDefaultBgColor  gwin.o
    0x080139ac   0x080139ac   0x0000000c   Code   RO        11725    i.gwinSetDefaultFont  gwin.o
    0x080139b8   0x080139b8   0x0000005c   Code   RO        12596    i.gwinSetDefaultStyle  gwin_widget.o
    0x08013a14   0x08013a14   0x00000004   Code   RO        11726    i.gwinSetFont       gwin.o
    0x08013a18   0x08013a18   0x00000038   Code   RO        12597    i.gwinSetStyle      gwin_widget.o
    0x08013a50   0x08013a50   0x0000007c   Code   RO        12599    i.gwinSetText       gwin_widget.o
    0x08013acc   0x08013acc   0x00000034   Code   RO        12769    i.gwinSetVisible    gwin_wm.o
    0x08013b00   0x08013b00   0x00000014   Code   RO        12600    i.gwinWidgetClearInit  gwin_widget.o
    0x08013b14   0x08013b14   0x00000142   Code   RO         7545    i.hline_clip        gdisp.o
    0x08013c56   0x08013c56   0x00000002   PAD
    0x08013c58   0x08013c58   0x00000048   Code   RO         6892    i.i2cInit           stm32f7_i2c.o
    0x08013ca0   0x08013ca0   0x0000008c   Code   RO         6893    i.i2cReadByte       stm32f7_i2c.o
    0x08013d2c   0x08013d2c   0x00000098   Code   RO         6894    i.i2cReadWord       stm32f7_i2c.o
    0x08013dc4   0x08013dc4   0x0000006c   Code   RO         6895    i.i2cWriteReg       stm32f7_i2c.o
    0x08013e30   0x08013e30   0x000000a0   Code   RO         7082    i.init_board        gmouse_lld_ft5336.o
    0x08013ed0   0x08013ed0   0x0000001e   Code   RO         8930    i.is_wrap_space     mf_wordwrap.o
    0x08013eee   0x08013eee   0x00000066   Code   RO         1189    i.isrRtxEventFlagsWait  rtx_evflags.o
    0x08013f54   0x08013f54   0x00000058   Code   RO         2553    i.isrRtxMemoryPoolFree  rtx_mempool.o
    0x08013fac   0x08013fac   0x00000082   Code   RO         2718    i.isrRtxMessageQueueGet  rtx_msgqueue.o
    0x0801402e   0x0801402e   0x00000086   Code   RO         2719    i.isrRtxMessageQueuePut  rtx_msgqueue.o
    0x080140b4   0x080140b4   0x00000034   Code   RO         3114    i.isr_queue_get     rtx_system.o
    0x080140e8   0x080140e8   0x0000003c   Code   RO         3115    i.isr_queue_put     rtx_system.o
    0x08014124   0x08014124   0x00000014   Code   RO         6532    i.lightness_to_pwm  ext_led.o
    0x08014138   0x08014138   0x00000122   Code   RO         7546    i.line_clip         gdisp.o
    0x0801425a   0x0801425a   0x00000002   PAD
    0x0801425c   0x0801425c   0x00000268   Code   RO            9    i.main              main.o
    0x080144c4   0x080144c4   0x0000004e   Code   RO         8020    i.matchfont         gdisp_fonts.o
    0x08014512   0x08014512   0x0000000e   Code   RO         8799    i.max16             mf_kerning.o
    0x08014520   0x08014520   0x00000020   Code   RO         8602    i.mf_character_width  mf_font.o
    0x08014540   0x08014540   0x00000124   Code   RO         8800    i.mf_compute_kerning  mf_kerning.o
    0x08014664   0x08014664   0x0000000e   Code   RO         7547    i.mf_countline_callback  gdisp.o
    0x08014672   0x08014672   0x00000002   PAD
    0x08014674   0x08014674   0x00000044   Code   RO         7548    i.mf_drawline_callback  gdisp.o
    0x080146b8   0x080146b8   0x00000044   Code   RO         7549    i.mf_fillline_callback  gdisp.o
    0x080146fc   0x080146fc   0x00000008   Code   RO         8604    i.mf_get_font_list  mf_font.o
    0x08014704   0x08014704   0x00000074   Code   RO         8737    i.mf_get_string_width  mf_justify.o
    0x08014778   0x08014778   0x00000088   Code   RO         8543    i.mf_getchar        mf_encoding.o
    0x08014800   0x08014800   0x0000007e   Code   RO         8738    i.mf_render_aligned  mf_justify.o
    0x0801487e   0x0801487e   0x00000040   Code   RO         8605    i.mf_render_character  mf_font.o
    0x080148be   0x080148be   0x00000026   Code   RO         8544    i.mf_rewind         mf_encoding.o
    0x080148e4   0x080148e4   0x0000001a   Code   RO         8834    i.mf_rlefont_character_width  mf_rlefont.o
    0x080148fe   0x080148fe   0x00000070   Code   RO         8835    i.mf_rlefont_render_character  mf_rlefont.o
    0x0801496e   0x0801496e   0x00000040   Code   RO         8740    i.mf_round_to_prev_tab  mf_justify.o
    0x080149ae   0x080149ae   0x00000040   Code   RO         8741    i.mf_round_to_tab   mf_justify.o
    0x080149ee   0x080149ee   0x00000020   Code   RO         8896    i.mf_scaled_character_width  mf_scaledfont.o
    0x08014a0e   0x08014a0e   0x00000002   PAD
    0x08014a10   0x08014a10   0x00000060   Code   RO         8897    i.mf_scaled_render_character  mf_scaledfont.o
    0x08014a70   0x08014a70   0x000000ec   Code   RO         8931    i.mf_wordwrap       mf_wordwrap.o
    0x08014b5c   0x08014b5c   0x0000003c   Code   RO         1102    i.osDelay           rtx_delay.o
    0x08014b98   0x08014b98   0x00000040   Code   RO         1190    i.osEventFlagsClear  rtx_evflags.o
    0x08014bd8   0x08014bd8   0x0000003c   Code   RO         1194    i.osEventFlagsNew   rtx_evflags.o
    0x08014c14   0x08014c14   0x00000084   Code   RO         1195    i.osEventFlagsSet   rtx_evflags.o
    0x08014c98   0x08014c98   0x00000054   Code   RO         1196    i.osEventFlagsWait  rtx_evflags.o
    0x08014cec   0x08014cec   0x00000030   Code   RO         2212    i.osKernelGetState  rtx_kernel.o
    0x08014d1c   0x08014d1c   0x0000002c   Code   RO         2215    i.osKernelGetTickCount  rtx_kernel.o
    0x08014d48   0x08014d48   0x0000002c   Code   RO         2216    i.osKernelGetTickFreq  rtx_kernel.o
    0x08014d74   0x08014d74   0x00000038   Code   RO         2217    i.osKernelInitialize  rtx_kernel.o
    0x08014dac   0x08014dac   0x00000034   Code   RO         2218    i.osKernelLock      rtx_kernel.o
    0x08014de0   0x08014de0   0x00000034   Code   RO         2221    i.osKernelStart     rtx_kernel.o
    0x08014e14   0x08014e14   0x00000034   Code   RO         2223    i.osKernelUnlock    rtx_kernel.o
    0x08014e48   0x08014e48   0x00000084   Code   RO         2554    i.osMemoryPoolAlloc  rtx_mempool.o
    0x08014ecc   0x08014ecc   0x00000040   Code   RO         2556    i.osMemoryPoolFree  rtx_mempool.o
    0x08014f0c   0x08014f0c   0x0000004c   Code   RO         2562    i.osMemoryPoolNew   rtx_mempool.o
    0x08014f58   0x08014f58   0x00000054   Code   RO         2721    i.osMessageQueueGet  rtx_msgqueue.o
    0x08014fac   0x08014fac   0x0000004c   Code   RO         2727    i.osMessageQueueNew  rtx_msgqueue.o
    0x08014ff8   0x08014ff8   0x00000054   Code   RO         2728    i.osMessageQueuePut  rtx_msgqueue.o
    0x0801504c   0x0801504c   0x00000030   Code   RO         2893    i.osMutexAcquire    rtx_mutex.o
    0x0801507c   0x0801507c   0x0000002c   Code   RO         2894    i.osMutexDelete     rtx_mutex.o
    0x080150a8   0x080150a8   0x0000002c   Code   RO         2897    i.osMutexNew        rtx_mutex.o
    0x080150d4   0x080150d4   0x0000002c   Code   RO         2898    i.osMutexRelease    rtx_mutex.o
    0x08015100   0x08015100   0x00000020   Code   RO         3787    i.osRtxErrorNotify  rtx_config.o
    0x08015120   0x08015120   0x00000044   Code   RO         1197    i.osRtxEventFlagsPostProcess  rtx_evflags.o
    0x08015164   0x08015164   0x00000004   Code   RO         3788    i.osRtxIdleThread   rtx_config.o
    0x08015168   0x08015168   0x0000000c   Code   RO         3176    i.osRtxKernelGetState  rtx_thread.o
    0x08015174   0x08015174   0x00000002   Code   RO         2224    i.osRtxKernelPreInit  rtx_kernel.o
    0x08015176   0x08015176   0x000000ee   Code   RO         2501    i.osRtxMemoryAlloc  rtx_memory.o
    0x08015264   0x08015264   0x0000007c   Code   RO         2502    i.osRtxMemoryFree   rtx_memory.o
    0x080152e0   0x080152e0   0x0000006a   Code   RO         2503    i.osRtxMemoryInit   rtx_memory.o
    0x0801534a   0x0801534a   0x00000030   Code   RO         2563    i.osRtxMemoryPoolAlloc  rtx_mempool.o
    0x0801537a   0x0801537a   0x00000044   Code   RO         2564    i.osRtxMemoryPoolFree  rtx_mempool.o
    0x080153be   0x080153be   0x00000058   Code   RO         2565    i.osRtxMemoryPoolInit  rtx_mempool.o
    0x08015416   0x08015416   0x0000003a   Code   RO         2566    i.osRtxMemoryPoolPostProcess  rtx_mempool.o
    0x08015450   0x08015450   0x00000108   Code   RO         2730    i.osRtxMessageQueuePostProcess  rtx_msgqueue.o
    0x08015558   0x08015558   0x0000004e   Code   RO         2899    i.osRtxMutexOwnerRelease  rtx_mutex.o
    0x080155a6   0x080155a6   0x00000002   PAD
    0x080155a8   0x080155a8   0x00000088   Code   RO         3116    i.osRtxPendSV_Handler  rtx_system.o
    0x08015630   0x08015630   0x0000003c   Code   RO         3117    i.osRtxPostProcess  rtx_system.o
    0x0801566c   0x0801566c   0x0000002a   Code   RO         3002    i.osRtxSemaphorePostProcess  rtx_semaphore.o
    0x08015696   0x08015696   0x00000002   PAD
    0x08015698   0x08015698   0x00000040   Code   RO         3177    i.osRtxThreadBlock  rtx_thread.o
    0x080156d8   0x080156d8   0x00000068   Code   RO         3178    i.osRtxThreadDelayInsert  rtx_thread.o
    0x08015740   0x08015740   0x0000005c   Code   RO         3179    i.osRtxThreadDelayRemove  rtx_thread.o
    0x0801579c   0x0801579c   0x000000c8   Code   RO         3180    i.osRtxThreadDelayTick  rtx_thread.o
    0x08015864   0x08015864   0x0000006c   Code   RO         3181    i.osRtxThreadDispatch  rtx_thread.o
    0x080158d0   0x080158d0   0x00000064   Code   RO         3182    i.osRtxThreadFree   rtx_thread.o
    0x08015934   0x08015934   0x0000000c   Code   RO         3183    i.osRtxThreadGetRunning  rtx_thread.o
    0x08015940   0x08015940   0x0000001a   Code   RO         3184    i.osRtxThreadListGet  rtx_thread.o
    0x0801595a   0x0801595a   0x0000002c   Code   RO         3185    i.osRtxThreadListPut  rtx_thread.o
    0x08015986   0x08015986   0x0000001a   Code   RO         3186    i.osRtxThreadListRemove  rtx_thread.o
    0x080159a0   0x080159a0   0x00000010   Code   RO         3187    i.osRtxThreadListRoot  rtx_thread.o
    0x080159b0   0x080159b0   0x0000002a   Code   RO         3188    i.osRtxThreadListSort  rtx_thread.o
    0x080159da   0x080159da   0x00000034   Code   RO         3190    i.osRtxThreadPostProcess  rtx_thread.o
    0x08015a0e   0x08015a0e   0x00000002   PAD
    0x08015a10   0x08015a10   0x00000018   Code   RO         3191    i.osRtxThreadReadyPut  rtx_thread.o
    0x08015a28   0x08015a28   0x00000018   Code   RO         3192    i.osRtxThreadRegPtr  rtx_thread.o
    0x08015a40   0x08015a40   0x0000000c   Code   RO         3193    i.osRtxThreadSetRunning  rtx_thread.o
    0x08015a4c   0x08015a4c   0x0000002c   Code   RO         3194    i.osRtxThreadStackCheck  rtx_thread.o
    0x08015a78   0x08015a78   0x0000004c   Code   RO         3195    i.osRtxThreadStartup  rtx_thread.o
    0x08015ac4   0x08015ac4   0x0000001c   Code   RO         3196    i.osRtxThreadSwitch  rtx_thread.o
    0x08015ae0   0x08015ae0   0x0000004c   Code   RO         3197    i.osRtxThreadWaitEnter  rtx_thread.o
    0x08015b2c   0x08015b2c   0x00000036   Code   RO         3198    i.osRtxThreadWaitExit  rtx_thread.o
    0x08015b62   0x08015b62   0x00000002   PAD
    0x08015b64   0x08015b64   0x000000a0   Code   RO         3118    i.osRtxTick_Handler  rtx_system.o
    0x08015c04   0x08015c04   0x00000050   Code   RO         3592    i.osRtxTimerThread  rtx_timer.o
    0x08015c54   0x08015c54   0x0000005c   Code   RO         3593    i.osRtxTimerTick    rtx_timer.o
    0x08015cb0   0x08015cb0   0x0000006c   Code   RO         3003    i.osSemaphoreAcquire  rtx_semaphore.o
    0x08015d1c   0x08015d1c   0x00000038   Code   RO         3007    i.osSemaphoreNew    rtx_semaphore.o
    0x08015d54   0x08015d54   0x00000064   Code   RO         3008    i.osSemaphoreRelease  rtx_semaphore.o
    0x08015db8   0x08015db8   0x00000020   Code   RO         3201    i.osThreadExit      rtx_thread.o
    0x08015dd8   0x08015dd8   0x0000002c   Code   RO         3207    i.osThreadGetId     rtx_thread.o
    0x08015e04   0x08015e04   0x0000004c   Code   RO         3214    i.osThreadNew       rtx_thread.o
    0x08015e50   0x08015e50   0x00000038   Code   RO         3219    i.osThreadYield     rtx_thread.o
    0x08015e88   0x08015e88   0x00000020   Code   RO         2430    i.os_kernel_is_active  rtx_lib.o
    0x08015ea8   0x08015ea8   0x00000018   Code   RO         7083    i.read_byte         gmouse_lld_ft5336.o
    0x08015ec0   0x08015ec0   0x00000018   Code   RO         7084    i.read_word         gmouse_lld_ft5336.o
    0x08015ed8   0x08015ed8   0x00000072   Code   RO         8742    i.render_left       mf_justify.o
    0x08015f4a   0x08015f4a   0x0000009a   Code   RO         8743    i.render_right      mf_justify.o
    0x08015fe4   0x08015fe4   0x0000005a   Code   RO         8898    i.scaled_pixel_callback  mf_scaledfont.o
    0x0801603e   0x0801603e   0x00000002   PAD
    0x08016040   0x08016040   0x00000024   Code   RO         6955    i.set_backlight     gdisp_lld_stm32ltdc.o
    0x08016064   0x08016064   0x00000030   Code   RO         7550    i.setglobalwindow   gdisp.o
    0x08016094   0x08016094   0x0000002e   Code   RO         8836    i.skip_pixels       mf_rlefont.o
    0x080160c2   0x080160c2   0x00000008   Code   RO         8932    i.sq16              mf_wordwrap.o
    0x080160ca   0x080160ca   0x0000000c   Code   RO         4316    i.stdout_putchar    retarget_io.o
    0x080160d6   0x080160d6   0x00000060   Code   RO         8744    i.strip_spaces      mf_justify.o
    0x08016136   0x08016136   0x00000002   PAD
    0x08016138   0x08016138   0x0000002c   Code   RO         1104    i.svcRtxDelay       rtx_delay.o
    0x08016164   0x08016164   0x00000044   Code   RO         1198    i.svcRtxEventFlagsClear  rtx_evflags.o
    0x080161a8   0x080161a8   0x000000a4   Code   RO         1202    i.svcRtxEventFlagsNew  rtx_evflags.o
    0x0801624c   0x0801624c   0x0000009a   Code   RO         1203    i.svcRtxEventFlagsSet  rtx_evflags.o
    0x080162e6   0x080162e6   0x00000002   PAD
    0x080162e8   0x080162e8   0x000000ac   Code   RO         1204    i.svcRtxEventFlagsWait  rtx_evflags.o
    0x08016394   0x08016394   0x00000018   Code   RO         2226    i.svcRtxKernelGetState  rtx_kernel.o
    0x080163ac   0x080163ac   0x00000014   Code   RO         2229    i.svcRtxKernelGetTickCount  rtx_kernel.o
    0x080163c0   0x080163c0   0x00000014   Code   RO         2230    i.svcRtxKernelGetTickFreq  rtx_kernel.o
    0x080163d4   0x080163d4   0x00000224   Code   RO         2231    i.svcRtxKernelInitialize  rtx_kernel.o
    0x080165f8   0x080165f8   0x00000044   Code   RO         2232    i.svcRtxKernelLock  rtx_kernel.o
    0x0801663c   0x0801663c   0x000000d8   Code   RO         2235    i.svcRtxKernelStart  rtx_kernel.o
    0x08016714   0x08016714   0x00000044   Code   RO         2237    i.svcRtxKernelUnlock  rtx_kernel.o
    0x08016758   0x08016758   0x0000007c   Code   RO         2567    i.svcRtxMemoryPoolAlloc  rtx_mempool.o
    0x080167d4   0x080167d4   0x0000007c   Code   RO         2569    i.svcRtxMemoryPoolFree  rtx_mempool.o
    0x08016850   0x08016850   0x00000188   Code   RO         2575    i.svcRtxMemoryPoolNew  rtx_mempool.o
    0x080169d8   0x080169d8   0x00000138   Code   RO         2732    i.svcRtxMessageQueueGet  rtx_msgqueue.o
    0x08016b10   0x08016b10   0x00000194   Code   RO         2738    i.svcRtxMessageQueueNew  rtx_msgqueue.o
    0x08016ca4   0x08016ca4   0x00000128   Code   RO         2739    i.svcRtxMessageQueuePut  rtx_msgqueue.o
    0x08016dcc   0x08016dcc   0x000000c8   Code   RO         2900    i.svcRtxMutexAcquire  rtx_mutex.o
    0x08016e94   0x08016e94   0x000000d4   Code   RO         2901    i.svcRtxMutexDelete  rtx_mutex.o
    0x08016f68   0x08016f68   0x00000084   Code   RO         2904    i.svcRtxMutexNew    rtx_mutex.o
    0x08016fec   0x08016fec   0x000000d0   Code   RO         2905    i.svcRtxMutexRelease  rtx_mutex.o
    0x080170bc   0x080170bc   0x0000005c   Code   RO         3009    i.svcRtxSemaphoreAcquire  rtx_semaphore.o
    0x08017118   0x08017118   0x000000a0   Code   RO         3013    i.svcRtxSemaphoreNew  rtx_semaphore.o
    0x080171b8   0x080171b8   0x00000050   Code   RO         3014    i.svcRtxSemaphoreRelease  rtx_semaphore.o
    0x08017208   0x08017208   0x00000090   Code   RO         3222    i.svcRtxThreadExit  rtx_thread.o
    0x08017298   0x08017298   0x00000012   Code   RO         3228    i.svcRtxThreadGetId  rtx_thread.o
    0x080172aa   0x080172aa   0x00000002   PAD
    0x080172ac   0x080172ac   0x00000278   Code   RO         3235    i.svcRtxThreadNew   rtx_thread.o
    0x08017524   0x08017524   0x00000044   Code   RO         3240    i.svcRtxThreadYield  rtx_thread.o
    0x08017568   0x08017568   0x00000050   Code   RO         9488    i.testopen          gfile.o
    0x080175b8   0x080175b8   0x000000c6   Code   RO         8933    i.tune_lines        mf_wordwrap.o
    0x0801767e   0x0801767e   0x00000142   Code   RO         7551    i.vline_clip        gdisp.o
    0x080177c0   0x080177c0   0x0000005c   Code   RO         8837    i.write_bin_codeword  mf_rlefont.o
    0x0801781c   0x0801781c   0x00000038   Code   RO         8838    i.write_glyph_codeword  mf_rlefont.o
    0x08017854   0x08017854   0x00000068   Code   RO         8839    i.write_pixels      mf_rlefont.o
    0x080178bc   0x080178bc   0x00000050   Code   RO         8840    i.write_ref_codeword  mf_rlefont.o
    0x0801790c   0x0801790c   0x00000040   Code   RO         8841    i.write_ref_dictentry  mf_rlefont.o
    0x0801794c   0x0801794c   0x0000001c   Code   RO         7085    i.write_reg         gmouse_lld_ft5336.o
    0x08017968   0x08017968   0x000000a4   Code   RO         8842    i.write_rle_dictentry  mf_rlefont.o
    0x08017a0c   0x08017a0c   0x0000000a   Code   RO        13273    x$fpl$fpinit        fz_wm.l(fpinit.o)
    0x08017a16   0x08017a16   0x00000002   PAD
    0x08017a18   0x08017a18   0x000002dc   Data   RO           11    .constdata          main.o
    0x08017cf4   0x08017cf4   0x00000038   Data   RO          949    .constdata          gui.o
    0x08017d2c   0x08017d2c   0x00000001   Data   RO         1091    .constdata          irq_cm4f.o
    0x08017d2d   0x08017d2d   0x00000003   PAD
    0x08017d30   0x08017d30   0x00000064   Data   RO         2437    .constdata          rtx_lib.o
    0x08017d94   0x08017d94   0x000000cc   Data   RO         3847    .constdata          i2c_stm32f7xx.o
    0x08017e60   0x08017e60   0x000000f8   Data   RO         4025    .constdata          sai_stm32f7xx.o
    0x08017f58   0x08017f58   0x00000018   Data   RO         4203    .constdata          eventrecorder.o
    0x08017f70   0x08017f70   0x00000017   Data   RO         4317    .constdata          retarget_io.o
    0x08017f87   0x08017f87   0x00000008   Data   RO         4745    .constdata          stm32f7xx_hal_dma.o
    0x08017f8f   0x08017f8f   0x00000018   Data   RO         6416    .constdata          system_stm32f7xx.o
    0x08017fa7   0x08017fa7   0x00000065   Data   RO         6533    .constdata          ext_led.o
    0x0801800c   0x0801800c   0x000000f8   Data   RO         6956    .constdata          gdisp_lld_stm32ltdc.o
    0x08018104   0x08018104   0x0000003c   Data   RO         7086    .constdata          gmouse_lld_ft5336.o
    0x08018140   0x08018140   0x00000004   Data   RO         7552    .constdata          gdisp.o
    0x08018144   0x08018144   0x00003c50   Data   RO         8607    .constdata          mf_font.o
    0x0801bd94   0x0801bd94   0x00006f68   Data   RO         9837    .constdata          gfile_fs_rom.o
    0x08022cfc   0x08022cfc   0x00000024   Data   RO        12087    .constdata          gwin_button.o
    0x08022d20   0x08022d20   0x00000024   Data   RO        12137    .constdata          gwin_checkbox.o
    0x08022d44   0x08022d44   0x00000014   Data   RO        12197    .constdata          gwin_console.o
    0x08022d58   0x08022d58   0x0000003c   Data   RO        12263    .constdata          gwin_container.o
    0x08022d94   0x08022d94   0x00000014   Data   RO        12387    .constdata          gwin_image.o
    0x08022da8   0x08022da8   0x00000024   Data   RO        12439    .constdata          gwin_label.o
    0x08022dcc   0x08022dcc   0x00000024   Data   RO        12507    .constdata          gwin_radio.o
    0x08022df0   0x08022df0   0x00000038   Data   RO        12602    .constdata          gwin_widget.o
    0x08022e28   0x08022e28   0x00000028   Data   RO        12772    .constdata          gwin_wm.o
    0x08022e50   0x08022e50   0x00000011   Data   RO        12981    .constdata          c_w.l(__printf_flags_wp.o)
    0x08022e61   0x08022e61   0x0000000c   Data   RO        13050    .constdata          c_w.l(_monlen.o)
    0x08022e6d   0x08022e6d   0x00000003   PAD
    0x08022e70   0x08022e70   0x000000ad   Data   RO           12    .conststring        main.o
    0x08022f1d   0x08022f1d   0x00000003   PAD
    0x08022f20   0x08022f20   0x000000b7   Data   RO         8608    .conststring        mf_font.o
    0x08022fd7   0x08022fd7   0x00000001   PAD
    0x08022fd8   0x08022fd8   0x00000018   Data   RO         9838    .conststring        gfile_fs_rom.o
    0x08022ff0   0x08022ff0   0x00000007   Data   RO        12088    .conststring        gwin_button.o
    0x08022ff7   0x08022ff7   0x00000001   PAD
    0x08022ff8   0x08022ff8   0x00000009   Data   RO        12138    .conststring        gwin_checkbox.o
    0x08023001   0x08023001   0x00000003   PAD
    0x08023004   0x08023004   0x00000008   Data   RO        12198    .conststring        gwin_console.o
    0x0802300c   0x0802300c   0x0000000a   Data   RO        12264    .conststring        gwin_container.o
    0x08023016   0x08023016   0x00000002   PAD
    0x08023018   0x08023018   0x00000006   Data   RO        12388    .conststring        gwin_image.o
    0x0802301e   0x0802301e   0x00000002   PAD
    0x08023020   0x08023020   0x00000006   Data   RO        12440    .conststring        gwin_label.o
    0x08023026   0x08023026   0x00000002   PAD
    0x08023028   0x08023028   0x00000006   Data   RO        12508    .conststring        gwin_radio.o
    0x0802302e   0x0802302e   0x00000002   PAD
    0x08023030   0x08023030   0x0000000b   Data   RO         2238    .conststrlit        rtx_kernel.o
    0x0802303b   0x0802303b   0x00000001   PAD
    0x0802303c   0x0802303c   0x00000038   Data   RO         2423    .rodata             rtx_lib.o
    0x08023074   0x08023074   0x00000068   Data   RO         2439    .rodata             rtx_lib.o
    0x080230dc   0x080230dc   0x00000020   Data   RO        13369    Region$$Table       anon$$obj.o


    Execution Region RW_IRAM2 (Exec base: 0x20000000, Load base: 0x08023468, Size: 0x00000000, Max: 0x00010000, ABSOLUTE)

    **** No section assigned to this execution region ****


    Execution Region RW_IRAM1 (Exec base: 0x20010000, Load base: 0x080230fc, Size: 0x0002c8a8, Max: 0x00040000, ABSOLUTE, COMPRESSED[0x0000036c])

    Exec Addr    Load Addr    Size         Type   Attr      Idx    E Section Name        Object

    0x20010000   COMPRESSED   0x000186e0   Data   RW         2431    .bss.os             rtx_lib.o
    0x200286e0   COMPRESSED   0x000001f0   Data   RW         2432    .bss.os.libspace    rtx_lib.o
    0x200288d0   COMPRESSED   0x00000034   Data   RW         2433    .bss.os.msgqueue.cb  rtx_lib.o
    0x20028904   COMPRESSED   0x00000050   Data   RW         2434    .bss.os.msgqueue.mem  rtx_lib.o
    0x20028954   COMPRESSED   0x00000088   Data   RW         2435    .bss.os.thread.cb   rtx_lib.o
    0x200289dc   COMPRESSED   0x00000004   PAD
    0x200289e0   COMPRESSED   0x00000190   Data   RW         2436    .bss.os.thread.stack  rtx_lib.o
    0x20028b70   COMPRESSED   0x00000064   Data   RW           13    .data               main.o
    0x20028bd4   COMPRESSED   0x00000003   Data   RW          627    .data               phy_receiver.o
    0x20028bd7   COMPRESSED   0x00000001   PAD
    0x20028bd8   COMPRESSED   0x00000008   Data   RW          905    .data               mac.o
    0x20028be0   COMPRESSED   0x000000e0   Data   RW          950    .data               gui.o
    0x20028cc0   COMPRESSED   0x00000008   Data   RW         1055    .data               resources_manager.o
    0x20028cc8   COMPRESSED   0x00000005   Data   RW         2438    .data               rtx_lib.o
    0x20028ccd   COMPRESSED   0x00000001   Data   RW         3722    .data               os_systick.o
    0x20028cce   COMPRESSED   0x00000002   PAD
    0x20028cd0   COMPRESSED   0x00000009   Data   RW         4421    .data               stm32f7xx_hal.o
    0x20028cd9   COMPRESSED   0x00000003   PAD
    0x20028cdc   COMPRESSED   0x00000004   Data   RW         6417    .data               system_stm32f7xx.o
    0x20028ce0   COMPRESSED   0x00000008   Data   RW         6488    .data               ext_keyboard.o
    0x20028ce8   COMPRESSED   0x00000005   Data   RW         6897    .data               stm32f7_i2c.o
    0x20028ced   COMPRESSED   0x00000003   PAD
    0x20028cf0   COMPRESSED   0x00000004   Data   RW         7553    .data               gdisp.o
    0x20028cf4   COMPRESSED   0x00000004   Data   RW         8021    .data               gdisp_fonts.o
    0x20028cf8   COMPRESSED   0x00000020   Data   RW         8112    .data               gdisp_image.o
    0x20028d18   COMPRESSED   0x00000008   Data   RW         8980    .data               gdriver.o
    0x20028d20   COMPRESSED   0x00000004   Data   RW         9220    .data               gevent.o
    0x20028d24   COMPRESSED   0x00000010   Data   RW         9490    .data               gfile.o
    0x20028d34   COMPRESSED   0x00000004   Data   RW         9839    .data               gfile_fs_rom.o
    0x20028d38   COMPRESSED   0x00000001   Data   RW         9944    .data               gfx.o
    0x20028d39   COMPRESSED   0x00000003   PAD
    0x20028d3c   COMPRESSED   0x00000004   Data   RW        10958    .data               gos_x_heap.o
    0x20028d40   COMPRESSED   0x00000015   Data   RW        11283    .data               gtimer.o
    0x20028d55   COMPRESSED   0x00000003   PAD
    0x20028d58   COMPRESSED   0x00000008   Data   RW        11729    .data               gwin.o
    0x20028d60   COMPRESSED   0x00000004   Data   RW        12603    .data               gwin_widget.o
    0x20028d64   COMPRESSED   0x00000015   Data   RW        12773    .data               gwin_wm.o
    0x20028d79   COMPRESSED   0x00000003   PAD
    0x20028d7c   COMPRESSED   0x00000004   Data   RW        12996    .data               c_w.l(stdio_streams.o)
    0x20028d80   COMPRESSED   0x00000004   Data   RW        12997    .data               c_w.l(stdio_streams.o)
    0x20028d84   COMPRESSED   0x00000004   Data   RW        12998    .data               c_w.l(stdio_streams.o)
    0x20028d88   COMPRESSED   0x00000004   Data   RW        13134    .data               c_w.l(streamlock.o)
    0x20028d8c   COMPRESSED   0x000000a4   Data   RW         2239    .data.os            rtx_kernel.o
    0x20028e30        -       0x00000028   Zero   RW           10    .bss                main.o
    0x20028e58        -       0x00000030   Zero   RW          374    .bss                lcd.o
    0x20028e88        -       0x00000100   Zero   RW          626    .bss                phy_receiver.o
    0x20028f88        -       0x00000010   Zero   RW          904    .bss                mac.o
    0x20028f98        -       0x00000040   Zero   RW         1054    .bss                resources_manager.o
    0x20028fd8        -       0x0000001c   Zero   RW         3846    .bss                i2c_stm32f7xx.o
    0x20028ff4        -       0x000000f4   Zero   RW         4024    .bss                sai_stm32f7xx.o
    0x200290e8        -       0x00000064   Zero   RW         6487    .bss                ext_keyboard.o
    0x2002914c        -       0x00000080   Zero   RW         6589    .bss                ext_uart.o
    0x200291cc        -       0x00000060   Zero   RW         6640    .bss                stm32f746g_discovery_sdram.o
    0x2002922c        -       0x00000100   Zero   RW         6896    .bss                stm32f7_i2c.o
    0x2002932c        -       0x00000200   Zero   RW         9219    .bss                gevent.o
    0x2002952c        -       0x00000060   Zero   RW         9489    .bss                gfile.o
    0x2002958c        -       0x0000001c   Zero   RW        10361    .bss                ginput_mouse.o
    0x200295a8        -       0x0000ea60   Zero   RW        10957    .bss                gos_x_heap.o
    0x20038008        -       0x00000030   Zero   RW        12601    .bss                gwin_widget.o
    0x20038038        -       0x0000001c   Zero   RW        12771    .bss                gwin_wm.o
    0x20038054        -       0x00000054   Zero   RW        12993    .bss                c_w.l(stdio_streams.o)
    0x200380a8        -       0x00000054   Zero   RW        12994    .bss                c_w.l(stdio_streams.o)
    0x200380fc        -       0x00000054   Zero   RW        12995    .bss                c_w.l(stdio_streams.o)
    0x20038150        -       0x0000002c   Zero   RW        13016    .bss                c_w.l(localtime.o)
    0x2003817c        -       0x00000060   Zero   RW        13278    .bss                c_w.l(libspace.o)
    0x200381dc   COMPRESSED   0x00000024   PAD
    0x20038200        -       0x000040a4   Zero   RW         4202    .bss.noinit         eventrecorder.o
    0x2003c2a4   COMPRESSED   0x00000004   PAD
    0x2003c2a8        -       0x00000200   Zero   RW         6405    HEAP                startup_stm32f746xx.o
    0x2003c4a8        -       0x00000400   Zero   RW         6404    STACK               startup_stm32f746xx.o


==============================================================================

Image component sizes


      Code (inc. data)   RO Data    RW Data    ZI Data      Debug   Object Name

         0          0          0          0          0       9208   audio_746g_discovery.o
        96         24          0          0          0        567   chat_receiver.o
       412         64          0          0          0       2290   chat_sender.o
      1104        276          0          0          0       1843   debug.o
      1290         88         24          0      16548      21293   eventrecorder.o
       432         48          0          8        100       2094   ext_keyboard.o
       712         48        101          0          0       2996   ext_led.o
       208         28          0          0        128       2398   ext_uart.o
      6036         78          4          4          0      52020   gdisp.o
       166          6          0          4          0       5940   gdisp_fonts.o
       380          4          0         32          0      12904   gdisp_image.o
      2478          4          0          0          0      11548   gdisp_image_bmp.o
      2368        160        248          0          0      22325   gdisp_lld_stm32ltdc.o
       234         20          0          8          0       6371   gdriver.o
       654         60          0          4        512      11244   gevent.o
       562          8          0         16         96      10383   gfile.o
       218          4      28544          4          0       9752   gfile_fs_rom.o
        64          4          0          1          0       2546   gfx.o
         8          0          0          0          0      15934   ginput.o
      1574         36          0          0         28      10757   ginput_mouse.o
       352         32         60          0          0       8096   gmouse_lld_ft5336.o
         0          0          0          0          0       1780   gos_arduino.o
       148         10          0          0          0       4457   gos_cmsis2.o
       272         18          0          4      60000       3934   gos_x_heap.o
       152          0          0          0          0       8334   gqueue.o
       690         64          0         21          0       7698   gtimer.o
      6376       1086         56        224          0      23727   gui.o
       318         42          0          8          0      34997   gwin.o
       494         10         43          0          0       4556   gwin_button.o
       574         24         45          0          0       5921   gwin_checkbox.o
      1050         22         28          0          0       5975   gwin_console.o
       376         16         70          0          0       7159   gwin_container.o
       490         12         26          0          0       3748   gwin_image.o
       500         12         42          0          0       4644   gwin_label.o
       552         28         42          0          0       5923   gwin_radio.o
       964         48         56          4         48      15057   gwin_widget.o
      2576        118         40         21         28      21014   gwin_wm.o
      5172        204        204          0         28      29264   i2c_stm32f7xx.o
       196         12          1          0          0        664   irq_cm4f.o
      1796        320          0          0         48       3943   lcd.o
       160         30          0          8         16       2549   mac.o
       652         48          0          0          0       1610   mac_receiver.o
       712        116          0          0          0       3381   mac_sender.o
      1136        280        905        100         40     842448   main.o
         0          0          0          0          0       1348   mf_bwfont.o
       174          0          0          0          0       1961   mf_encoding.o
       104          4      15623          0          0       9891   mf_font.o
       734          0          0          0          0       8018   mf_justify.o
       430          8          0          0          0       5537   mf_kerning.o
       850          0          0          0          0       9863   mf_rlefont.o
       218          6          0          0          0       3705   mf_scaledfont.o
       848          0          0          0          0       7306   mf_wordwrap.o
       142         24          0          1          0       2668   os_systick.o
       536         90          0          3        256       2302   phy_receiver.o
       132         28          0          0          0       1609   phy_sender.o
       228        106          0          8         64       3369   resources_manager.o
       388         30         23          0          0       7142   retarget_io.o
        36          6          0          0          0       1061   rtx_config.o
       144         10          0          0          0      13458   rtx_delay.o
      1566         36          0          0          0      17823   rtx_evflags.o
      1784        360          0          0          0      63760   rtx_evr.o
      1370         82         11        164          0      30731   rtx_kernel.o
       214         12        260     101233          0      13171   rtx_lib.o
       478          0          0          0          0       4395   rtx_memory.o
      1630         30          0          0          0      16876   rtx_mempool.o
      2314         34          0          0          0      24448   rtx_msgqueue.o
      1050         34          0          0          0      12544   rtx_mutex.o
      1060         30          0          0          0      14323   rtx_semaphore.o
       796         42          0          0          0      10229   rtx_system.o
      2760        142          0          0          0      32034   rtx_thread.o
       260         30          0          0          0       3531   rtx_timer.o
      6100        178        248          0        244      66551   sai_stm32f7xx.o
        64         26        456          0       1536        868   startup_stm32f746xx.o
      5430         92          0          0         96      51868   stm32f746g_discovery_sdram.o
       472         40          0          5        256       6415   stm32f7_i2c.o
       116         16          0          9          0       7834   stm32f7xx_hal.o
       368         26          0          0          0      41445   stm32f7xx_hal_cortex.o
      1556         16          8          0          0       8635   stm32f7xx_hal_dma.o
       976        104          0          0          0       5152   stm32f7xx_hal_gpio.o
       144          8          0          0          0       1492   stm32f7xx_hal_pwr_ex.o
      1940         76          0          0          0       6208   stm32f7xx_hal_rcc.o
      2640         46          0          0          0       4316   stm32f7xx_hal_rcc_ex.o
      2438          0          0          0          0       9321   stm32f7xx_hal_spi.o
      2492         86          0          0          0      11782   stm32f7xx_hal_uart.o
       100         18         24          4          0       1383   system_stm32f7xx.o
        96         24          0          0          0        567   time_receiver.o
       212         48          0          0          0       8544   time_sender.o
       388         60          0          0          0       2783   touch.o

    ----------------------------------------------------------------------
     90580       5520      47244     101920      80076    1823559   Object Totals
         0          0         32          0          0          0   (incl. Generated)
        98          0         20         22          4          0   (incl. Padding)

    ----------------------------------------------------------------------

      Code (inc. data)   RO Data    RW Data    ZI Data      Debug   Library Member Name

        90          0          0          0          0          0   __dczerorl2.o
         8          0          0          0          0         68   __main.o
       312          4         17          0          0         92   __printf_flags_wp.o
        14          0          0          0          0         68   __printf_wp.o
         0          0          0          0          0          0   __rtentry.o
        20          0          0          0          0          0   __rtentry2.o
         6          0          0          0          0          0   __rtentry4.o
        52          8          0          0          0          0   __scatter.o
        28          0          0          0          0          0   __scatter_zi.o
         0          0         12          0          0          0   _monlen.o
        44          0          0          0          0        108   _printf_char.o
        48          6          0          0          0         96   _printf_char_common.o
        64          6          0          0          0         84   _printf_char_file_locked.o
         6          0          0          0          0          0   _printf_d.o
       120         16          0          0          0         92   _printf_dec.o
       178          0          0          0          0         88   _printf_intcommon.o
        78          0          0          0          0        108   _printf_pad.o
         0          0          0          0          0          0   _printf_percent.o
         4          0          0          0          0          0   _printf_percent_end.o
         6          0          0          0          0          0   _printf_s.o
        82          0          0          0          0         80   _printf_str.o
        10          0          0          0          0         68   _sputc.o
        10          0          0          0          0         68   defsig_exit.o
        50          0          0          0          0         88   defsig_general.o
        80         58          0          0          0         76   defsig_rtmem_inner.o
        14          0          0          0          0         80   defsig_rtmem_outer.o
        52         38          0          0          0         76   defsig_rtred_inner.o
        14          0          0          0          0         80   defsig_rtred_outer.o
        18          0          0          0          0         80   exit.o
        76          0          0          0          0         88   fclose.o
       470          0          0          0          0         88   flsbuf.o
       324          8          0          0          0        152   fopen_locked.o
        26          0          0          0          0         68   fputc.o
        36          0          0          0          0         80   fputc_locked.o
       248          6          0          0          0         84   fseek.o
        66          0          0          0          0         76   ftell.o
       158          0          0          0          0        128   h1_alloc_mt.o
        62          0          0          0          0         80   h1_extend_mt.o
        10          0          0          0          0         76   h1_final_mt.o
       118          0          0          0          0        108   h1_free_mt.o
        18          0          0          0          0         84   h1_init_mt.o
         6          0          0          0          0        152   heapauxi.o
         4          0          0          0          0        136   hguard.o
         0          0          0          0          0          0   indicate_semi.o
       138          0          0          0          0        168   init_alloc.o
       456         48          0          0          0        116   initio_locked.o
         2          0          0          0          0          0   libinit.o
        18          0          0          0          0          0   libinit2.o
         2          0          0          0          0          0   libshutdown.o
        10          0          0          0          0          0   libshutdown2.o
         8          4          0          0         96         68   libspace.o
       238          0          0          0          0        100   lludivv7m.o
        12          6          0          0         44         68   localtime.o
       184          6          0          0          0         80   localtime_internal.o
         0          0          0          0          0          0   maybetermalloc2.o
       428         10          0          0          0        116   mktime.o
        24          4          0          0          0         84   noretval__2printf.o
        40          6          0          0          0         84   noretval__2sprintf.o
         4          0          0          0          0         68   putc.o
         4          0          0          0          0         68   rt_errno_addr_twolibspace.o
        10          0          0          0          0         76   rt_heap_descriptor_twolibspace.o
        68          0          0          0          0         68   rt_memclr.o
        78          0          0          0          0         80   rt_memclr_w.o
       138          0          0          0          0         68   rt_memcpy_v6.o
       100          0          0          0          0         80   rt_memcpy_w.o
         2          0          0          0          0          0   rtexit.o
        10          0          0          0          0          0   rtexit2.o
       104          0          0          0          0         88   setvbuf_locked.o
       240          6          0          0          0        156   stdio.o
         0          0          0         12        252          0   stdio_streams.o
        24          0          0          0          0         68   strcat.o
       104          0          0          0          0         68   strcmpv7m_pel.o
        72          0          0          0          0         80   strcpy.o
         0          0          0          4          0          0   streamlock.o
        62          0          0          0          0         76   strlen.o
        12          4          0          0          0         68   sys_exit.o
        74          0          0          0          0         80   sys_stackheap_outer.o
        14          0          0          0          0         76   sys_wrch.o
        16          0          0          0          0         80   term_alloc.o
         2          0          0          0          0         68   use_no_semi.o
        10          0          0          0          0        116   fpinit.o

    ----------------------------------------------------------------------
      5756        244         32         16        428       5316   Library Totals
        18          0          3          0         36          0   (incl. Padding)

    ----------------------------------------------------------------------

      Code (inc. data)   RO Data    RW Data    ZI Data      Debug   Library Name

      5728        244         29         16        392       5200   c_w.l
        10          0          0          0          0        116   fz_wm.l

    ----------------------------------------------------------------------
      5756        244         32         16        428       5316   Library Totals

    ----------------------------------------------------------------------

==============================================================================


      Code (inc. data)   RO Data    RW Data    ZI Data      Debug   

     96336       5764      47276     101936      80504    1757363   Grand Totals
     96336       5764      47276        876      80504    1757363   ELF Image Totals (compressed)
     96336       5764      47276        876          0          0   ROM Totals

==============================================================================

    Total RO  Size (Code + RO Data)               143612 ( 140.25kB)
    Total RW  Size (RW Data + ZI Data)            182440 ( 178.16kB)
    Total ROM Size (Code + RO Data + RW Data)     144488 ( 141.10kB)

==============================================================================

